-- Logs begin at Sun 2022-12-18 21:31:31 GMT, end at Fri 2023-02-10 09:21:43 GMT. --
Feb 09 16:52:04 MSI-X299-SLI-PLUS-7A93 kernel: microcode: microcode updated early to revision 0x2006e05, date = 2022-03-08
Feb 09 16:52:04 MSI-X299-SLI-PLUS-7A93 kernel: Linux version 5.15.0-60-generic (buildd@lcy02-amd64-017) (gcc (Ubuntu 9.4.0-1ubuntu1~20.04.1) 9.4.0, GNU ld (GNU Binutils for Ubuntu) 2.34) #66~20.04.1-Ubuntu SMP Wed Jan 25 09:41:30 UTC 2023 (Ubuntu 5.15.0-60.66~20.04.1-generic 5.15.78)
Feb 09 16:52:04 MSI-X299-SLI-PLUS-7A93 kernel: Command line: BOOT_IMAGE=/boot/vmlinuz-5.15.0-60-generic root=UUID=e5fbfc2f-b5d3-412b-97bb-1061c9616087 ro quiet splash crashkernel=512M-:192M vt.handoff=7
Feb 09 16:52:04 MSI-X299-SLI-PLUS-7A93 kernel: KERNEL supported cpus:
Feb 09 16:52:04 MSI-X299-SLI-PLUS-7A93 kernel:   Intel GenuineIntel
Feb 09 16:52:04 MSI-X299-SLI-PLUS-7A93 kernel:   AMD AuthenticAMD
Feb 09 16:52:04 MSI-X299-SLI-PLUS-7A93 kernel:   Hygon HygonGenuine
Feb 09 16:52:04 MSI-X299-SLI-PLUS-7A93 kernel:   Centaur CentaurHauls
Feb 09 16:52:04 MSI-X299-SLI-PLUS-7A93 kernel:   zhaoxin   Shanghai  
Feb 09 16:52:04 MSI-X299-SLI-PLUS-7A93 kernel: x86/fpu: Supporting XSAVE feature 0x001: 'x87 floating point registers'
Feb 09 16:52:04 MSI-X299-SLI-PLUS-7A93 kernel: x86/fpu: Supporting XSAVE feature 0x002: 'SSE registers'
Feb 09 16:52:04 MSI-X299-SLI-PLUS-7A93 kernel: x86/fpu: Supporting XSAVE feature 0x004: 'AVX registers'
Feb 09 16:52:04 MSI-X299-SLI-PLUS-7A93 kernel: x86/fpu: Supporting XSAVE feature 0x008: 'MPX bounds registers'
Feb 09 16:52:04 MSI-X299-SLI-PLUS-7A93 kernel: x86/fpu: Supporting XSAVE feature 0x010: 'MPX CSR'
Feb 09 16:52:04 MSI-X299-SLI-PLUS-7A93 kernel: x86/fpu: Supporting XSAVE feature 0x020: 'AVX-512 opmask'
Feb 09 16:52:04 MSI-X299-SLI-PLUS-7A93 kernel: x86/fpu: Supporting XSAVE feature 0x040: 'AVX-512 Hi256'
Feb 09 16:52:04 MSI-X299-SLI-PLUS-7A93 kernel: x86/fpu: Supporting XSAVE feature 0x080: 'AVX-512 ZMM_Hi256'
Feb 09 16:52:04 MSI-X299-SLI-PLUS-7A93 kernel: x86/fpu: xstate_offset[2]:  576, xstate_sizes[2]:  256
Feb 09 16:52:04 MSI-X299-SLI-PLUS-7A93 kernel: x86/fpu: xstate_offset[3]:  832, xstate_sizes[3]:   64
Feb 09 16:52:04 MSI-X299-SLI-PLUS-7A93 kernel: x86/fpu: xstate_offset[4]:  896, xstate_sizes[4]:   64
Feb 09 16:52:04 MSI-X299-SLI-PLUS-7A93 kernel: x86/fpu: xstate_offset[5]:  960, xstate_sizes[5]:   64
Feb 09 16:52:04 MSI-X299-SLI-PLUS-7A93 kernel: x86/fpu: xstate_offset[6]: 1024, xstate_sizes[6]:  512
Feb 09 16:52:04 MSI-X299-SLI-PLUS-7A93 kernel: x86/fpu: xstate_offset[7]: 1536, xstate_sizes[7]: 1024
Feb 09 16:52:04 MSI-X299-SLI-PLUS-7A93 kernel: x86/fpu: Enabled xstate features 0xff, context size is 2560 bytes, using 'compacted' format.
Feb 09 16:52:04 MSI-X299-SLI-PLUS-7A93 kernel: signal: max sigframe size: 3632
Feb 09 16:52:04 MSI-X299-SLI-PLUS-7A93 kernel: BIOS-provided physical RAM map:
Feb 09 16:52:04 MSI-X299-SLI-PLUS-7A93 kernel: BIOS-e820: [mem 0x0000000000000000-0x000000000009ffff] usable
Feb 09 16:52:04 MSI-X299-SLI-PLUS-7A93 kernel: BIOS-e820: [mem 0x00000000000a0000-0x00000000000fffff] reserved
Feb 09 16:52:04 MSI-X299-SLI-PLUS-7A93 kernel: BIOS-e820: [mem 0x0000000000100000-0x000000003a438fff] usable
Feb 09 16:52:04 MSI-X299-SLI-PLUS-7A93 kernel: BIOS-e820: [mem 0x000000003a439000-0x000000003bc38fff] reserved
Feb 09 16:52:04 MSI-X299-SLI-PLUS-7A93 kernel: BIOS-e820: [mem 0x000000003bc39000-0x000000003da39fff] usable
Feb 09 16:52:04 MSI-X299-SLI-PLUS-7A93 kernel: BIOS-e820: [mem 0x000000003da3a000-0x000000003e878fff] ACPI NVS
Feb 09 16:52:04 MSI-X299-SLI-PLUS-7A93 kernel: BIOS-e820: [mem 0x000000003e879000-0x00000000403a8fff] reserved
Feb 09 16:52:04 MSI-X299-SLI-PLUS-7A93 kernel: BIOS-e820: [mem 0x00000000403a9000-0x000000004fffffff] usable
Feb 09 16:52:04 MSI-X299-SLI-PLUS-7A93 kernel: BIOS-e820: [mem 0x0000000050000000-0x000000006fffffff] reserved
Feb 09 16:52:04 MSI-X299-SLI-PLUS-7A93 kernel: BIOS-e820: [mem 0x00000000fe000000-0x00000000fe010fff] reserved
Feb 09 16:52:04 MSI-X299-SLI-PLUS-7A93 kernel: BIOS-e820: [mem 0x00000000fec00000-0x00000000fec00fff] reserved
Feb 09 16:52:04 MSI-X299-SLI-PLUS-7A93 kernel: BIOS-e820: [mem 0x00000000fed00000-0x00000000fed00fff] reserved
Feb 09 16:52:04 MSI-X299-SLI-PLUS-7A93 kernel: BIOS-e820: [mem 0x00000000fee00000-0x00000000fee00fff] reserved
Feb 09 16:52:04 MSI-X299-SLI-PLUS-7A93 kernel: BIOS-e820: [mem 0x00000000ff000000-0x00000000ffffffff] reserved
Feb 09 16:52:04 MSI-X299-SLI-PLUS-7A93 kernel: BIOS-e820: [mem 0x0000000100000000-0x000000049fffffff] usable
Feb 09 16:52:04 MSI-X299-SLI-PLUS-7A93 kernel: NX (Execute Disable) protection: active
Feb 09 16:52:04 MSI-X299-SLI-PLUS-7A93 kernel: e820: update [mem 0x30b43018-0x30b52057] usable ==> usable
Feb 09 16:52:04 MSI-X299-SLI-PLUS-7A93 kernel: e820: update [mem 0x30b43018-0x30b52057] usable ==> usable
Feb 09 16:52:04 MSI-X299-SLI-PLUS-7A93 kernel: e820: update [mem 0x30b32018-0x30b42257] usable ==> usable
Feb 09 16:52:04 MSI-X299-SLI-PLUS-7A93 kernel: e820: update [mem 0x30b32018-0x30b42257] usable ==> usable
Feb 09 16:52:04 MSI-X299-SLI-PLUS-7A93 kernel: e820: update [mem 0x30b12018-0x30b31857] usable ==> usable
Feb 09 16:52:04 MSI-X299-SLI-PLUS-7A93 kernel: e820: update [mem 0x30b12018-0x30b31857] usable ==> usable
Feb 09 16:52:04 MSI-X299-SLI-PLUS-7A93 kernel: extended physical RAM map:
Feb 09 16:52:04 MSI-X299-SLI-PLUS-7A93 kernel: reserve setup_data: [mem 0x0000000000000000-0x000000000009ffff] usable
Feb 09 16:52:04 MSI-X299-SLI-PLUS-7A93 kernel: reserve setup_data: [mem 0x00000000000a0000-0x00000000000fffff] reserved
Feb 09 16:52:04 MSI-X299-SLI-PLUS-7A93 kernel: reserve setup_data: [mem 0x0000000000100000-0x0000000030b12017] usable
Feb 09 16:52:04 MSI-X299-SLI-PLUS-7A93 kernel: reserve setup_data: [mem 0x0000000030b12018-0x0000000030b31857] usable
Feb 09 16:52:04 MSI-X299-SLI-PLUS-7A93 kernel: reserve setup_data: [mem 0x0000000030b31858-0x0000000030b32017] usable
Feb 09 16:52:04 MSI-X299-SLI-PLUS-7A93 kernel: reserve setup_data: [mem 0x0000000030b32018-0x0000000030b42257] usable
Feb 09 16:52:04 MSI-X299-SLI-PLUS-7A93 kernel: reserve setup_data: [mem 0x0000000030b42258-0x0000000030b43017] usable
Feb 09 16:52:04 MSI-X299-SLI-PLUS-7A93 kernel: reserve setup_data: [mem 0x0000000030b43018-0x0000000030b52057] usable
Feb 09 16:52:04 MSI-X299-SLI-PLUS-7A93 kernel: reserve setup_data: [mem 0x0000000030b52058-0x000000003a438fff] usable
Feb 09 16:52:04 MSI-X299-SLI-PLUS-7A93 kernel: reserve setup_data: [mem 0x000000003a439000-0x000000003bc38fff] reserved
Feb 09 16:52:04 MSI-X299-SLI-PLUS-7A93 kernel: reserve setup_data: [mem 0x000000003bc39000-0x000000003da39fff] usable
Feb 09 16:52:04 MSI-X299-SLI-PLUS-7A93 kernel: reserve setup_data: [mem 0x000000003da3a000-0x000000003e878fff] ACPI NVS
Feb 09 16:52:04 MSI-X299-SLI-PLUS-7A93 kernel: reserve setup_data: [mem 0x000000003e879000-0x00000000403a8fff] reserved
Feb 09 16:52:04 MSI-X299-SLI-PLUS-7A93 kernel: reserve setup_data: [mem 0x00000000403a9000-0x000000004fffffff] usable
Feb 09 16:52:04 MSI-X299-SLI-PLUS-7A93 kernel: reserve setup_data: [mem 0x0000000050000000-0x000000006fffffff] reserved
Feb 09 16:52:04 MSI-X299-SLI-PLUS-7A93 kernel: reserve setup_data: [mem 0x00000000fe000000-0x00000000fe010fff] reserved
Feb 09 16:52:04 MSI-X299-SLI-PLUS-7A93 kernel: reserve setup_data: [mem 0x00000000fec00000-0x00000000fec00fff] reserved
Feb 09 16:52:04 MSI-X299-SLI-PLUS-7A93 kernel: reserve setup_data: [mem 0x00000000fed00000-0x00000000fed00fff] reserved
Feb 09 16:52:04 MSI-X299-SLI-PLUS-7A93 kernel: reserve setup_data: [mem 0x00000000fee00000-0x00000000fee00fff] reserved
Feb 09 16:52:04 MSI-X299-SLI-PLUS-7A93 kernel: reserve setup_data: [mem 0x00000000ff000000-0x00000000ffffffff] reserved
Feb 09 16:52:04 MSI-X299-SLI-PLUS-7A93 kernel: reserve setup_data: [mem 0x0000000100000000-0x000000049fffffff] usable
Feb 09 16:52:04 MSI-X299-SLI-PLUS-7A93 kernel: efi: EFI v2.60 by American Megatrends
Feb 09 16:52:04 MSI-X299-SLI-PLUS-7A93 kernel: efi: TPMFinalLog=0x3e848000 ACPI 2.0=0x3da3a000 ACPI=0x3da3a000 SMBIOS=0x40199000 ESRT=0x374bdd98 MEMATTR=0x33c40018 MOKvar=0x33c42000 TPMEventLog=0x30b54018 
Feb 09 16:52:04 MSI-X299-SLI-PLUS-7A93 kernel: secureboot: Secure boot disabled
Feb 09 16:52:04 MSI-X299-SLI-PLUS-7A93 kernel: SMBIOS 3.0 present.
Feb 09 16:52:04 MSI-X299-SLI-PLUS-7A93 kernel: DMI: Viglen MSI x299 SLI PLUS/X299 SLI PLUS (MS-7A93), BIOS 1.60 10/31/2017
Feb 09 16:52:04 MSI-X299-SLI-PLUS-7A93 kernel: tsc: Detected 3600.000 MHz processor
Feb 09 16:52:04 MSI-X299-SLI-PLUS-7A93 kernel: [Firmware Bug]: TSC ADJUST: CPU0: -116694932176370 force to 0
Feb 09 16:52:04 MSI-X299-SLI-PLUS-7A93 kernel: e820: update [mem 0x00000000-0x00000fff] usable ==> reserved
Feb 09 16:52:04 MSI-X299-SLI-PLUS-7A93 kernel: e820: remove [mem 0x000a0000-0x000fffff] usable
Feb 09 16:52:04 MSI-X299-SLI-PLUS-7A93 kernel: last_pfn = 0x4a0000 max_arch_pfn = 0x400000000
Feb 09 16:52:04 MSI-X299-SLI-PLUS-7A93 kernel: x86/PAT: Configuration [0-7]: WB  WC  UC- UC  WB  WP  UC- WT  
Feb 09 16:52:04 MSI-X299-SLI-PLUS-7A93 kernel: total RAM covered: 16368M
Feb 09 16:52:04 MSI-X299-SLI-PLUS-7A93 kernel: Found optimal setting for mtrr clean up
Feb 09 16:52:04 MSI-X299-SLI-PLUS-7A93 kernel:  gran_size: 64K         chunk_size: 32M         num_reg: 7          lose cover RAM: 0G
Feb 09 16:52:04 MSI-X299-SLI-PLUS-7A93 kernel: e820: update [mem 0x5f000000-0xffffffff] usable ==> reserved
Feb 09 16:52:04 MSI-X299-SLI-PLUS-7A93 kernel: last_pfn = 0x50000 max_arch_pfn = 0x400000000
Feb 09 16:52:04 MSI-X299-SLI-PLUS-7A93 kernel: found SMP MP-table at [mem 0x000fcf30-0x000fcf3f]
Feb 09 16:52:04 MSI-X299-SLI-PLUS-7A93 kernel: esrt: Reserving ESRT space from 0x00000000374bdd98 to 0x00000000374bddd0.
Feb 09 16:52:04 MSI-X299-SLI-PLUS-7A93 kernel: e820: update [mem 0x374bd000-0x374bdfff] usable ==> reserved
Feb 09 16:52:04 MSI-X299-SLI-PLUS-7A93 kernel: e820: update [mem 0x33c42000-0x33c42fff] usable ==> reserved
Feb 09 16:52:04 MSI-X299-SLI-PLUS-7A93 kernel: Using GB pages for direct mapping
Feb 09 16:52:04 MSI-X299-SLI-PLUS-7A93 kernel: secureboot: Secure boot disabled
Feb 09 16:52:04 MSI-X299-SLI-PLUS-7A93 kernel: RAMDISK: [mem 0x1b753000-0x1fa00fff]
Feb 09 16:52:04 MSI-X299-SLI-PLUS-7A93 kernel: ACPI: Early table checksum verification disabled
Feb 09 16:52:04 MSI-X299-SLI-PLUS-7A93 kernel: ACPI: RSDP 0x000000003DA3A000 000024 (v02 Viglen)
Feb 09 16:52:04 MSI-X299-SLI-PLUS-7A93 kernel: ACPI: XSDT 0x000000003DA3A0D8 000134 (v01 Viglen Computer 01072009 AMI  00010013)
Feb 09 16:52:04 MSI-X299-SLI-PLUS-7A93 kernel: ACPI: FACP 0x000000003DA584A0 000114 (v06 Viglen Computer 01072009 AMI  00010013)
Feb 09 16:52:04 MSI-X299-SLI-PLUS-7A93 kernel: ACPI: DSDT 0x000000003DA3A2A8 01E1F8 (v02 Viglen Computer 01072009 INTL 20160422)
Feb 09 16:52:04 MSI-X299-SLI-PLUS-7A93 kernel: ACPI: FACS 0x000000003E847080 000040
Feb 09 16:52:04 MSI-X299-SLI-PLUS-7A93 kernel: ACPI: FPDT 0x000000003DA585B8 000044 (v01 Viglen Computer 01072009 AMI  00010013)
Feb 09 16:52:04 MSI-X299-SLI-PLUS-7A93 kernel: ACPI: FIDT 0x000000003DA58600 00009C (v01 Viglen Computer 01072009 AMI  00010013)
Feb 09 16:52:04 MSI-X299-SLI-PLUS-7A93 kernel: ACPI: MSDM 0x000000003DA586A0 000055 (v03 Viglen Computer 01072009 AMI  00010013)
Feb 09 16:52:04 MSI-X299-SLI-PLUS-7A93 kernel: ACPI: SLIC 0x000000003DA586F8 000176 (v01 Viglen Computer 01072009 AMI  00010013)
Feb 09 16:52:04 MSI-X299-SLI-PLUS-7A93 kernel: ACPI: UEFI 0x000000003DA58870 000042 (v01 Viglen Computer 00000002      01000013)
Feb 09 16:52:04 MSI-X299-SLI-PLUS-7A93 kernel: ACPI: MCFG 0x000000003DA588B8 00003C (v01 Viglen Computer 01072009 MSFT 00000097)
Feb 09 16:52:04 MSI-X299-SLI-PLUS-7A93 kernel: ACPI: HPET 0x000000003DA588F8 000038 (v01 Viglen Computer 00000001 INTL 20091013)
Feb 09 16:52:04 MSI-X299-SLI-PLUS-7A93 kernel: ACPI: APIC 0x000000003DA58930 00071E (v03 Viglen Computer 00000000 INTL 20091013)
Feb 09 16:52:04 MSI-X299-SLI-PLUS-7A93 kernel: ACPI: MCFG 0x000000003DA59050 00003C (v01 Viglen Computer 00000001 INTL 20091013)
Feb 09 16:52:04 MSI-X299-SLI-PLUS-7A93 kernel: ACPI: MIGT 0x000000003DA59090 000040 (v01 Viglen Computer 00000000 INTL 20091013)
Feb 09 16:52:04 MSI-X299-SLI-PLUS-7A93 kernel: ACPI: MSCT 0x000000003DA590D0 00004E (v01 Viglen Computer 00000001 INTL 20091013)
Feb 09 16:52:04 MSI-X299-SLI-PLUS-7A93 kernel: ACPI: PCCT 0x000000003DA59120 00006E (v01 Viglen Computer 00000002 INTL 20091013)
Feb 09 16:52:04 MSI-X299-SLI-PLUS-7A93 kernel: ACPI: RASF 0x000000003DA59190 000030 (v01 Viglen Computer 00000001 INTL 20091013)
Feb 09 16:52:04 MSI-X299-SLI-PLUS-7A93 kernel: ACPI: SLIT 0x000000003DA591C0 00006C (v01 Viglen Computer 00000001 INTL 20091013)
Feb 09 16:52:04 MSI-X299-SLI-PLUS-7A93 kernel: ACPI: SRAT 0x000000003DA59230 000A30 (v03 Viglen Computer 00000002 INTL 20091013)
Feb 09 16:52:04 MSI-X299-SLI-PLUS-7A93 kernel: ACPI: SVOS 0x000000003DA59C60 000032 (v01 Viglen Computer 00000000 INTL 20091013)
Feb 09 16:52:04 MSI-X299-SLI-PLUS-7A93 kernel: ACPI: WDDT 0x000000003DA59C98 000040 (v01 Viglen Computer 00000000 INTL 20091013)
Feb 09 16:52:04 MSI-X299-SLI-PLUS-7A93 kernel: ACPI: OEM4 0x000000003DA59CD8 029A72 (v02 Viglen Computer 00003000 INTL 20160422)
Feb 09 16:52:04 MSI-X299-SLI-PLUS-7A93 kernel: ACPI: OEM1 0x000000003DA83750 00ABCB (v02 Viglen Computer 00003000 INTL 20160422)
Feb 09 16:52:04 MSI-X299-SLI-PLUS-7A93 kernel: ACPI: OEM2 0x000000003DA8E320 006688 (v02 Viglen Computer 00003000 INTL 20160422)
Feb 09 16:52:04 MSI-X299-SLI-PLUS-7A93 kernel: ACPI: SSDT 0x000000003DA949A8 00D427 (v02 Viglen Computer 00004000 INTL 20160422)
Feb 09 16:52:04 MSI-X299-SLI-PLUS-7A93 kernel: ACPI: NITR 0x000000003DAA1DD0 000071 (v02 Viglen Computer 00000001 INTL 20091013)
Feb 09 16:52:04 MSI-X299-SLI-PLUS-7A93 kernel: ACPI: SSDT 0x000000003DAA1E48 000F85 (v02 Viglen Computer 00000000 INTL 20091013)
Feb 09 16:52:04 MSI-X299-SLI-PLUS-7A93 kernel: ACPI: LPIT 0x000000003DAA2DD0 000094 (v01 Viglen Computer 00000000 MSFT 0000005F)
Feb 09 16:52:04 MSI-X299-SLI-PLUS-7A93 kernel: ACPI: WSMT 0x000000003DAA2E68 000028 (v01 Viglen Computer 00000000 MSFT 0000005F)
Feb 09 16:52:04 MSI-X299-SLI-PLUS-7A93 kernel: ACPI: WDAT 0x000000003DAA2E90 000134 (v01 Viglen Computer 00000000 MSFT 0000005F)
Feb 09 16:52:04 MSI-X299-SLI-PLUS-7A93 kernel: ACPI: SSDT 0x000000003DAA2FC8 00029F (v02 Viglen Computer 00000000 INTL 20160422)
Feb 09 16:52:04 MSI-X299-SLI-PLUS-7A93 kernel: ACPI: SSDT 0x000000003DAA3268 003002 (v02 Viglen Computer 00001000 INTL 20160422)
Feb 09 16:52:04 MSI-X299-SLI-PLUS-7A93 kernel: ACPI: DBGP 0x000000003DAA6270 000034 (v01 Viglen Computer 00000002 MSFT 0000005F)
Feb 09 16:52:04 MSI-X299-SLI-PLUS-7A93 kernel: ACPI: DBG2 0x000000003DAA62A8 000054 (v00 Viglen Computer 00000002 MSFT 0000005F)
Feb 09 16:52:04 MSI-X299-SLI-PLUS-7A93 kernel: ACPI: TPM2 0x000000003DAA6300 000034 (v03 Viglen Computer 00000001 AMI  00000000)
Feb 09 16:52:04 MSI-X299-SLI-PLUS-7A93 kernel: ACPI: BGRT 0x000000003DAA6338 000038 (v01 Viglen Computer 01072009 AMI  00010013)
Feb 09 16:52:04 MSI-X299-SLI-PLUS-7A93 kernel: ACPI: WSMT 0x000000003DAA6370 000028 (v01 Viglen Computer 01072009 AMI  00010013)
Feb 09 16:52:04 MSI-X299-SLI-PLUS-7A93 kernel: ACPI: Reserving FACP table memory at [mem 0x3da584a0-0x3da585b3]
Feb 09 16:52:04 MSI-X299-SLI-PLUS-7A93 kernel: ACPI: Reserving DSDT table memory at [mem 0x3da3a2a8-0x3da5849f]
Feb 09 16:52:04 MSI-X299-SLI-PLUS-7A93 kernel: ACPI: Reserving FACS table memory at [mem 0x3e847080-0x3e8470bf]
Feb 09 16:52:04 MSI-X299-SLI-PLUS-7A93 kernel: ACPI: Reserving FPDT table memory at [mem 0x3da585b8-0x3da585fb]
Feb 09 16:52:04 MSI-X299-SLI-PLUS-7A93 kernel: ACPI: Reserving FIDT table memory at [mem 0x3da58600-0x3da5869b]
Feb 09 16:52:04 MSI-X299-SLI-PLUS-7A93 kernel: ACPI: Reserving MSDM table memory at [mem 0x3da586a0-0x3da586f4]
Feb 09 16:52:04 MSI-X299-SLI-PLUS-7A93 kernel: ACPI: Reserving SLIC table memory at [mem 0x3da586f8-0x3da5886d]
Feb 09 16:52:04 MSI-X299-SLI-PLUS-7A93 kernel: ACPI: Reserving UEFI table memory at [mem 0x3da58870-0x3da588b1]
Feb 09 16:52:04 MSI-X299-SLI-PLUS-7A93 kernel: ACPI: Reserving MCFG table memory at [mem 0x3da588b8-0x3da588f3]
Feb 09 16:52:04 MSI-X299-SLI-PLUS-7A93 kernel: ACPI: Reserving HPET table memory at [mem 0x3da588f8-0x3da5892f]
Feb 09 16:52:04 MSI-X299-SLI-PLUS-7A93 kernel: ACPI: Reserving APIC table memory at [mem 0x3da58930-0x3da5904d]
Feb 09 16:52:04 MSI-X299-SLI-PLUS-7A93 kernel: ACPI: Reserving MCFG table memory at [mem 0x3da59050-0x3da5908b]
Feb 09 16:52:04 MSI-X299-SLI-PLUS-7A93 kernel: ACPI: Reserving MIGT table memory at [mem 0x3da59090-0x3da590cf]
Feb 09 16:52:04 MSI-X299-SLI-PLUS-7A93 kernel: ACPI: Reserving MSCT table memory at [mem 0x3da590d0-0x3da5911d]
Feb 09 16:52:04 MSI-X299-SLI-PLUS-7A93 kernel: ACPI: Reserving PCCT table memory at [mem 0x3da59120-0x3da5918d]
Feb 09 16:52:04 MSI-X299-SLI-PLUS-7A93 kernel: ACPI: Reserving RASF table memory at [mem 0x3da59190-0x3da591bf]
Feb 09 16:52:04 MSI-X299-SLI-PLUS-7A93 kernel: ACPI: Reserving SLIT table memory at [mem 0x3da591c0-0x3da5922b]
Feb 09 16:52:04 MSI-X299-SLI-PLUS-7A93 kernel: ACPI: Reserving SRAT table memory at [mem 0x3da59230-0x3da59c5f]
Feb 09 16:52:04 MSI-X299-SLI-PLUS-7A93 kernel: ACPI: Reserving SVOS table memory at [mem 0x3da59c60-0x3da59c91]
Feb 09 16:52:04 MSI-X299-SLI-PLUS-7A93 kernel: ACPI: Reserving WDDT table memory at [mem 0x3da59c98-0x3da59cd7]
Feb 09 16:52:04 MSI-X299-SLI-PLUS-7A93 kernel: ACPI: Reserving OEM4 table memory at [mem 0x3da59cd8-0x3da83749]
Feb 09 16:52:04 MSI-X299-SLI-PLUS-7A93 kernel: ACPI: Reserving OEM1 table memory at [mem 0x3da83750-0x3da8e31a]
Feb 09 16:52:04 MSI-X299-SLI-PLUS-7A93 kernel: ACPI: Reserving OEM2 table memory at [mem 0x3da8e320-0x3da949a7]
Feb 09 16:52:04 MSI-X299-SLI-PLUS-7A93 kernel: ACPI: Reserving SSDT table memory at [mem 0x3da949a8-0x3daa1dce]
Feb 09 16:52:04 MSI-X299-SLI-PLUS-7A93 kernel: ACPI: Reserving NITR table memory at [mem 0x3daa1dd0-0x3daa1e40]
Feb 09 16:52:04 MSI-X299-SLI-PLUS-7A93 kernel: ACPI: Reserving SSDT table memory at [mem 0x3daa1e48-0x3daa2dcc]
Feb 09 16:52:04 MSI-X299-SLI-PLUS-7A93 kernel: ACPI: Reserving LPIT table memory at [mem 0x3daa2dd0-0x3daa2e63]
Feb 09 16:52:04 MSI-X299-SLI-PLUS-7A93 kernel: ACPI: Reserving WSMT table memory at [mem 0x3daa2e68-0x3daa2e8f]
Feb 09 16:52:04 MSI-X299-SLI-PLUS-7A93 kernel: ACPI: Reserving WDAT table memory at [mem 0x3daa2e90-0x3daa2fc3]
Feb 09 16:52:04 MSI-X299-SLI-PLUS-7A93 kernel: ACPI: Reserving SSDT table memory at [mem 0x3daa2fc8-0x3daa3266]
Feb 09 16:52:04 MSI-X299-SLI-PLUS-7A93 kernel: ACPI: Reserving SSDT table memory at [mem 0x3daa3268-0x3daa6269]
Feb 09 16:52:04 MSI-X299-SLI-PLUS-7A93 kernel: ACPI: Reserving DBGP table memory at [mem 0x3daa6270-0x3daa62a3]
Feb 09 16:52:04 MSI-X299-SLI-PLUS-7A93 kernel: ACPI: Reserving DBG2 table memory at [mem 0x3daa62a8-0x3daa62fb]
Feb 09 16:52:04 MSI-X299-SLI-PLUS-7A93 kernel: ACPI: Reserving TPM2 table memory at [mem 0x3daa6300-0x3daa6333]
Feb 09 16:52:04 MSI-X299-SLI-PLUS-7A93 kernel: ACPI: Reserving BGRT table memory at [mem 0x3daa6338-0x3daa636f]
Feb 09 16:52:04 MSI-X299-SLI-PLUS-7A93 kernel: ACPI: Reserving WSMT table memory at [mem 0x3daa6370-0x3daa6397]
Feb 09 16:52:04 MSI-X299-SLI-PLUS-7A93 kernel: SRAT: PXM 0 -> APIC 0x00 -> Node 0
Feb 09 16:52:04 MSI-X299-SLI-PLUS-7A93 kernel: SRAT: PXM 0 -> APIC 0x02 -> Node 0
Feb 09 16:52:04 MSI-X299-SLI-PLUS-7A93 kernel: SRAT: PXM 0 -> APIC 0x04 -> Node 0
Feb 09 16:52:04 MSI-X299-SLI-PLUS-7A93 kernel: SRAT: PXM 0 -> APIC 0x06 -> Node 0
Feb 09 16:52:04 MSI-X299-SLI-PLUS-7A93 kernel: SRAT: PXM 0 -> APIC 0x08 -> Node 0
Feb 09 16:52:04 MSI-X299-SLI-PLUS-7A93 kernel: SRAT: PXM 0 -> APIC 0x0a -> Node 0
Feb 09 16:52:04 MSI-X299-SLI-PLUS-7A93 kernel: SRAT: PXM 0 -> APIC 0x0c -> Node 0
Feb 09 16:52:04 MSI-X299-SLI-PLUS-7A93 kernel: SRAT: PXM 0 -> APIC 0x0e -> Node 0
Feb 09 16:52:04 MSI-X299-SLI-PLUS-7A93 kernel: SRAT: PXM 0 -> APIC 0x01 -> Node 0
Feb 09 16:52:04 MSI-X299-SLI-PLUS-7A93 kernel: SRAT: PXM 0 -> APIC 0x03 -> Node 0
Feb 09 16:52:04 MSI-X299-SLI-PLUS-7A93 kernel: SRAT: PXM 0 -> APIC 0x05 -> Node 0
Feb 09 16:52:04 MSI-X299-SLI-PLUS-7A93 kernel: SRAT: PXM 0 -> APIC 0x07 -> Node 0
Feb 09 16:52:04 MSI-X299-SLI-PLUS-7A93 kernel: SRAT: PXM 0 -> APIC 0x09 -> Node 0
Feb 09 16:52:04 MSI-X299-SLI-PLUS-7A93 kernel: SRAT: PXM 0 -> APIC 0x0b -> Node 0
Feb 09 16:52:04 MSI-X299-SLI-PLUS-7A93 kernel: SRAT: PXM 0 -> APIC 0x0d -> Node 0
Feb 09 16:52:04 MSI-X299-SLI-PLUS-7A93 kernel: SRAT: PXM 0 -> APIC 0x0f -> Node 0
Feb 09 16:52:04 MSI-X299-SLI-PLUS-7A93 kernel: ACPI: SRAT: Node 0 PXM 0 [mem 0x00000000-0xffffffff]
Feb 09 16:52:04 MSI-X299-SLI-PLUS-7A93 kernel: ACPI: SRAT: Node 0 PXM 0 [mem 0x100000000-0x49fffffff]
Feb 09 16:52:04 MSI-X299-SLI-PLUS-7A93 kernel: NUMA: Initialized distance table, cnt=1
Feb 09 16:52:04 MSI-X299-SLI-PLUS-7A93 kernel: NUMA: Node 0 [mem 0x00000000-0xffffffff] + [mem 0x100000000-0x49fffffff] -> [mem 0x00000000-0x49fffffff]
Feb 09 16:52:04 MSI-X299-SLI-PLUS-7A93 kernel: NODE_DATA(0) allocated [mem 0x49ffd5000-0x49fffefff]
Feb 09 16:52:04 MSI-X299-SLI-PLUS-7A93 kernel: Reserving 192MB of memory at 1088MB for crashkernel (System RAM: 16062MB)
Feb 09 16:52:04 MSI-X299-SLI-PLUS-7A93 kernel: Zone ranges:
Feb 09 16:52:04 MSI-X299-SLI-PLUS-7A93 kernel:   DMA      [mem 0x0000000000001000-0x0000000000ffffff]
Feb 09 16:52:04 MSI-X299-SLI-PLUS-7A93 kernel:   DMA32    [mem 0x0000000001000000-0x00000000ffffffff]
Feb 09 16:52:04 MSI-X299-SLI-PLUS-7A93 kernel:   Normal   [mem 0x0000000100000000-0x000000049fffffff]
Feb 09 16:52:04 MSI-X299-SLI-PLUS-7A93 kernel:   Device   empty
Feb 09 16:52:04 MSI-X299-SLI-PLUS-7A93 kernel: Movable zone start for each node
Feb 09 16:52:04 MSI-X299-SLI-PLUS-7A93 kernel: Early memory node ranges
Feb 09 16:52:04 MSI-X299-SLI-PLUS-7A93 kernel:   node   0: [mem 0x0000000000001000-0x000000000009ffff]
Feb 09 16:52:04 MSI-X299-SLI-PLUS-7A93 kernel:   node   0: [mem 0x0000000000100000-0x000000003a438fff]
Feb 09 16:52:04 MSI-X299-SLI-PLUS-7A93 kernel:   node   0: [mem 0x000000003bc39000-0x000000003da39fff]
Feb 09 16:52:04 MSI-X299-SLI-PLUS-7A93 kernel:   node   0: [mem 0x00000000403a9000-0x000000004fffffff]
Feb 09 16:52:04 MSI-X299-SLI-PLUS-7A93 kernel:   node   0: [mem 0x0000000100000000-0x000000049fffffff]
Feb 09 16:52:04 MSI-X299-SLI-PLUS-7A93 kernel: Initmem setup node 0 [mem 0x0000000000001000-0x000000049fffffff]
Feb 09 16:52:04 MSI-X299-SLI-PLUS-7A93 kernel: On node 0, zone DMA: 1 pages in unavailable ranges
Feb 09 16:52:04 MSI-X299-SLI-PLUS-7A93 kernel: On node 0, zone DMA: 96 pages in unavailable ranges
Feb 09 16:52:04 MSI-X299-SLI-PLUS-7A93 kernel: On node 0, zone DMA32: 6144 pages in unavailable ranges
Feb 09 16:52:04 MSI-X299-SLI-PLUS-7A93 kernel: On node 0, zone DMA32: 10607 pages in unavailable ranges
Feb 09 16:52:04 MSI-X299-SLI-PLUS-7A93 kernel: ACPI: PM-Timer IO Port: 0x1808
Feb 09 16:52:04 MSI-X299-SLI-PLUS-7A93 kernel: ACPI: X2APIC_NMI (uid[0xffffffff] high level lint[0x1])
Feb 09 16:52:04 MSI-X299-SLI-PLUS-7A93 kernel: ACPI: LAPIC_NMI (acpi_id[0xff] high level lint[0x1])
Feb 09 16:52:04 MSI-X299-SLI-PLUS-7A93 kernel: IOAPIC[0]: apic_id 8, version 32, address 0xfec00000, GSI 0-23
Feb 09 16:52:04 MSI-X299-SLI-PLUS-7A93 kernel: IOAPIC[1]: apic_id 9, version 32, address 0xfec01000, GSI 24-31
Feb 09 16:52:04 MSI-X299-SLI-PLUS-7A93 kernel: IOAPIC[2]: apic_id 10, version 32, address 0xfec08000, GSI 32-39
Feb 09 16:52:04 MSI-X299-SLI-PLUS-7A93 kernel: IOAPIC[3]: apic_id 11, version 32, address 0xfec10000, GSI 40-47
Feb 09 16:52:04 MSI-X299-SLI-PLUS-7A93 kernel: IOAPIC[4]: apic_id 12, version 32, address 0xfec18000, GSI 48-55
Feb 09 16:52:04 MSI-X299-SLI-PLUS-7A93 kernel: ACPI: INT_SRC_OVR (bus 0 bus_irq 0 global_irq 2 dfl dfl)
Feb 09 16:52:04 MSI-X299-SLI-PLUS-7A93 kernel: ACPI: INT_SRC_OVR (bus 0 bus_irq 9 global_irq 9 high level)
Feb 09 16:52:04 MSI-X299-SLI-PLUS-7A93 kernel: ACPI: Using ACPI (MADT) for SMP configuration information
Feb 09 16:52:04 MSI-X299-SLI-PLUS-7A93 kernel: ACPI: HPET id: 0x8086a701 base: 0xfed00000
Feb 09 16:52:04 MSI-X299-SLI-PLUS-7A93 kernel: e820: update [mem 0x33733000-0x33973fff] usable ==> reserved
Feb 09 16:52:04 MSI-X299-SLI-PLUS-7A93 kernel: TSC deadline timer available
Feb 09 16:52:04 MSI-X299-SLI-PLUS-7A93 kernel: smpboot: Allowing 16 CPUs, 0 hotplug CPUs
Feb 09 16:52:04 MSI-X299-SLI-PLUS-7A93 kernel: PM: hibernation: Registered nosave memory: [mem 0x00000000-0x00000fff]
Feb 09 16:52:04 MSI-X299-SLI-PLUS-7A93 kernel: PM: hibernation: Registered nosave memory: [mem 0x000a0000-0x000fffff]
Feb 09 16:52:04 MSI-X299-SLI-PLUS-7A93 kernel: PM: hibernation: Registered nosave memory: [mem 0x30b12000-0x30b12fff]
Feb 09 16:52:04 MSI-X299-SLI-PLUS-7A93 kernel: PM: hibernation: Registered nosave memory: [mem 0x30b31000-0x30b31fff]
Feb 09 16:52:04 MSI-X299-SLI-PLUS-7A93 kernel: PM: hibernation: Registered nosave memory: [mem 0x30b32000-0x30b32fff]
Feb 09 16:52:04 MSI-X299-SLI-PLUS-7A93 kernel: PM: hibernation: Registered nosave memory: [mem 0x30b42000-0x30b42fff]
Feb 09 16:52:04 MSI-X299-SLI-PLUS-7A93 kernel: PM: hibernation: Registered nosave memory: [mem 0x30b43000-0x30b43fff]
Feb 09 16:52:04 MSI-X299-SLI-PLUS-7A93 kernel: PM: hibernation: Registered nosave memory: [mem 0x30b52000-0x30b52fff]
Feb 09 16:52:04 MSI-X299-SLI-PLUS-7A93 kernel: PM: hibernation: Registered nosave memory: [mem 0x33733000-0x33973fff]
Feb 09 16:52:04 MSI-X299-SLI-PLUS-7A93 kernel: PM: hibernation: Registered nosave memory: [mem 0x33c42000-0x33c42fff]
Feb 09 16:52:04 MSI-X299-SLI-PLUS-7A93 kernel: PM: hibernation: Registered nosave memory: [mem 0x374bd000-0x374bdfff]
Feb 09 16:52:04 MSI-X299-SLI-PLUS-7A93 kernel: PM: hibernation: Registered nosave memory: [mem 0x3a439000-0x3bc38fff]
Feb 09 16:52:04 MSI-X299-SLI-PLUS-7A93 kernel: PM: hibernation: Registered nosave memory: [mem 0x3da3a000-0x3e878fff]
Feb 09 16:52:04 MSI-X299-SLI-PLUS-7A93 kernel: PM: hibernation: Registered nosave memory: [mem 0x3e879000-0x403a8fff]
Feb 09 16:52:04 MSI-X299-SLI-PLUS-7A93 kernel: PM: hibernation: Registered nosave memory: [mem 0x50000000-0x6fffffff]
Feb 09 16:52:04 MSI-X299-SLI-PLUS-7A93 kernel: PM: hibernation: Registered nosave memory: [mem 0x70000000-0xfdffffff]
Feb 09 16:52:04 MSI-X299-SLI-PLUS-7A93 kernel: PM: hibernation: Registered nosave memory: [mem 0xfe000000-0xfe010fff]
Feb 09 16:52:04 MSI-X299-SLI-PLUS-7A93 kernel: PM: hibernation: Registered nosave memory: [mem 0xfe011000-0xfebfffff]
Feb 09 16:52:04 MSI-X299-SLI-PLUS-7A93 kernel: PM: hibernation: Registered nosave memory: [mem 0xfec00000-0xfec00fff]
Feb 09 16:52:04 MSI-X299-SLI-PLUS-7A93 kernel: PM: hibernation: Registered nosave memory: [mem 0xfec01000-0xfecfffff]
Feb 09 16:52:04 MSI-X299-SLI-PLUS-7A93 kernel: PM: hibernation: Registered nosave memory: [mem 0xfed00000-0xfed00fff]
Feb 09 16:52:04 MSI-X299-SLI-PLUS-7A93 kernel: PM: hibernation: Registered nosave memory: [mem 0xfed01000-0xfedfffff]
Feb 09 16:52:04 MSI-X299-SLI-PLUS-7A93 kernel: PM: hibernation: Registered nosave memory: [mem 0xfee00000-0xfee00fff]
Feb 09 16:52:04 MSI-X299-SLI-PLUS-7A93 kernel: PM: hibernation: Registered nosave memory: [mem 0xfee01000-0xfeffffff]
Feb 09 16:52:04 MSI-X299-SLI-PLUS-7A93 kernel: PM: hibernation: Registered nosave memory: [mem 0xff000000-0xffffffff]
Feb 09 16:52:04 MSI-X299-SLI-PLUS-7A93 kernel: [mem 0x70000000-0xfdffffff] available for PCI devices
Feb 09 16:52:04 MSI-X299-SLI-PLUS-7A93 kernel: Booting paravirtualized kernel on bare hardware
Feb 09 16:52:04 MSI-X299-SLI-PLUS-7A93 kernel: clocksource: refined-jiffies: mask: 0xffffffff max_cycles: 0xffffffff, max_idle_ns: 7645519600211568 ns
Feb 09 16:52:04 MSI-X299-SLI-PLUS-7A93 kernel: setup_percpu: NR_CPUS:8192 nr_cpumask_bits:16 nr_cpu_ids:16 nr_node_ids:1
Feb 09 16:52:04 MSI-X299-SLI-PLUS-7A93 kernel: percpu: Embedded 60 pages/cpu s208896 r8192 d28672 u262144
Feb 09 16:52:04 MSI-X299-SLI-PLUS-7A93 kernel: pcpu-alloc: s208896 r8192 d28672 u262144 alloc=1*2097152
Feb 09 16:52:04 MSI-X299-SLI-PLUS-7A93 kernel: pcpu-alloc: [0] 00 01 02 03 04 05 06 07 [0] 08 09 10 11 12 13 14 15 
Feb 09 16:52:04 MSI-X299-SLI-PLUS-7A93 kernel: Built 1 zonelists, mobility grouping on.  Total pages: 4047510
Feb 09 16:52:04 MSI-X299-SLI-PLUS-7A93 kernel: Policy zone: Normal
Feb 09 16:52:04 MSI-X299-SLI-PLUS-7A93 kernel: Kernel command line: BOOT_IMAGE=/boot/vmlinuz-5.15.0-60-generic root=UUID=e5fbfc2f-b5d3-412b-97bb-1061c9616087 ro quiet splash crashkernel=512M-:192M vt.handoff=7
Feb 09 16:52:04 MSI-X299-SLI-PLUS-7A93 kernel: Unknown kernel command line parameters "splash BOOT_IMAGE=/boot/vmlinuz-5.15.0-60-generic", will be passed to user space.
Feb 09 16:52:04 MSI-X299-SLI-PLUS-7A93 kernel: Dentry cache hash table entries: 2097152 (order: 12, 16777216 bytes, linear)
Feb 09 16:52:04 MSI-X299-SLI-PLUS-7A93 kernel: Inode-cache hash table entries: 1048576 (order: 11, 8388608 bytes, linear)
Feb 09 16:52:04 MSI-X299-SLI-PLUS-7A93 kernel: mem auto-init: stack:off, heap alloc:on, heap free:off
Feb 09 16:52:04 MSI-X299-SLI-PLUS-7A93 kernel: Memory: 15681536K/16447680K available (16393K kernel code, 4374K rwdata, 10792K rodata, 3236K init, 6572K bss, 765884K reserved, 0K cma-reserved)
Feb 09 16:52:04 MSI-X299-SLI-PLUS-7A93 kernel: SLUB: HWalign=64, Order=0-3, MinObjects=0, CPUs=16, Nodes=1
Feb 09 16:52:04 MSI-X299-SLI-PLUS-7A93 kernel: Kernel/User page tables isolation: enabled
Feb 09 16:52:04 MSI-X299-SLI-PLUS-7A93 kernel: ftrace: allocating 50047 entries in 196 pages
Feb 09 16:52:04 MSI-X299-SLI-PLUS-7A93 kernel: ftrace: allocated 196 pages with 3 groups
Feb 09 16:52:04 MSI-X299-SLI-PLUS-7A93 kernel: rcu: Hierarchical RCU implementation.
Feb 09 16:52:04 MSI-X299-SLI-PLUS-7A93 kernel: rcu:         RCU restricting CPUs from NR_CPUS=8192 to nr_cpu_ids=16.
Feb 09 16:52:04 MSI-X299-SLI-PLUS-7A93 kernel:         Rude variant of Tasks RCU enabled.
Feb 09 16:52:04 MSI-X299-SLI-PLUS-7A93 kernel:         Tracing variant of Tasks RCU enabled.
Feb 09 16:52:04 MSI-X299-SLI-PLUS-7A93 kernel: rcu: RCU calculated value of scheduler-enlistment delay is 25 jiffies.
Feb 09 16:52:04 MSI-X299-SLI-PLUS-7A93 kernel: rcu: Adjusting geometry for rcu_fanout_leaf=16, nr_cpu_ids=16
Feb 09 16:52:04 MSI-X299-SLI-PLUS-7A93 kernel: NR_IRQS: 524544, nr_irqs: 1096, preallocated irqs: 16
Feb 09 16:52:04 MSI-X299-SLI-PLUS-7A93 kernel: random: crng init done
Feb 09 16:52:04 MSI-X299-SLI-PLUS-7A93 kernel: Console: colour dummy device 80x25
Feb 09 16:52:04 MSI-X299-SLI-PLUS-7A93 kernel: printk: console [tty0] enabled
Feb 09 16:52:04 MSI-X299-SLI-PLUS-7A93 kernel: ACPI: Core revision 20210730
Feb 09 16:52:04 MSI-X299-SLI-PLUS-7A93 kernel: clocksource: hpet: mask: 0xffffffff max_cycles: 0xffffffff, max_idle_ns: 79635855245 ns
Feb 09 16:52:04 MSI-X299-SLI-PLUS-7A93 kernel: APIC: Switch to symmetric I/O mode setup
Feb 09 16:52:04 MSI-X299-SLI-PLUS-7A93 kernel: x2apic: IRQ remapping doesn't support X2APIC mode
Feb 09 16:52:04 MSI-X299-SLI-PLUS-7A93 kernel: Switched APIC routing to physical flat.
Feb 09 16:52:04 MSI-X299-SLI-PLUS-7A93 kernel: ..TIMER: vector=0x30 apic1=0 pin1=2 apic2=-1 pin2=-1
Feb 09 16:52:04 MSI-X299-SLI-PLUS-7A93 kernel: clocksource: tsc-early: mask: 0xffffffffffffffff max_cycles: 0x33e452fbb2f, max_idle_ns: 440795236593 ns
Feb 09 16:52:04 MSI-X299-SLI-PLUS-7A93 kernel: Calibrating delay loop (skipped), value calculated using timer frequency.. 7200.00 BogoMIPS (lpj=14400000)
Feb 09 16:52:04 MSI-X299-SLI-PLUS-7A93 kernel: pid_max: default: 32768 minimum: 301
Feb 09 16:52:04 MSI-X299-SLI-PLUS-7A93 kernel: LSM: Security Framework initializing
Feb 09 16:52:04 MSI-X299-SLI-PLUS-7A93 kernel: landlock: Up and running.
Feb 09 16:52:04 MSI-X299-SLI-PLUS-7A93 kernel: Yama: becoming mindful.
Feb 09 16:52:04 MSI-X299-SLI-PLUS-7A93 kernel: AppArmor: AppArmor initialized
Feb 09 16:52:04 MSI-X299-SLI-PLUS-7A93 kernel: Mount-cache hash table entries: 32768 (order: 6, 262144 bytes, linear)
Feb 09 16:52:04 MSI-X299-SLI-PLUS-7A93 kernel: Mountpoint-cache hash table entries: 32768 (order: 6, 262144 bytes, linear)
Feb 09 16:52:04 MSI-X299-SLI-PLUS-7A93 kernel: CPU0: Thermal monitoring enabled (TM1)
Feb 09 16:52:04 MSI-X299-SLI-PLUS-7A93 kernel: process: using mwait in idle threads
Feb 09 16:52:04 MSI-X299-SLI-PLUS-7A93 kernel: Last level iTLB entries: 4KB 64, 2MB 8, 4MB 8
Feb 09 16:52:04 MSI-X299-SLI-PLUS-7A93 kernel: Last level dTLB entries: 4KB 64, 2MB 0, 4MB 0, 1GB 4
Feb 09 16:52:04 MSI-X299-SLI-PLUS-7A93 kernel: Spectre V1 : Mitigation: usercopy/swapgs barriers and __user pointer sanitization
Feb 09 16:52:04 MSI-X299-SLI-PLUS-7A93 kernel: Spectre V2 : Mitigation: IBRS
Feb 09 16:52:04 MSI-X299-SLI-PLUS-7A93 kernel: Spectre V2 : Spectre v2 / SpectreRSB mitigation: Filling RSB on context switch
Feb 09 16:52:04 MSI-X299-SLI-PLUS-7A93 kernel: Spectre V2 : Spectre v2 / SpectreRSB : Filling RSB on VMEXIT
Feb 09 16:52:04 MSI-X299-SLI-PLUS-7A93 kernel: RETBleed: Mitigation: IBRS
Feb 09 16:52:04 MSI-X299-SLI-PLUS-7A93 kernel: Spectre V2 : mitigation: Enabling conditional Indirect Branch Prediction Barrier
Feb 09 16:52:04 MSI-X299-SLI-PLUS-7A93 kernel: Speculative Store Bypass: Mitigation: Speculative Store Bypass disabled via prctl and seccomp
Feb 09 16:52:04 MSI-X299-SLI-PLUS-7A93 kernel: MDS: Mitigation: Clear CPU buffers
Feb 09 16:52:04 MSI-X299-SLI-PLUS-7A93 kernel: TAA: Mitigation: Clear CPU buffers
Feb 09 16:52:04 MSI-X299-SLI-PLUS-7A93 kernel: MMIO Stale Data: Mitigation: Clear CPU buffers
Feb 09 16:52:04 MSI-X299-SLI-PLUS-7A93 kernel: Freeing SMP alternatives memory: 40K
Feb 09 16:52:04 MSI-X299-SLI-PLUS-7A93 kernel: smpboot: Estimated ratio of average max frequency by base frequency (times 1024): 1166
Feb 09 16:52:04 MSI-X299-SLI-PLUS-7A93 kernel: smpboot: CPU0: Intel(R) Core(TM) i7-7820X CPU @ 3.60GHz (family: 0x6, model: 0x55, stepping: 0x4)
Feb 09 16:52:04 MSI-X299-SLI-PLUS-7A93 kernel: Performance Events: PEBS fmt3+, Skylake events, 32-deep LBR, full-width counters, Intel PMU driver.
Feb 09 16:52:04 MSI-X299-SLI-PLUS-7A93 kernel: ... version:                4
Feb 09 16:52:04 MSI-X299-SLI-PLUS-7A93 kernel: ... bit width:              48
Feb 09 16:52:04 MSI-X299-SLI-PLUS-7A93 kernel: ... generic registers:      4
Feb 09 16:52:04 MSI-X299-SLI-PLUS-7A93 kernel: ... value mask:             0000ffffffffffff
Feb 09 16:52:04 MSI-X299-SLI-PLUS-7A93 kernel: ... max period:             00007fffffffffff
Feb 09 16:52:04 MSI-X299-SLI-PLUS-7A93 kernel: ... fixed-purpose events:   3
Feb 09 16:52:04 MSI-X299-SLI-PLUS-7A93 kernel: ... event mask:             000000070000000f
Feb 09 16:52:04 MSI-X299-SLI-PLUS-7A93 kernel: rcu: Hierarchical SRCU implementation.
Feb 09 16:52:04 MSI-X299-SLI-PLUS-7A93 kernel: NMI watchdog: Enabled. Permanently consumes one hw-PMU counter.
Feb 09 16:52:04 MSI-X299-SLI-PLUS-7A93 kernel: smp: Bringing up secondary CPUs ...
Feb 09 16:52:04 MSI-X299-SLI-PLUS-7A93 kernel: x86: Booting SMP configuration:
Feb 09 16:52:04 MSI-X299-SLI-PLUS-7A93 kernel: .... node  #0, CPUs:        #1
Feb 09 16:52:04 MSI-X299-SLI-PLUS-7A93 kernel: [Firmware Bug]: TSC ADJUST differs within socket(s), fixing all errors
Feb 09 16:52:04 MSI-X299-SLI-PLUS-7A93 kernel:   #2  #3  #4  #5  #6  #7  #8
Feb 09 16:52:04 MSI-X299-SLI-PLUS-7A93 kernel: MDS CPU bug present and SMT on, data leak possible. See https://www.kernel.org/doc/html/latest/admin-guide/hw-vuln/mds.html for more details.
Feb 09 16:52:04 MSI-X299-SLI-PLUS-7A93 kernel: TAA CPU bug present and SMT on, data leak possible. See https://www.kernel.org/doc/html/latest/admin-guide/hw-vuln/tsx_async_abort.html for more details.
Feb 09 16:52:04 MSI-X299-SLI-PLUS-7A93 kernel: MMIO Stale Data CPU bug present and SMT on, data leak possible. See https://www.kernel.org/doc/html/latest/admin-guide/hw-vuln/processor_mmio_stale_data.html for more details.
Feb 09 16:52:04 MSI-X299-SLI-PLUS-7A93 kernel:   #9 #10 #11 #12 #13 #14 #15
Feb 09 16:52:04 MSI-X299-SLI-PLUS-7A93 kernel: smp: Brought up 1 node, 16 CPUs
Feb 09 16:52:04 MSI-X299-SLI-PLUS-7A93 kernel: smpboot: Max logical packages: 1
Feb 09 16:52:04 MSI-X299-SLI-PLUS-7A93 kernel: smpboot: Total of 16 processors activated (115200.00 BogoMIPS)
Feb 09 16:52:04 MSI-X299-SLI-PLUS-7A93 kernel: devtmpfs: initialized
Feb 09 16:52:04 MSI-X299-SLI-PLUS-7A93 kernel: x86/mm: Memory block size: 128MB
Feb 09 16:52:04 MSI-X299-SLI-PLUS-7A93 kernel: ACPI: PM: Registering ACPI NVS region [mem 0x3da3a000-0x3e878fff] (14938112 bytes)
Feb 09 16:52:04 MSI-X299-SLI-PLUS-7A93 kernel: clocksource: jiffies: mask: 0xffffffff max_cycles: 0xffffffff, max_idle_ns: 7645041785100000 ns
Feb 09 16:52:04 MSI-X299-SLI-PLUS-7A93 kernel: futex hash table entries: 4096 (order: 6, 262144 bytes, linear)
Feb 09 16:52:04 MSI-X299-SLI-PLUS-7A93 kernel: pinctrl core: initialized pinctrl subsystem
Feb 09 16:52:04 MSI-X299-SLI-PLUS-7A93 kernel: PM: RTC time: 16:52:01, date: 2023-02-09
Feb 09 16:52:04 MSI-X299-SLI-PLUS-7A93 kernel: NET: Registered PF_NETLINK/PF_ROUTE protocol family
Feb 09 16:52:04 MSI-X299-SLI-PLUS-7A93 kernel: DMA: preallocated 2048 KiB GFP_KERNEL pool for atomic allocations
Feb 09 16:52:04 MSI-X299-SLI-PLUS-7A93 kernel: DMA: preallocated 2048 KiB GFP_KERNEL|GFP_DMA pool for atomic allocations
Feb 09 16:52:04 MSI-X299-SLI-PLUS-7A93 kernel: DMA: preallocated 2048 KiB GFP_KERNEL|GFP_DMA32 pool for atomic allocations
Feb 09 16:52:04 MSI-X299-SLI-PLUS-7A93 kernel: audit: initializing netlink subsys (disabled)
Feb 09 16:52:04 MSI-X299-SLI-PLUS-7A93 kernel: audit: type=2000 audit(1675961520.092:1): state=initialized audit_enabled=0 res=1
Feb 09 16:52:04 MSI-X299-SLI-PLUS-7A93 kernel: thermal_sys: Registered thermal governor 'fair_share'
Feb 09 16:52:04 MSI-X299-SLI-PLUS-7A93 kernel: thermal_sys: Registered thermal governor 'bang_bang'
Feb 09 16:52:04 MSI-X299-SLI-PLUS-7A93 kernel: thermal_sys: Registered thermal governor 'step_wise'
Feb 09 16:52:04 MSI-X299-SLI-PLUS-7A93 kernel: thermal_sys: Registered thermal governor 'user_space'
Feb 09 16:52:04 MSI-X299-SLI-PLUS-7A93 kernel: thermal_sys: Registered thermal governor 'power_allocator'
Feb 09 16:52:04 MSI-X299-SLI-PLUS-7A93 kernel: EISA bus registered
Feb 09 16:52:04 MSI-X299-SLI-PLUS-7A93 kernel: cpuidle: using governor ladder
Feb 09 16:52:04 MSI-X299-SLI-PLUS-7A93 kernel: cpuidle: using governor menu
Feb 09 16:52:04 MSI-X299-SLI-PLUS-7A93 kernel: Detected 1 PCC Subspaces
Feb 09 16:52:04 MSI-X299-SLI-PLUS-7A93 kernel: Registering PCC driver as Mailbox controller
Feb 09 16:52:04 MSI-X299-SLI-PLUS-7A93 kernel: ACPI: bus type PCI registered
Feb 09 16:52:04 MSI-X299-SLI-PLUS-7A93 kernel: acpiphp: ACPI Hot Plug PCI Controller Driver version: 0.5
Feb 09 16:52:04 MSI-X299-SLI-PLUS-7A93 kernel: PCI: MMCONFIG for domain 0000 [bus 00-ff] at [mem 0x60000000-0x6fffffff] (base 0x60000000)
Feb 09 16:52:04 MSI-X299-SLI-PLUS-7A93 kernel: PCI: MMCONFIG at [mem 0x60000000-0x6fffffff] reserved in E820
Feb 09 16:52:04 MSI-X299-SLI-PLUS-7A93 kernel: PCI: Using configuration type 1 for base access
Feb 09 16:52:04 MSI-X299-SLI-PLUS-7A93 kernel: Kprobes globally optimized
Feb 09 16:52:04 MSI-X299-SLI-PLUS-7A93 kernel: HugeTLB registered 1.00 GiB page size, pre-allocated 0 pages
Feb 09 16:52:04 MSI-X299-SLI-PLUS-7A93 kernel: HugeTLB registered 2.00 MiB page size, pre-allocated 0 pages
Feb 09 16:52:04 MSI-X299-SLI-PLUS-7A93 kernel: ACPI: Added _OSI(Module Device)
Feb 09 16:52:04 MSI-X299-SLI-PLUS-7A93 kernel: ACPI: Added _OSI(Processor Device)
Feb 09 16:52:04 MSI-X299-SLI-PLUS-7A93 kernel: ACPI: Added _OSI(3.0 _SCP Extensions)
Feb 09 16:52:04 MSI-X299-SLI-PLUS-7A93 kernel: ACPI: Added _OSI(Processor Aggregator Device)
Feb 09 16:52:04 MSI-X299-SLI-PLUS-7A93 kernel: ACPI: Added _OSI(Linux-Dell-Video)
Feb 09 16:52:04 MSI-X299-SLI-PLUS-7A93 kernel: ACPI: Added _OSI(Linux-Lenovo-NV-HDMI-Audio)
Feb 09 16:52:04 MSI-X299-SLI-PLUS-7A93 kernel: ACPI: Added _OSI(Linux-HPI-Hybrid-Graphics)
Feb 09 16:52:04 MSI-X299-SLI-PLUS-7A93 kernel: ACPI: 5 ACPI AML tables successfully acquired and loaded
Feb 09 16:52:04 MSI-X299-SLI-PLUS-7A93 kernel: ACPI: Interpreter enabled
Feb 09 16:52:04 MSI-X299-SLI-PLUS-7A93 kernel: ACPI: PM: (supports S0 S3 S4 S5)
Feb 09 16:52:04 MSI-X299-SLI-PLUS-7A93 kernel: ACPI: Using IOAPIC for interrupt routing
Feb 09 16:52:04 MSI-X299-SLI-PLUS-7A93 kernel: PCI: Using host bridge windows from ACPI; if necessary, use "pci=nocrs" and report a bug
Feb 09 16:52:04 MSI-X299-SLI-PLUS-7A93 kernel: PCI: Using E820 reservations for host bridge windows
Feb 09 16:52:04 MSI-X299-SLI-PLUS-7A93 kernel: ACPI: Enabled 7 GPEs in block 00 to 7F
Feb 09 16:52:04 MSI-X299-SLI-PLUS-7A93 kernel: ACPI BIOS Error (bug): Could not resolve symbol [\SHAD._STA.SDS0], AE_NOT_FOUND (20210730/psargs-330)
Feb 09 16:52:04 MSI-X299-SLI-PLUS-7A93 kernel: fbcon: Taking over console
Feb 09 16:52:04 MSI-X299-SLI-PLUS-7A93 kernel: 
Feb 09 16:52:04 MSI-X299-SLI-PLUS-7A93 kernel: No Local Variables are initialized for Method [_STA]
Feb 09 16:52:04 MSI-X299-SLI-PLUS-7A93 kernel: 
Feb 09 16:52:04 MSI-X299-SLI-PLUS-7A93 kernel: No Arguments are initialized for method [_STA]
Feb 09 16:52:04 MSI-X299-SLI-PLUS-7A93 kernel: 
Feb 09 16:52:04 MSI-X299-SLI-PLUS-7A93 kernel: ACPI Error: Aborting method \SHAD._STA due to previous error (AE_NOT_FOUND) (20210730/psparse-529)
Feb 09 16:52:04 MSI-X299-SLI-PLUS-7A93 kernel: ACPI: PCI Root Bridge [PC00] (domain 0000 [bus 00-15])
Feb 09 16:52:04 MSI-X299-SLI-PLUS-7A93 kernel: acpi PNP0A08:00: _OSC: OS supports [ExtendedConfig ASPM ClockPM Segments MSI EDR HPX-Type3]
Feb 09 16:52:04 MSI-X299-SLI-PLUS-7A93 kernel: acpi PNP0A08:00: _OSC: platform does not support [SHPCHotplug AER LTR DPC]
Feb 09 16:52:04 MSI-X299-SLI-PLUS-7A93 kernel: acpi PNP0A08:00: _OSC: OS now controls [PCIeHotplug PME PCIeCapability]
Feb 09 16:52:04 MSI-X299-SLI-PLUS-7A93 kernel: acpi PNP0A08:00: host bridge window expanded to [mem 0xfd000000-0xfe7fffff window]; [mem 0xfd000000-0xfe7fffff window] ignored
Feb 09 16:52:04 MSI-X299-SLI-PLUS-7A93 kernel: PCI host bridge to bus 0000:00
Feb 09 16:52:04 MSI-X299-SLI-PLUS-7A93 kernel: pci_bus 0000:00: root bus resource [bus 00-15]
Feb 09 16:52:04 MSI-X299-SLI-PLUS-7A93 kernel: pci_bus 0000:00: root bus resource [io  0x0000-0x0cf7 window]
Feb 09 16:52:04 MSI-X299-SLI-PLUS-7A93 kernel: pci_bus 0000:00: root bus resource [io  0x1000-0x3fff window]
Feb 09 16:52:04 MSI-X299-SLI-PLUS-7A93 kernel: pci_bus 0000:00: root bus resource [mem 0x000c4000-0x000c7fff window]
Feb 09 16:52:04 MSI-X299-SLI-PLUS-7A93 kernel: pci_bus 0000:00: root bus resource [mem 0x70000000-0x92ffffff window]
Feb 09 16:52:04 MSI-X299-SLI-PLUS-7A93 kernel: pci_bus 0000:00: root bus resource [mem 0xfd000000-0xfe7fffff window]
Feb 09 16:52:04 MSI-X299-SLI-PLUS-7A93 kernel: pci_bus 0000:00: root bus resource [mem 0x380000000000-0x38003fffffff window]
Feb 09 16:52:04 MSI-X299-SLI-PLUS-7A93 kernel: pci 0000:00:00.0: [8086:2020] type 00 class 0x060000
Feb 09 16:52:04 MSI-X299-SLI-PLUS-7A93 kernel: pci 0000:00:04.0: [8086:2021] type 00 class 0x088000
Feb 09 16:52:04 MSI-X299-SLI-PLUS-7A93 kernel: pci 0000:00:04.0: reg 0x10: [mem 0x92f64000-0x92f67fff 64bit]
Feb 09 16:52:04 MSI-X299-SLI-PLUS-7A93 kernel: pci 0000:00:04.1: [8086:2021] type 00 class 0x088000
Feb 09 16:52:04 MSI-X299-SLI-PLUS-7A93 kernel: pci 0000:00:04.1: reg 0x10: [mem 0x92f60000-0x92f63fff 64bit]
Feb 09 16:52:04 MSI-X299-SLI-PLUS-7A93 kernel: pci 0000:00:04.2: [8086:2021] type 00 class 0x088000
Feb 09 16:52:04 MSI-X299-SLI-PLUS-7A93 kernel: pci 0000:00:04.2: reg 0x10: [mem 0x92f5c000-0x92f5ffff 64bit]
Feb 09 16:52:04 MSI-X299-SLI-PLUS-7A93 kernel: pci 0000:00:04.3: [8086:2021] type 00 class 0x088000
Feb 09 16:52:04 MSI-X299-SLI-PLUS-7A93 kernel: pci 0000:00:04.3: reg 0x10: [mem 0x92f58000-0x92f5bfff 64bit]
Feb 09 16:52:04 MSI-X299-SLI-PLUS-7A93 kernel: pci 0000:00:04.4: [8086:2021] type 00 class 0x088000
Feb 09 16:52:04 MSI-X299-SLI-PLUS-7A93 kernel: pci 0000:00:04.4: reg 0x10: [mem 0x92f54000-0x92f57fff 64bit]
Feb 09 16:52:04 MSI-X299-SLI-PLUS-7A93 kernel: pci 0000:00:04.5: [8086:2021] type 00 class 0x088000
Feb 09 16:52:04 MSI-X299-SLI-PLUS-7A93 kernel: pci 0000:00:04.5: reg 0x10: [mem 0x92f50000-0x92f53fff 64bit]
Feb 09 16:52:04 MSI-X299-SLI-PLUS-7A93 kernel: pci 0000:00:04.6: [8086:2021] type 00 class 0x088000
Feb 09 16:52:04 MSI-X299-SLI-PLUS-7A93 kernel: pci 0000:00:04.6: reg 0x10: [mem 0x92f4c000-0x92f4ffff 64bit]
Feb 09 16:52:04 MSI-X299-SLI-PLUS-7A93 kernel: pci 0000:00:04.7: [8086:2021] type 00 class 0x088000
Feb 09 16:52:04 MSI-X299-SLI-PLUS-7A93 kernel: pci 0000:00:04.7: reg 0x10: [mem 0x92f48000-0x92f4bfff 64bit]
Feb 09 16:52:04 MSI-X299-SLI-PLUS-7A93 kernel: pci 0000:00:05.0: [8086:2024] type 00 class 0x088000
Feb 09 16:52:04 MSI-X299-SLI-PLUS-7A93 kernel: pci 0000:00:05.2: [8086:2025] type 00 class 0x088000
Feb 09 16:52:04 MSI-X299-SLI-PLUS-7A93 kernel: pci 0000:00:05.4: [8086:2026] type 00 class 0x080020
Feb 09 16:52:04 MSI-X299-SLI-PLUS-7A93 kernel: pci 0000:00:05.4: reg 0x10: [mem 0x92f6f000-0x92f6ffff]
Feb 09 16:52:04 MSI-X299-SLI-PLUS-7A93 kernel: pci 0000:00:08.0: [8086:2014] type 00 class 0x088000
Feb 09 16:52:04 MSI-X299-SLI-PLUS-7A93 kernel: pci 0000:00:08.1: [8086:2015] type 00 class 0x110100
Feb 09 16:52:04 MSI-X299-SLI-PLUS-7A93 kernel: pci 0000:00:08.2: [8086:2016] type 00 class 0x088000
Feb 09 16:52:04 MSI-X299-SLI-PLUS-7A93 kernel: pci 0000:00:14.0: [8086:a2af] type 00 class 0x0c0330
Feb 09 16:52:04 MSI-X299-SLI-PLUS-7A93 kernel: pci 0000:00:14.0: reg 0x10: [mem 0x92f30000-0x92f3ffff 64bit]
Feb 09 16:52:04 MSI-X299-SLI-PLUS-7A93 kernel: pci 0000:00:14.0: PME# supported from D3hot D3cold
Feb 09 16:52:04 MSI-X299-SLI-PLUS-7A93 kernel: pci 0000:00:14.2: [8086:a2b1] type 00 class 0x118000
Feb 09 16:52:04 MSI-X299-SLI-PLUS-7A93 kernel: pci 0000:00:14.2: reg 0x10: [mem 0x92f6e000-0x92f6efff 64bit]
Feb 09 16:52:04 MSI-X299-SLI-PLUS-7A93 kernel: pci 0000:00:16.0: [8086:a2ba] type 00 class 0x078000
Feb 09 16:52:04 MSI-X299-SLI-PLUS-7A93 kernel: pci 0000:00:16.0: reg 0x10: [mem 0x92f6d000-0x92f6dfff 64bit]
Feb 09 16:52:04 MSI-X299-SLI-PLUS-7A93 kernel: pci 0000:00:16.0: PME# supported from D3hot
Feb 09 16:52:04 MSI-X299-SLI-PLUS-7A93 kernel: pci 0000:00:17.0: [8086:a282] type 00 class 0x010601
Feb 09 16:52:04 MSI-X299-SLI-PLUS-7A93 kernel: pci 0000:00:17.0: reg 0x10: [mem 0x92f68000-0x92f69fff]
Feb 09 16:52:04 MSI-X299-SLI-PLUS-7A93 kernel: pci 0000:00:17.0: reg 0x14: [mem 0x92f6c000-0x92f6c0ff]
Feb 09 16:52:04 MSI-X299-SLI-PLUS-7A93 kernel: pci 0000:00:17.0: reg 0x18: [io  0x3050-0x3057]
Feb 09 16:52:04 MSI-X299-SLI-PLUS-7A93 kernel: pci 0000:00:17.0: reg 0x1c: [io  0x3040-0x3043]
Feb 09 16:52:04 MSI-X299-SLI-PLUS-7A93 kernel: pci 0000:00:17.0: reg 0x20: [io  0x3020-0x303f]
Feb 09 16:52:04 MSI-X299-SLI-PLUS-7A93 kernel: pci 0000:00:17.0: reg 0x24: [mem 0x92f6b000-0x92f6b7ff]
Feb 09 16:52:04 MSI-X299-SLI-PLUS-7A93 kernel: pci 0000:00:17.0: PME# supported from D3hot
Feb 09 16:52:04 MSI-X299-SLI-PLUS-7A93 kernel: pci 0000:00:1c.0: [8086:a290] type 01 class 0x060400
Feb 09 16:52:04 MSI-X299-SLI-PLUS-7A93 kernel: pci 0000:00:1c.0: PME# supported from D0 D3hot D3cold
Feb 09 16:52:04 MSI-X299-SLI-PLUS-7A93 kernel: pci 0000:00:1c.2: [8086:a292] type 01 class 0x060400
Feb 09 16:52:04 MSI-X299-SLI-PLUS-7A93 kernel: pci 0000:00:1c.2: PME# supported from D0 D3hot D3cold
Feb 09 16:52:04 MSI-X299-SLI-PLUS-7A93 kernel: pci 0000:00:1c.5: [8086:a295] type 01 class 0x060400
Feb 09 16:52:04 MSI-X299-SLI-PLUS-7A93 kernel: pci 0000:00:1c.5: PME# supported from D0 D3hot D3cold
Feb 09 16:52:04 MSI-X299-SLI-PLUS-7A93 kernel: pci 0000:00:1f.0: [8086:a2d2] type 00 class 0x060100
Feb 09 16:52:04 MSI-X299-SLI-PLUS-7A93 kernel: pci 0000:00:1f.2: [8086:a2a1] type 00 class 0x058000
Feb 09 16:52:04 MSI-X299-SLI-PLUS-7A93 kernel: pci 0000:00:1f.2: reg 0x10: [mem 0x92f44000-0x92f47fff]
Feb 09 16:52:04 MSI-X299-SLI-PLUS-7A93 kernel: pci 0000:00:1f.3: [8086:a2f0] type 00 class 0x040300
Feb 09 16:52:04 MSI-X299-SLI-PLUS-7A93 kernel: pci 0000:00:1f.3: reg 0x10: [mem 0x92f40000-0x92f43fff 64bit]
Feb 09 16:52:04 MSI-X299-SLI-PLUS-7A93 kernel: pci 0000:00:1f.3: reg 0x20: [mem 0x92f20000-0x92f2ffff 64bit]
Feb 09 16:52:04 MSI-X299-SLI-PLUS-7A93 kernel: pci 0000:00:1f.3: PME# supported from D3hot D3cold
Feb 09 16:52:04 MSI-X299-SLI-PLUS-7A93 kernel: pci 0000:00:1f.4: [8086:a2a3] type 00 class 0x0c0500
Feb 09 16:52:04 MSI-X299-SLI-PLUS-7A93 kernel: pci 0000:00:1f.4: reg 0x10: [mem 0x92f6a000-0x92f6a0ff 64bit]
Feb 09 16:52:04 MSI-X299-SLI-PLUS-7A93 kernel: pci 0000:00:1f.4: reg 0x20: [io  0x3000-0x301f]
Feb 09 16:52:04 MSI-X299-SLI-PLUS-7A93 kernel: pci 0000:00:1f.6: [8086:15b8] type 00 class 0x020000
Feb 09 16:52:04 MSI-X299-SLI-PLUS-7A93 kernel: pci 0000:00:1f.6: reg 0x10: [mem 0x92f00000-0x92f1ffff]
Feb 09 16:52:04 MSI-X299-SLI-PLUS-7A93 kernel: pci 0000:00:1f.6: PME# supported from D0 D3hot D3cold
Feb 09 16:52:04 MSI-X299-SLI-PLUS-7A93 kernel: pci 0000:01:00.0: [1b21:2142] type 00 class 0x0c0330
Feb 09 16:52:04 MSI-X299-SLI-PLUS-7A93 kernel: pci 0000:01:00.0: reg 0x10: [mem 0x92e00000-0x92e07fff 64bit]
Feb 09 16:52:04 MSI-X299-SLI-PLUS-7A93 kernel: pci 0000:01:00.0: enabling Extended Tags
Feb 09 16:52:04 MSI-X299-SLI-PLUS-7A93 kernel: pci 0000:01:00.0: PME# supported from D0
Feb 09 16:52:04 MSI-X299-SLI-PLUS-7A93 kernel: pci 0000:00:1c.0: PCI bridge to [bus 01]
Feb 09 16:52:04 MSI-X299-SLI-PLUS-7A93 kernel: pci 0000:00:1c.0:   bridge window [mem 0x92e00000-0x92efffff]
Feb 09 16:52:04 MSI-X299-SLI-PLUS-7A93 kernel: pci 0000:02:00.0: [1b21:2142] type 00 class 0x0c0330
Feb 09 16:52:04 MSI-X299-SLI-PLUS-7A93 kernel: pci 0000:02:00.0: reg 0x10: [mem 0x92d00000-0x92d07fff 64bit]
Feb 09 16:52:04 MSI-X299-SLI-PLUS-7A93 kernel: pci 0000:02:00.0: enabling Extended Tags
Feb 09 16:52:04 MSI-X299-SLI-PLUS-7A93 kernel: pci 0000:02:00.0: PME# supported from D0
Feb 09 16:52:04 MSI-X299-SLI-PLUS-7A93 kernel: pci 0000:00:1c.2: PCI bridge to [bus 02]
Feb 09 16:52:04 MSI-X299-SLI-PLUS-7A93 kernel: pci 0000:00:1c.2:   bridge window [mem 0x92d00000-0x92dfffff]
Feb 09 16:52:04 MSI-X299-SLI-PLUS-7A93 kernel: pci 0000:03:00.0: [8086:1539] type 00 class 0x020000
Feb 09 16:52:04 MSI-X299-SLI-PLUS-7A93 kernel: pci 0000:03:00.0: reg 0x10: [mem 0x92c00000-0x92c1ffff]
Feb 09 16:52:04 MSI-X299-SLI-PLUS-7A93 kernel: pci 0000:03:00.0: reg 0x18: [io  0x2000-0x201f]
Feb 09 16:52:04 MSI-X299-SLI-PLUS-7A93 kernel: pci 0000:03:00.0: reg 0x1c: [mem 0x92c20000-0x92c23fff]
Feb 09 16:52:04 MSI-X299-SLI-PLUS-7A93 kernel: pci 0000:03:00.0: PME# supported from D0 D3hot D3cold
Feb 09 16:52:04 MSI-X299-SLI-PLUS-7A93 kernel: pci 0000:00:1c.5: PCI bridge to [bus 03]
Feb 09 16:52:04 MSI-X299-SLI-PLUS-7A93 kernel: pci 0000:00:1c.5:   bridge window [io  0x2000-0x2fff]
Feb 09 16:52:04 MSI-X299-SLI-PLUS-7A93 kernel: pci 0000:00:1c.5:   bridge window [mem 0x92c00000-0x92cfffff]
Feb 09 16:52:04 MSI-X299-SLI-PLUS-7A93 kernel: pci_bus 0000:00: on NUMA node 0
Feb 09 16:52:04 MSI-X299-SLI-PLUS-7A93 kernel: ACPI: PCI Root Bridge [PC01] (domain 0000 [bus 16-63])
Feb 09 16:52:04 MSI-X299-SLI-PLUS-7A93 kernel: acpi PNP0A08:01: _OSC: OS supports [ExtendedConfig ASPM ClockPM Segments MSI EDR HPX-Type3]
Feb 09 16:52:04 MSI-X299-SLI-PLUS-7A93 kernel: acpi PNP0A08:01: _OSC: platform does not support [SHPCHotplug AER LTR DPC]
Feb 09 16:52:04 MSI-X299-SLI-PLUS-7A93 kernel: acpi PNP0A08:01: _OSC: OS now controls [PCIeHotplug PME PCIeCapability]
Feb 09 16:52:04 MSI-X299-SLI-PLUS-7A93 kernel: PCI host bridge to bus 0000:16
Feb 09 16:52:04 MSI-X299-SLI-PLUS-7A93 kernel: pci_bus 0000:16: root bus resource [bus 16-63]
Feb 09 16:52:04 MSI-X299-SLI-PLUS-7A93 kernel: pci_bus 0000:16: root bus resource [io  0x4000-0x7fff window]
Feb 09 16:52:04 MSI-X299-SLI-PLUS-7A93 kernel: pci_bus 0000:16: root bus resource [mem 0x93000000-0xb5ffffff window]
Feb 09 16:52:04 MSI-X299-SLI-PLUS-7A93 kernel: pci_bus 0000:16: root bus resource [mem 0x380040000000-0x38007fffffff window]
Feb 09 16:52:04 MSI-X299-SLI-PLUS-7A93 kernel: pci 0000:16:05.0: [8086:2034] type 00 class 0x088000
Feb 09 16:52:04 MSI-X299-SLI-PLUS-7A93 kernel: pci 0000:16:05.2: [8086:2035] type 00 class 0x088000
Feb 09 16:52:04 MSI-X299-SLI-PLUS-7A93 kernel: pci 0000:16:05.4: [8086:2036] type 00 class 0x080020
Feb 09 16:52:04 MSI-X299-SLI-PLUS-7A93 kernel: pci 0000:16:05.4: reg 0x10: [mem 0xb5f00000-0xb5f00fff]
Feb 09 16:52:04 MSI-X299-SLI-PLUS-7A93 kernel: pci 0000:16:08.0: [8086:208d] type 00 class 0x088000
Feb 09 16:52:04 MSI-X299-SLI-PLUS-7A93 kernel: pci 0000:16:08.1: [8086:208d] type 00 class 0x088000
Feb 09 16:52:04 MSI-X299-SLI-PLUS-7A93 kernel: pci 0000:16:08.2: [8086:208d] type 00 class 0x088000
Feb 09 16:52:04 MSI-X299-SLI-PLUS-7A93 kernel: pci 0000:16:08.3: [8086:208d] type 00 class 0x088000
Feb 09 16:52:04 MSI-X299-SLI-PLUS-7A93 kernel: pci 0000:16:08.4: [8086:208d] type 00 class 0x088000
Feb 09 16:52:04 MSI-X299-SLI-PLUS-7A93 kernel: pci 0000:16:08.5: [8086:208d] type 00 class 0x088000
Feb 09 16:52:04 MSI-X299-SLI-PLUS-7A93 kernel: pci 0000:16:08.6: [8086:208d] type 00 class 0x088000
Feb 09 16:52:04 MSI-X299-SLI-PLUS-7A93 kernel: pci 0000:16:08.7: [8086:208d] type 00 class 0x088000
Feb 09 16:52:04 MSI-X299-SLI-PLUS-7A93 kernel: pci 0000:16:09.0: [8086:208d] type 00 class 0x088000
Feb 09 16:52:04 MSI-X299-SLI-PLUS-7A93 kernel: pci 0000:16:09.1: [8086:208d] type 00 class 0x088000
Feb 09 16:52:04 MSI-X299-SLI-PLUS-7A93 kernel: pci 0000:16:0e.0: [8086:208e] type 00 class 0x088000
Feb 09 16:52:04 MSI-X299-SLI-PLUS-7A93 kernel: pci 0000:16:0e.1: [8086:208e] type 00 class 0x088000
Feb 09 16:52:04 MSI-X299-SLI-PLUS-7A93 kernel: pci 0000:16:0e.2: [8086:208e] type 00 class 0x088000
Feb 09 16:52:04 MSI-X299-SLI-PLUS-7A93 kernel: pci 0000:16:0e.3: [8086:208e] type 00 class 0x088000
Feb 09 16:52:04 MSI-X299-SLI-PLUS-7A93 kernel: pci 0000:16:0e.4: [8086:208e] type 00 class 0x088000
Feb 09 16:52:04 MSI-X299-SLI-PLUS-7A93 kernel: pci 0000:16:0e.5: [8086:208e] type 00 class 0x088000
Feb 09 16:52:04 MSI-X299-SLI-PLUS-7A93 kernel: pci 0000:16:0e.6: [8086:208e] type 00 class 0x088000
Feb 09 16:52:04 MSI-X299-SLI-PLUS-7A93 kernel: pci 0000:16:0e.7: [8086:208e] type 00 class 0x088000
Feb 09 16:52:04 MSI-X299-SLI-PLUS-7A93 kernel: pci 0000:16:0f.0: [8086:208e] type 00 class 0x088000
Feb 09 16:52:04 MSI-X299-SLI-PLUS-7A93 kernel: pci 0000:16:0f.1: [8086:208e] type 00 class 0x088000
Feb 09 16:52:04 MSI-X299-SLI-PLUS-7A93 kernel: pci 0000:16:1d.0: [8086:2054] type 00 class 0x088000
Feb 09 16:52:04 MSI-X299-SLI-PLUS-7A93 kernel: pci 0000:16:1d.1: [8086:2055] type 00 class 0x088000
Feb 09 16:52:04 MSI-X299-SLI-PLUS-7A93 kernel: pci 0000:16:1d.2: [8086:2056] type 00 class 0x088000
Feb 09 16:52:04 MSI-X299-SLI-PLUS-7A93 kernel: pci 0000:16:1d.3: [8086:2057] type 00 class 0x088000
Feb 09 16:52:04 MSI-X299-SLI-PLUS-7A93 kernel: pci 0000:16:1e.0: [8086:2080] type 00 class 0x088000
Feb 09 16:52:04 MSI-X299-SLI-PLUS-7A93 kernel: pci 0000:16:1e.1: [8086:2081] type 00 class 0x088000
Feb 09 16:52:04 MSI-X299-SLI-PLUS-7A93 kernel: pci 0000:16:1e.2: [8086:2082] type 00 class 0x088000
Feb 09 16:52:04 MSI-X299-SLI-PLUS-7A93 kernel: pci 0000:16:1e.3: [8086:2083] type 00 class 0x088000
Feb 09 16:52:04 MSI-X299-SLI-PLUS-7A93 kernel: pci 0000:16:1e.4: [8086:2084] type 00 class 0x088000
Feb 09 16:52:04 MSI-X299-SLI-PLUS-7A93 kernel: pci 0000:16:1e.5: [8086:2085] type 00 class 0x088000
Feb 09 16:52:04 MSI-X299-SLI-PLUS-7A93 kernel: pci 0000:16:1e.6: [8086:2086] type 00 class 0x088000
Feb 09 16:52:04 MSI-X299-SLI-PLUS-7A93 kernel: pci_bus 0000:16: on NUMA node 0
Feb 09 16:52:04 MSI-X299-SLI-PLUS-7A93 kernel: ACPI: PCI Root Bridge [PC02] (domain 0000 [bus 64-b1])
Feb 09 16:52:04 MSI-X299-SLI-PLUS-7A93 kernel: acpi PNP0A08:02: _OSC: OS supports [ExtendedConfig ASPM ClockPM Segments MSI EDR HPX-Type3]
Feb 09 16:52:04 MSI-X299-SLI-PLUS-7A93 kernel: acpi PNP0A08:02: _OSC: platform does not support [SHPCHotplug AER LTR DPC]
Feb 09 16:52:04 MSI-X299-SLI-PLUS-7A93 kernel: acpi PNP0A08:02: _OSC: OS now controls [PCIeHotplug PME PCIeCapability]
Feb 09 16:52:04 MSI-X299-SLI-PLUS-7A93 kernel: PCI host bridge to bus 0000:64
Feb 09 16:52:04 MSI-X299-SLI-PLUS-7A93 kernel: pci_bus 0000:64: root bus resource [bus 64-b1]
Feb 09 16:52:04 MSI-X299-SLI-PLUS-7A93 kernel: pci_bus 0000:64: root bus resource [io  0x03b0-0x03bb window]
Feb 09 16:52:04 MSI-X299-SLI-PLUS-7A93 kernel: pci_bus 0000:64: root bus resource [io  0x03c0-0x03df window]
Feb 09 16:52:04 MSI-X299-SLI-PLUS-7A93 kernel: pci_bus 0000:64: root bus resource [io  0x8000-0xbfff window]
Feb 09 16:52:04 MSI-X299-SLI-PLUS-7A93 kernel: pci_bus 0000:64: root bus resource [mem 0x000a0000-0x000bffff window]
Feb 09 16:52:04 MSI-X299-SLI-PLUS-7A93 kernel: pci_bus 0000:64: root bus resource [mem 0xb6000000-0xd8ffffff window]
Feb 09 16:52:04 MSI-X299-SLI-PLUS-7A93 kernel: pci_bus 0000:64: root bus resource [mem 0x380080000000-0x3800bfffffff window]
Feb 09 16:52:04 MSI-X299-SLI-PLUS-7A93 kernel: pci 0000:64:00.0: [8086:2030] type 01 class 0x060400
Feb 09 16:52:04 MSI-X299-SLI-PLUS-7A93 kernel: pci 0000:64:00.0: PME# supported from D0 D3hot D3cold
Feb 09 16:52:04 MSI-X299-SLI-PLUS-7A93 kernel: pci 0000:64:05.0: [8086:2034] type 00 class 0x088000
Feb 09 16:52:04 MSI-X299-SLI-PLUS-7A93 kernel: pci 0000:64:05.2: [8086:2035] type 00 class 0x088000
Feb 09 16:52:04 MSI-X299-SLI-PLUS-7A93 kernel: pci 0000:64:05.4: [8086:2036] type 00 class 0x080020
Feb 09 16:52:04 MSI-X299-SLI-PLUS-7A93 kernel: pci 0000:64:05.4: reg 0x10: [mem 0xd8100000-0xd8100fff]
Feb 09 16:52:04 MSI-X299-SLI-PLUS-7A93 kernel: pci 0000:64:08.0: [8086:2066] type 00 class 0x088000
Feb 09 16:52:04 MSI-X299-SLI-PLUS-7A93 kernel: pci 0000:64:09.0: [8086:2066] type 00 class 0x088000
Feb 09 16:52:04 MSI-X299-SLI-PLUS-7A93 kernel: pci 0000:64:0a.0: [8086:2040] type 00 class 0x088000
Feb 09 16:52:04 MSI-X299-SLI-PLUS-7A93 kernel: pci 0000:64:0a.1: [8086:2041] type 00 class 0x088000
Feb 09 16:52:04 MSI-X299-SLI-PLUS-7A93 kernel: pci 0000:64:0a.2: [8086:2042] type 00 class 0x088000
Feb 09 16:52:04 MSI-X299-SLI-PLUS-7A93 kernel: pci 0000:64:0a.3: [8086:2043] type 00 class 0x088000
Feb 09 16:52:04 MSI-X299-SLI-PLUS-7A93 kernel: pci 0000:64:0a.4: [8086:2044] type 00 class 0x088000
Feb 09 16:52:04 MSI-X299-SLI-PLUS-7A93 kernel: pci 0000:64:0a.5: [8086:2045] type 00 class 0x088000
Feb 09 16:52:04 MSI-X299-SLI-PLUS-7A93 kernel: pci 0000:64:0a.6: [8086:2046] type 00 class 0x088000
Feb 09 16:52:04 MSI-X299-SLI-PLUS-7A93 kernel: pci 0000:64:0a.7: [8086:2047] type 00 class 0x088000
Feb 09 16:52:04 MSI-X299-SLI-PLUS-7A93 kernel: pci 0000:64:0b.0: [8086:2048] type 00 class 0x088000
Feb 09 16:52:04 MSI-X299-SLI-PLUS-7A93 kernel: pci 0000:64:0b.1: [8086:2049] type 00 class 0x088000
Feb 09 16:52:04 MSI-X299-SLI-PLUS-7A93 kernel: pci 0000:64:0b.2: [8086:204a] type 00 class 0x088000
Feb 09 16:52:04 MSI-X299-SLI-PLUS-7A93 kernel: pci 0000:64:0b.3: [8086:204b] type 00 class 0x088000
Feb 09 16:52:04 MSI-X299-SLI-PLUS-7A93 kernel: pci 0000:64:0c.0: [8086:2040] type 00 class 0x088000
Feb 09 16:52:04 MSI-X299-SLI-PLUS-7A93 kernel: pci 0000:64:0c.1: [8086:2041] type 00 class 0x088000
Feb 09 16:52:04 MSI-X299-SLI-PLUS-7A93 kernel: pci 0000:64:0c.2: [8086:2042] type 00 class 0x088000
Feb 09 16:52:04 MSI-X299-SLI-PLUS-7A93 kernel: pci 0000:64:0c.3: [8086:2043] type 00 class 0x088000
Feb 09 16:52:04 MSI-X299-SLI-PLUS-7A93 kernel: pci 0000:64:0c.4: [8086:2044] type 00 class 0x088000
Feb 09 16:52:04 MSI-X299-SLI-PLUS-7A93 kernel: pci 0000:64:0c.5: [8086:2045] type 00 class 0x088000
Feb 09 16:52:04 MSI-X299-SLI-PLUS-7A93 kernel: pci 0000:64:0c.6: [8086:2046] type 00 class 0x088000
Feb 09 16:52:04 MSI-X299-SLI-PLUS-7A93 kernel: pci 0000:64:0c.7: [8086:2047] type 00 class 0x088000
Feb 09 16:52:04 MSI-X299-SLI-PLUS-7A93 kernel: pci 0000:64:0d.0: [8086:2048] type 00 class 0x088000
Feb 09 16:52:04 MSI-X299-SLI-PLUS-7A93 kernel: pci 0000:64:0d.1: [8086:2049] type 00 class 0x088000
Feb 09 16:52:04 MSI-X299-SLI-PLUS-7A93 kernel: pci 0000:64:0d.2: [8086:204a] type 00 class 0x088000
Feb 09 16:52:04 MSI-X299-SLI-PLUS-7A93 kernel: pci 0000:64:0d.3: [8086:204b] type 00 class 0x088000
Feb 09 16:52:04 MSI-X299-SLI-PLUS-7A93 kernel: pci 0000:65:00.0: [10de:1c82] type 00 class 0x030000
Feb 09 16:52:04 MSI-X299-SLI-PLUS-7A93 kernel: pci 0000:65:00.0: reg 0x10: [mem 0xd7000000-0xd7ffffff]
Feb 09 16:52:04 MSI-X299-SLI-PLUS-7A93 kernel: pci 0000:65:00.0: reg 0x14: [mem 0xc0000000-0xcfffffff 64bit pref]
Feb 09 16:52:04 MSI-X299-SLI-PLUS-7A93 kernel: pci 0000:65:00.0: reg 0x1c: [mem 0xd0000000-0xd1ffffff 64bit pref]
Feb 09 16:52:04 MSI-X299-SLI-PLUS-7A93 kernel: pci 0000:65:00.0: reg 0x24: [io  0xb000-0xb07f]
Feb 09 16:52:04 MSI-X299-SLI-PLUS-7A93 kernel: pci 0000:65:00.0: reg 0x30: [mem 0xd8000000-0xd807ffff pref]
Feb 09 16:52:04 MSI-X299-SLI-PLUS-7A93 kernel: pci 0000:65:00.0: BAR 3: assigned to efifb
Feb 09 16:52:04 MSI-X299-SLI-PLUS-7A93 kernel: pci 0000:65:00.0: Video device with shadowed ROM at [mem 0x000c0000-0x000dffff]
Feb 09 16:52:04 MSI-X299-SLI-PLUS-7A93 kernel: pci 0000:65:00.0: 32.000 Gb/s available PCIe bandwidth, limited by 2.5 GT/s PCIe x16 link at 0000:64:00.0 (capable of 126.016 Gb/s with 8.0 GT/s PCIe x16 link)
Feb 09 16:52:04 MSI-X299-SLI-PLUS-7A93 kernel: pci 0000:65:00.1: [10de:0fb9] type 00 class 0x040300
Feb 09 16:52:04 MSI-X299-SLI-PLUS-7A93 kernel: pci 0000:65:00.1: reg 0x10: [mem 0xd8080000-0xd8083fff]
Feb 09 16:52:04 MSI-X299-SLI-PLUS-7A93 kernel: pci 0000:64:00.0: ASPM: current common clock configuration is inconsistent, reconfiguring
Feb 09 16:52:04 MSI-X299-SLI-PLUS-7A93 kernel: pci 0000:64:00.0: PCI bridge to [bus 65]
Feb 09 16:52:04 MSI-X299-SLI-PLUS-7A93 kernel: pci 0000:64:00.0:   bridge window [io  0xb000-0xbfff]
Feb 09 16:52:04 MSI-X299-SLI-PLUS-7A93 kernel: pci 0000:64:00.0:   bridge window [mem 0xd7000000-0xd80fffff]
Feb 09 16:52:04 MSI-X299-SLI-PLUS-7A93 kernel: pci 0000:64:00.0:   bridge window [mem 0xc0000000-0xd1ffffff 64bit pref]
Feb 09 16:52:04 MSI-X299-SLI-PLUS-7A93 kernel: pci_bus 0000:64: on NUMA node 0
Feb 09 16:52:04 MSI-X299-SLI-PLUS-7A93 kernel: ACPI: PCI Root Bridge [PC03] (domain 0000 [bus b2-ff])
Feb 09 16:52:04 MSI-X299-SLI-PLUS-7A93 kernel: acpi PNP0A08:03: _OSC: OS supports [ExtendedConfig ASPM ClockPM Segments MSI EDR HPX-Type3]
Feb 09 16:52:04 MSI-X299-SLI-PLUS-7A93 kernel: acpi PNP0A08:03: _OSC: platform does not support [SHPCHotplug AER LTR DPC]
Feb 09 16:52:04 MSI-X299-SLI-PLUS-7A93 kernel: acpi PNP0A08:03: _OSC: OS now controls [PCIeHotplug PME PCIeCapability]
Feb 09 16:52:04 MSI-X299-SLI-PLUS-7A93 kernel: PCI host bridge to bus 0000:b2
Feb 09 16:52:04 MSI-X299-SLI-PLUS-7A93 kernel: pci_bus 0000:b2: root bus resource [bus b2-ff]
Feb 09 16:52:04 MSI-X299-SLI-PLUS-7A93 kernel: pci_bus 0000:b2: root bus resource [io  0xc000-0xffff window]
Feb 09 16:52:04 MSI-X299-SLI-PLUS-7A93 kernel: pci_bus 0000:b2: root bus resource [mem 0xd9000000-0xfbffffff window]
Feb 09 16:52:04 MSI-X299-SLI-PLUS-7A93 kernel: pci_bus 0000:b2: root bus resource [mem 0x3800c0000000-0x3800ffffffff window]
Feb 09 16:52:04 MSI-X299-SLI-PLUS-7A93 kernel: pci 0000:b2:05.0: [8086:2034] type 00 class 0x088000
Feb 09 16:52:04 MSI-X299-SLI-PLUS-7A93 kernel: pci 0000:b2:05.2: [8086:2035] type 00 class 0x088000
Feb 09 16:52:04 MSI-X299-SLI-PLUS-7A93 kernel: pci 0000:b2:05.4: [8086:2036] type 00 class 0x080020
Feb 09 16:52:04 MSI-X299-SLI-PLUS-7A93 kernel: pci 0000:b2:05.4: reg 0x10: [mem 0xfbf00000-0xfbf00fff]
Feb 09 16:52:04 MSI-X299-SLI-PLUS-7A93 kernel: pci 0000:b2:12.0: [8086:204c] type 00 class 0x110100
Feb 09 16:52:04 MSI-X299-SLI-PLUS-7A93 kernel: pci 0000:b2:12.1: [8086:204d] type 00 class 0x110100
Feb 09 16:52:04 MSI-X299-SLI-PLUS-7A93 kernel: pci 0000:b2:12.2: [8086:204e] type 00 class 0x088000
Feb 09 16:52:04 MSI-X299-SLI-PLUS-7A93 kernel: pci 0000:b2:15.0: [8086:2018] type 00 class 0x088000
Feb 09 16:52:04 MSI-X299-SLI-PLUS-7A93 kernel: pci 0000:b2:16.0: [8086:2018] type 00 class 0x088000
Feb 09 16:52:04 MSI-X299-SLI-PLUS-7A93 kernel: pci 0000:b2:16.4: [8086:2018] type 00 class 0x088000
Feb 09 16:52:04 MSI-X299-SLI-PLUS-7A93 kernel: pci 0000:b2:17.0: [8086:2018] type 00 class 0x088000
Feb 09 16:52:04 MSI-X299-SLI-PLUS-7A93 kernel: pci_bus 0000:b2: on NUMA node 0
Feb 09 16:52:04 MSI-X299-SLI-PLUS-7A93 kernel: ACPI: PCI: Interrupt link LNKA configured for IRQ 11
Feb 09 16:52:04 MSI-X299-SLI-PLUS-7A93 kernel: ACPI: PCI: Interrupt link LNKB configured for IRQ 10
Feb 09 16:52:04 MSI-X299-SLI-PLUS-7A93 kernel: ACPI: PCI: Interrupt link LNKC configured for IRQ 11
Feb 09 16:52:04 MSI-X299-SLI-PLUS-7A93 kernel: ACPI: PCI: Interrupt link LNKD configured for IRQ 11
Feb 09 16:52:04 MSI-X299-SLI-PLUS-7A93 kernel: ACPI: PCI: Interrupt link LNKE configured for IRQ 11
Feb 09 16:52:04 MSI-X299-SLI-PLUS-7A93 kernel: ACPI: PCI: Interrupt link LNKF configured for IRQ 11
Feb 09 16:52:04 MSI-X299-SLI-PLUS-7A93 kernel: ACPI: PCI: Interrupt link LNKG configured for IRQ 11
Feb 09 16:52:04 MSI-X299-SLI-PLUS-7A93 kernel: ACPI: PCI: Interrupt link LNKH configured for IRQ 11
Feb 09 16:52:04 MSI-X299-SLI-PLUS-7A93 kernel: ACPI BIOS Error (bug): Could not resolve symbol [\SHAD._STA.SDS0], AE_NOT_FOUND (20210730/psargs-330)
Feb 09 16:52:04 MSI-X299-SLI-PLUS-7A93 kernel: 
Feb 09 16:52:04 MSI-X299-SLI-PLUS-7A93 kernel: No Local Variables are initialized for Method [_STA]
Feb 09 16:52:04 MSI-X299-SLI-PLUS-7A93 kernel: 
Feb 09 16:52:04 MSI-X299-SLI-PLUS-7A93 kernel: No Arguments are initialized for method [_STA]
Feb 09 16:52:04 MSI-X299-SLI-PLUS-7A93 kernel: 
Feb 09 16:52:04 MSI-X299-SLI-PLUS-7A93 kernel: ACPI Error: Aborting method \SHAD._STA due to previous error (AE_NOT_FOUND) (20210730/psparse-529)
Feb 09 16:52:04 MSI-X299-SLI-PLUS-7A93 kernel: iommu: Default domain type: Translated 
Feb 09 16:52:04 MSI-X299-SLI-PLUS-7A93 kernel: iommu: DMA domain TLB invalidation policy: lazy mode 
Feb 09 16:52:04 MSI-X299-SLI-PLUS-7A93 kernel: SCSI subsystem initialized
Feb 09 16:52:04 MSI-X299-SLI-PLUS-7A93 kernel: libata version 3.00 loaded.
Feb 09 16:52:04 MSI-X299-SLI-PLUS-7A93 kernel: pci 0000:65:00.0: vgaarb: setting as boot VGA device
Feb 09 16:52:04 MSI-X299-SLI-PLUS-7A93 kernel: pci 0000:65:00.0: vgaarb: VGA device added: decodes=io+mem,owns=io+mem,locks=none
Feb 09 16:52:04 MSI-X299-SLI-PLUS-7A93 kernel: pci 0000:65:00.0: vgaarb: bridge control possible
Feb 09 16:52:04 MSI-X299-SLI-PLUS-7A93 kernel: vgaarb: loaded
Feb 09 16:52:04 MSI-X299-SLI-PLUS-7A93 kernel: ACPI: bus type USB registered
Feb 09 16:52:04 MSI-X299-SLI-PLUS-7A93 kernel: usbcore: registered new interface driver usbfs
Feb 09 16:52:04 MSI-X299-SLI-PLUS-7A93 kernel: usbcore: registered new interface driver hub
Feb 09 16:52:04 MSI-X299-SLI-PLUS-7A93 kernel: usbcore: registered new device driver usb
Feb 09 16:52:04 MSI-X299-SLI-PLUS-7A93 kernel: pps_core: LinuxPPS API ver. 1 registered
Feb 09 16:52:04 MSI-X299-SLI-PLUS-7A93 kernel: pps_core: Software ver. 5.3.6 - Copyright 2005-2007 Rodolfo Giometti <giometti@linux.it>
Feb 09 16:52:04 MSI-X299-SLI-PLUS-7A93 kernel: PTP clock support registered
Feb 09 16:52:04 MSI-X299-SLI-PLUS-7A93 kernel: EDAC MC: Ver: 3.0.0
Feb 09 16:52:04 MSI-X299-SLI-PLUS-7A93 kernel: Registered efivars operations
Feb 09 16:52:04 MSI-X299-SLI-PLUS-7A93 kernel: NetLabel: Initializing
Feb 09 16:52:04 MSI-X299-SLI-PLUS-7A93 kernel: NetLabel:  domain hash size = 128
Feb 09 16:52:04 MSI-X299-SLI-PLUS-7A93 kernel: NetLabel:  protocols = UNLABELED CIPSOv4 CALIPSO
Feb 09 16:52:04 MSI-X299-SLI-PLUS-7A93 kernel: NetLabel:  unlabeled traffic allowed by default
Feb 09 16:52:04 MSI-X299-SLI-PLUS-7A93 kernel: PCI: Using ACPI for IRQ routing
Feb 09 16:52:04 MSI-X299-SLI-PLUS-7A93 kernel: PCI: pci_cache_line_size set to 64 bytes
Feb 09 16:52:04 MSI-X299-SLI-PLUS-7A93 kernel: e820: reserve RAM buffer [mem 0x30b12018-0x33ffffff]
Feb 09 16:52:04 MSI-X299-SLI-PLUS-7A93 kernel: e820: reserve RAM buffer [mem 0x30b32018-0x33ffffff]
Feb 09 16:52:04 MSI-X299-SLI-PLUS-7A93 kernel: e820: reserve RAM buffer [mem 0x30b43018-0x33ffffff]
Feb 09 16:52:04 MSI-X299-SLI-PLUS-7A93 kernel: e820: reserve RAM buffer [mem 0x33733000-0x33ffffff]
Feb 09 16:52:04 MSI-X299-SLI-PLUS-7A93 kernel: e820: reserve RAM buffer [mem 0x33c42000-0x33ffffff]
Feb 09 16:52:04 MSI-X299-SLI-PLUS-7A93 kernel: e820: reserve RAM buffer [mem 0x374bd000-0x37ffffff]
Feb 09 16:52:04 MSI-X299-SLI-PLUS-7A93 kernel: e820: reserve RAM buffer [mem 0x3a439000-0x3bffffff]
Feb 09 16:52:04 MSI-X299-SLI-PLUS-7A93 kernel: e820: reserve RAM buffer [mem 0x3da3a000-0x3fffffff]
Feb 09 16:52:04 MSI-X299-SLI-PLUS-7A93 kernel: hpet0: at MMIO 0xfed00000, IRQs 2, 8, 0, 0, 0, 0, 0, 0
Feb 09 16:52:04 MSI-X299-SLI-PLUS-7A93 kernel: hpet0: 8 comparators, 64-bit 24.000000 MHz counter
Feb 09 16:52:04 MSI-X299-SLI-PLUS-7A93 kernel: clocksource: Switched to clocksource tsc-early
Feb 09 16:52:04 MSI-X299-SLI-PLUS-7A93 kernel: VFS: Disk quotas dquot_6.6.0
Feb 09 16:52:04 MSI-X299-SLI-PLUS-7A93 kernel: VFS: Dquot-cache hash table entries: 512 (order 0, 4096 bytes)
Feb 09 16:52:04 MSI-X299-SLI-PLUS-7A93 kernel: AppArmor: AppArmor Filesystem Enabled
Feb 09 16:52:04 MSI-X299-SLI-PLUS-7A93 kernel: pnp: PnP ACPI init
Feb 09 16:52:04 MSI-X299-SLI-PLUS-7A93 kernel: system 00:01: [io  0x0500-0x053f] has been reserved
Feb 09 16:52:04 MSI-X299-SLI-PLUS-7A93 kernel: system 00:01: [io  0x0400-0x047f] has been reserved
Feb 09 16:52:04 MSI-X299-SLI-PLUS-7A93 kernel: system 00:01: [io  0x0540-0x057f] has been reserved
Feb 09 16:52:04 MSI-X299-SLI-PLUS-7A93 kernel: system 00:01: [io  0x0600-0x061f] has been reserved
Feb 09 16:52:04 MSI-X299-SLI-PLUS-7A93 kernel: system 00:01: [io  0x0ca0-0x0ca5] has been reserved
Feb 09 16:52:04 MSI-X299-SLI-PLUS-7A93 kernel: system 00:01: [io  0x0880-0x0883] has been reserved
Feb 09 16:52:04 MSI-X299-SLI-PLUS-7A93 kernel: system 00:01: [io  0x0800-0x081f] has been reserved
Feb 09 16:52:04 MSI-X299-SLI-PLUS-7A93 kernel: system 00:01: [mem 0xfed1c000-0xfed3ffff] has been reserved
Feb 09 16:52:04 MSI-X299-SLI-PLUS-7A93 kernel: system 00:01: [mem 0xfed45000-0xfed8bfff] has been reserved
Feb 09 16:52:04 MSI-X299-SLI-PLUS-7A93 kernel: system 00:01: [mem 0xff000000-0xffffffff] has been reserved
Feb 09 16:52:04 MSI-X299-SLI-PLUS-7A93 kernel: system 00:01: [mem 0xfee00000-0xfeefffff] could not be reserved
Feb 09 16:52:04 MSI-X299-SLI-PLUS-7A93 kernel: system 00:01: [mem 0xfed12000-0xfed1200f] has been reserved
Feb 09 16:52:04 MSI-X299-SLI-PLUS-7A93 kernel: system 00:01: [mem 0xfed12010-0xfed1201f] has been reserved
Feb 09 16:52:04 MSI-X299-SLI-PLUS-7A93 kernel: system 00:01: [mem 0xfed1b000-0xfed1bfff] has been reserved
Feb 09 16:52:04 MSI-X299-SLI-PLUS-7A93 kernel: system 00:02: [io  0x1854-0x1857] has been reserved
Feb 09 16:52:04 MSI-X299-SLI-PLUS-7A93 kernel: system 00:03: [io  0x0a00-0x0a0f] has been reserved
Feb 09 16:52:04 MSI-X299-SLI-PLUS-7A93 kernel: system 00:03: [io  0x0a10-0x0a1f] has been reserved
Feb 09 16:52:04 MSI-X299-SLI-PLUS-7A93 kernel: system 00:03: [io  0x0a20-0x0a2f] has been reserved
Feb 09 16:52:04 MSI-X299-SLI-PLUS-7A93 kernel: system 00:03: [io  0x0280-0x028f] has been reserved
Feb 09 16:52:04 MSI-X299-SLI-PLUS-7A93 kernel: system 00:04: [mem 0xfd000000-0xfdabffff] has been reserved
Feb 09 16:52:04 MSI-X299-SLI-PLUS-7A93 kernel: system 00:04: [mem 0xfdad0000-0xfdadffff] has been reserved
Feb 09 16:52:04 MSI-X299-SLI-PLUS-7A93 kernel: system 00:04: [mem 0xfdb00000-0xfdffffff] has been reserved
Feb 09 16:52:04 MSI-X299-SLI-PLUS-7A93 kernel: system 00:04: [mem 0xfe000000-0xfe00ffff] has been reserved
Feb 09 16:52:04 MSI-X299-SLI-PLUS-7A93 kernel: system 00:04: [mem 0xfe011000-0xfe01ffff] has been reserved
Feb 09 16:52:04 MSI-X299-SLI-PLUS-7A93 kernel: system 00:04: [mem 0xfe036000-0xfe03bfff] has been reserved
Feb 09 16:52:04 MSI-X299-SLI-PLUS-7A93 kernel: system 00:04: [mem 0xfe03d000-0xfe3fffff] has been reserved
Feb 09 16:52:04 MSI-X299-SLI-PLUS-7A93 kernel: system 00:04: [mem 0xfe410000-0xfe7fffff] has been reserved
Feb 09 16:52:04 MSI-X299-SLI-PLUS-7A93 kernel: system 00:05: [io  0x0f00-0x0ffe] has been reserved
Feb 09 16:52:04 MSI-X299-SLI-PLUS-7A93 kernel: system 00:06: [mem 0xfdaf0000-0xfdafffff] has been reserved
Feb 09 16:52:04 MSI-X299-SLI-PLUS-7A93 kernel: system 00:06: [mem 0xfdae0000-0xfdaeffff] has been reserved
Feb 09 16:52:04 MSI-X299-SLI-PLUS-7A93 kernel: system 00:06: [mem 0xfdac0000-0xfdacffff] has been reserved
Feb 09 16:52:04 MSI-X299-SLI-PLUS-7A93 kernel: ACPI BIOS Error (bug): Could not resolve symbol [\SHAD._STA.SDS0], AE_NOT_FOUND (20210730/psargs-330)
Feb 09 16:52:04 MSI-X299-SLI-PLUS-7A93 kernel: 
Feb 09 16:52:04 MSI-X299-SLI-PLUS-7A93 kernel: No Local Variables are initialized for Method [_STA]
Feb 09 16:52:04 MSI-X299-SLI-PLUS-7A93 kernel: 
Feb 09 16:52:04 MSI-X299-SLI-PLUS-7A93 kernel: No Arguments are initialized for method [_STA]
Feb 09 16:52:04 MSI-X299-SLI-PLUS-7A93 kernel: 
Feb 09 16:52:04 MSI-X299-SLI-PLUS-7A93 kernel: ACPI Error: Aborting method \SHAD._STA due to previous error (AE_NOT_FOUND) (20210730/psparse-529)
Feb 09 16:52:04 MSI-X299-SLI-PLUS-7A93 kernel: pnp: PnP ACPI: found 7 devices
Feb 09 16:52:04 MSI-X299-SLI-PLUS-7A93 kernel: clocksource: acpi_pm: mask: 0xffffff max_cycles: 0xffffff, max_idle_ns: 2085701024 ns
Feb 09 16:52:04 MSI-X299-SLI-PLUS-7A93 kernel: NET: Registered PF_INET protocol family
Feb 09 16:52:04 MSI-X299-SLI-PLUS-7A93 kernel: IP idents hash table entries: 262144 (order: 9, 2097152 bytes, linear)
Feb 09 16:52:04 MSI-X299-SLI-PLUS-7A93 kernel: tcp_listen_portaddr_hash hash table entries: 8192 (order: 5, 131072 bytes, linear)
Feb 09 16:52:04 MSI-X299-SLI-PLUS-7A93 kernel: Table-perturb hash table entries: 65536 (order: 6, 262144 bytes, linear)
Feb 09 16:52:04 MSI-X299-SLI-PLUS-7A93 kernel: TCP established hash table entries: 131072 (order: 8, 1048576 bytes, linear)
Feb 09 16:52:04 MSI-X299-SLI-PLUS-7A93 kernel: TCP bind hash table entries: 65536 (order: 8, 1048576 bytes, linear)
Feb 09 16:52:04 MSI-X299-SLI-PLUS-7A93 kernel: TCP: Hash tables configured (established 131072 bind 65536)
Feb 09 16:52:04 MSI-X299-SLI-PLUS-7A93 kernel: MPTCP token hash table entries: 16384 (order: 6, 393216 bytes, linear)
Feb 09 16:52:04 MSI-X299-SLI-PLUS-7A93 kernel: UDP hash table entries: 8192 (order: 6, 262144 bytes, linear)
Feb 09 16:52:04 MSI-X299-SLI-PLUS-7A93 kernel: UDP-Lite hash table entries: 8192 (order: 6, 262144 bytes, linear)
Feb 09 16:52:04 MSI-X299-SLI-PLUS-7A93 kernel: NET: Registered PF_UNIX/PF_LOCAL protocol family
Feb 09 16:52:04 MSI-X299-SLI-PLUS-7A93 kernel: NET: Registered PF_XDP protocol family
Feb 09 16:52:04 MSI-X299-SLI-PLUS-7A93 kernel: pci 0000:00:1c.0: PCI bridge to [bus 01]
Feb 09 16:52:04 MSI-X299-SLI-PLUS-7A93 kernel: pci 0000:00:1c.0:   bridge window [mem 0x92e00000-0x92efffff]
Feb 09 16:52:04 MSI-X299-SLI-PLUS-7A93 kernel: pci 0000:00:1c.2: PCI bridge to [bus 02]
Feb 09 16:52:04 MSI-X299-SLI-PLUS-7A93 kernel: pci 0000:00:1c.2:   bridge window [mem 0x92d00000-0x92dfffff]
Feb 09 16:52:04 MSI-X299-SLI-PLUS-7A93 kernel: pci 0000:00:1c.5: PCI bridge to [bus 03]
Feb 09 16:52:04 MSI-X299-SLI-PLUS-7A93 kernel: pci 0000:00:1c.5:   bridge window [io  0x2000-0x2fff]
Feb 09 16:52:04 MSI-X299-SLI-PLUS-7A93 kernel: pci 0000:00:1c.5:   bridge window [mem 0x92c00000-0x92cfffff]
Feb 09 16:52:04 MSI-X299-SLI-PLUS-7A93 kernel: pci_bus 0000:00: resource 4 [io  0x0000-0x0cf7 window]
Feb 09 16:52:04 MSI-X299-SLI-PLUS-7A93 kernel: pci_bus 0000:00: resource 5 [io  0x1000-0x3fff window]
Feb 09 16:52:04 MSI-X299-SLI-PLUS-7A93 kernel: pci_bus 0000:00: resource 6 [mem 0x000c4000-0x000c7fff window]
Feb 09 16:52:04 MSI-X299-SLI-PLUS-7A93 kernel: pci_bus 0000:00: resource 7 [mem 0x70000000-0x92ffffff window]
Feb 09 16:52:04 MSI-X299-SLI-PLUS-7A93 kernel: pci_bus 0000:00: resource 8 [mem 0xfd000000-0xfe7fffff window]
Feb 09 16:52:04 MSI-X299-SLI-PLUS-7A93 kernel: pci_bus 0000:00: resource 9 [mem 0x380000000000-0x38003fffffff window]
Feb 09 16:52:04 MSI-X299-SLI-PLUS-7A93 kernel: pci_bus 0000:01: resource 1 [mem 0x92e00000-0x92efffff]
Feb 09 16:52:04 MSI-X299-SLI-PLUS-7A93 kernel: pci_bus 0000:02: resource 1 [mem 0x92d00000-0x92dfffff]
Feb 09 16:52:04 MSI-X299-SLI-PLUS-7A93 kernel: pci_bus 0000:03: resource 0 [io  0x2000-0x2fff]
Feb 09 16:52:04 MSI-X299-SLI-PLUS-7A93 kernel: pci_bus 0000:03: resource 1 [mem 0x92c00000-0x92cfffff]
Feb 09 16:52:04 MSI-X299-SLI-PLUS-7A93 kernel: pci_bus 0000:16: resource 4 [io  0x4000-0x7fff window]
Feb 09 16:52:04 MSI-X299-SLI-PLUS-7A93 kernel: pci_bus 0000:16: resource 5 [mem 0x93000000-0xb5ffffff window]
Feb 09 16:52:04 MSI-X299-SLI-PLUS-7A93 kernel: pci_bus 0000:16: resource 6 [mem 0x380040000000-0x38007fffffff window]
Feb 09 16:52:04 MSI-X299-SLI-PLUS-7A93 kernel: pci 0000:64:00.0: PCI bridge to [bus 65]
Feb 09 16:52:04 MSI-X299-SLI-PLUS-7A93 kernel: pci 0000:64:00.0:   bridge window [io  0xb000-0xbfff]
Feb 09 16:52:04 MSI-X299-SLI-PLUS-7A93 kernel: pci 0000:64:00.0:   bridge window [mem 0xd7000000-0xd80fffff]
Feb 09 16:52:04 MSI-X299-SLI-PLUS-7A93 kernel: pci 0000:64:00.0:   bridge window [mem 0xc0000000-0xd1ffffff 64bit pref]
Feb 09 16:52:04 MSI-X299-SLI-PLUS-7A93 kernel: pci_bus 0000:64: resource 4 [io  0x03b0-0x03bb window]
Feb 09 16:52:04 MSI-X299-SLI-PLUS-7A93 kernel: pci_bus 0000:64: resource 5 [io  0x03c0-0x03df window]
Feb 09 16:52:04 MSI-X299-SLI-PLUS-7A93 kernel: pci_bus 0000:64: resource 6 [io  0x8000-0xbfff window]
Feb 09 16:52:04 MSI-X299-SLI-PLUS-7A93 kernel: pci_bus 0000:64: resource 7 [mem 0x000a0000-0x000bffff window]
Feb 09 16:52:04 MSI-X299-SLI-PLUS-7A93 kernel: pci_bus 0000:64: resource 8 [mem 0xb6000000-0xd8ffffff window]
Feb 09 16:52:04 MSI-X299-SLI-PLUS-7A93 kernel: pci_bus 0000:64: resource 9 [mem 0x380080000000-0x3800bfffffff window]
Feb 09 16:52:04 MSI-X299-SLI-PLUS-7A93 kernel: pci_bus 0000:65: resource 0 [io  0xb000-0xbfff]
Feb 09 16:52:04 MSI-X299-SLI-PLUS-7A93 kernel: pci_bus 0000:65: resource 1 [mem 0xd7000000-0xd80fffff]
Feb 09 16:52:04 MSI-X299-SLI-PLUS-7A93 kernel: pci_bus 0000:65: resource 2 [mem 0xc0000000-0xd1ffffff 64bit pref]
Feb 09 16:52:04 MSI-X299-SLI-PLUS-7A93 kernel: pci_bus 0000:b2: resource 4 [io  0xc000-0xffff window]
Feb 09 16:52:04 MSI-X299-SLI-PLUS-7A93 kernel: pci_bus 0000:b2: resource 5 [mem 0xd9000000-0xfbffffff window]
Feb 09 16:52:04 MSI-X299-SLI-PLUS-7A93 kernel: pci_bus 0000:b2: resource 6 [mem 0x3800c0000000-0x3800ffffffff window]
Feb 09 16:52:04 MSI-X299-SLI-PLUS-7A93 kernel: pci 0000:01:00.0: PME# does not work under D0, disabling it
Feb 09 16:52:04 MSI-X299-SLI-PLUS-7A93 kernel: pci 0000:02:00.0: PME# does not work under D0, disabling it
Feb 09 16:52:04 MSI-X299-SLI-PLUS-7A93 kernel: pci 0000:16:05.0: disabled boot interrupts on device [8086:2034]
Feb 09 16:52:04 MSI-X299-SLI-PLUS-7A93 kernel: pci 0000:64:05.0: disabled boot interrupts on device [8086:2034]
Feb 09 16:52:04 MSI-X299-SLI-PLUS-7A93 kernel: pci 0000:65:00.0: CLS mismatch (64 != 32), using 64 bytes
Feb 09 16:52:04 MSI-X299-SLI-PLUS-7A93 kernel: pci 0000:65:00.1: D0 power state depends on 0000:65:00.0
Feb 09 16:52:04 MSI-X299-SLI-PLUS-7A93 kernel: pci 0000:b2:05.0: disabled boot interrupts on device [8086:2034]
Feb 09 16:52:04 MSI-X299-SLI-PLUS-7A93 kernel: PCI-DMA: Using software bounce buffering for IO (SWIOTLB)
Feb 09 16:52:04 MSI-X299-SLI-PLUS-7A93 kernel: software IO TLB: mapped [mem 0x000000002c890000-0x0000000030890000] (64MB)
Feb 09 16:52:04 MSI-X299-SLI-PLUS-7A93 kernel: Trying to unpack rootfs image as initramfs...
Feb 09 16:52:04 MSI-X299-SLI-PLUS-7A93 kernel: Initialise system trusted keyrings
Feb 09 16:52:04 MSI-X299-SLI-PLUS-7A93 kernel: Key type blacklist registered
Feb 09 16:52:04 MSI-X299-SLI-PLUS-7A93 kernel: workingset: timestamp_bits=36 max_order=22 bucket_order=0
Feb 09 16:52:04 MSI-X299-SLI-PLUS-7A93 kernel: zbud: loaded
Feb 09 16:52:04 MSI-X299-SLI-PLUS-7A93 kernel: squashfs: version 4.0 (2009/01/31) Phillip Lougher
Feb 09 16:52:04 MSI-X299-SLI-PLUS-7A93 kernel: fuse: init (API version 7.34)
Feb 09 16:52:04 MSI-X299-SLI-PLUS-7A93 kernel: integrity: Platform Keyring initialized
Feb 09 16:52:04 MSI-X299-SLI-PLUS-7A93 kernel: Key type asymmetric registered
Feb 09 16:52:04 MSI-X299-SLI-PLUS-7A93 kernel: Asymmetric key parser 'x509' registered
Feb 09 16:52:04 MSI-X299-SLI-PLUS-7A93 kernel: Block layer SCSI generic (bsg) driver version 0.4 loaded (major 243)
Feb 09 16:52:04 MSI-X299-SLI-PLUS-7A93 kernel: io scheduler mq-deadline registered
Feb 09 16:52:04 MSI-X299-SLI-PLUS-7A93 kernel: pcieport 0000:00:1c.0: PME: Signaling with IRQ 24
Feb 09 16:52:04 MSI-X299-SLI-PLUS-7A93 kernel: pcieport 0000:00:1c.2: PME: Signaling with IRQ 25
Feb 09 16:52:04 MSI-X299-SLI-PLUS-7A93 kernel: pcieport 0000:00:1c.5: PME: Signaling with IRQ 26
Feb 09 16:52:04 MSI-X299-SLI-PLUS-7A93 kernel: pcieport 0000:64:00.0: PME: Signaling with IRQ 28
Feb 09 16:52:04 MSI-X299-SLI-PLUS-7A93 kernel: shpchp: Standard Hot Plug PCI Controller Driver version: 0.4
Feb 09 16:52:04 MSI-X299-SLI-PLUS-7A93 kernel: input: Sleep Button as /devices/LNXSYSTM:00/LNXSYBUS:00/PNP0C0E:00/input/input0
Feb 09 16:52:04 MSI-X299-SLI-PLUS-7A93 kernel: ACPI: button: Sleep Button [SLPB]
Feb 09 16:52:04 MSI-X299-SLI-PLUS-7A93 kernel: input: Power Button as /devices/LNXSYSTM:00/LNXSYBUS:00/PNP0C0C:00/input/input1
Feb 09 16:52:04 MSI-X299-SLI-PLUS-7A93 kernel: ACPI: button: Power Button [PWRB]
Feb 09 16:52:04 MSI-X299-SLI-PLUS-7A93 kernel: input: Power Button as /devices/LNXSYSTM:00/LNXPWRBN:00/input/input2
Feb 09 16:52:04 MSI-X299-SLI-PLUS-7A93 kernel: ACPI: button: Power Button [PWRF]
Feb 09 16:52:04 MSI-X299-SLI-PLUS-7A93 kernel: Serial: 8250/16550 driver, 32 ports, IRQ sharing enabled
Feb 09 16:52:04 MSI-X299-SLI-PLUS-7A93 kernel: serial8250: ttyS0 at I/O 0x3f8 (irq = 4, base_baud = 115200) is a 16550A
Feb 09 16:52:04 MSI-X299-SLI-PLUS-7A93 kernel: serial8250: ttyS1 at I/O 0x2f8 (irq = 3, base_baud = 115200) is a 16550A
Feb 09 16:52:04 MSI-X299-SLI-PLUS-7A93 kernel: Linux agpgart interface v0.103
Feb 09 16:52:04 MSI-X299-SLI-PLUS-7A93 kernel: loop: module loaded
Feb 09 16:52:04 MSI-X299-SLI-PLUS-7A93 kernel: tun: Universal TUN/TAP device driver, 1.6
Feb 09 16:52:04 MSI-X299-SLI-PLUS-7A93 kernel: PPP generic driver version 2.4.2
Feb 09 16:52:04 MSI-X299-SLI-PLUS-7A93 kernel: VFIO - User Level meta-driver version: 0.3
Feb 09 16:52:04 MSI-X299-SLI-PLUS-7A93 kernel: ehci_hcd: USB 2.0 'Enhanced' Host Controller (EHCI) Driver
Feb 09 16:52:04 MSI-X299-SLI-PLUS-7A93 kernel: ehci-pci: EHCI PCI platform driver
Feb 09 16:52:04 MSI-X299-SLI-PLUS-7A93 kernel: ehci-platform: EHCI generic platform driver
Feb 09 16:52:04 MSI-X299-SLI-PLUS-7A93 kernel: ohci_hcd: USB 1.1 'Open' Host Controller (OHCI) Driver
Feb 09 16:52:04 MSI-X299-SLI-PLUS-7A93 kernel: ohci-pci: OHCI PCI platform driver
Feb 09 16:52:04 MSI-X299-SLI-PLUS-7A93 kernel: ohci-platform: OHCI generic platform driver
Feb 09 16:52:04 MSI-X299-SLI-PLUS-7A93 kernel: uhci_hcd: USB Universal Host Controller Interface driver
Feb 09 16:52:04 MSI-X299-SLI-PLUS-7A93 kernel: i8042: PNP: No PS/2 controller found.
Feb 09 16:52:04 MSI-X299-SLI-PLUS-7A93 kernel: mousedev: PS/2 mouse device common for all mice
Feb 09 16:52:04 MSI-X299-SLI-PLUS-7A93 kernel: rtc_cmos 00:00: RTC can wake from S4
Feb 09 16:52:04 MSI-X299-SLI-PLUS-7A93 kernel: rtc_cmos 00:00: registered as rtc0
Feb 09 16:52:04 MSI-X299-SLI-PLUS-7A93 kernel: rtc_cmos 00:00: setting system clock to 2023-02-09T16:52:01 UTC (1675961521)
Feb 09 16:52:04 MSI-X299-SLI-PLUS-7A93 kernel: rtc_cmos 00:00: alarms up to one month, y3k, 114 bytes nvram, hpet irqs
Feb 09 16:52:04 MSI-X299-SLI-PLUS-7A93 kernel: i2c_dev: i2c /dev entries driver
Feb 09 16:52:04 MSI-X299-SLI-PLUS-7A93 kernel: device-mapper: core: CONFIG_IMA_DISABLE_HTABLE is disabled. Duplicate IMA measurements will not be recorded in the IMA log.
Feb 09 16:52:04 MSI-X299-SLI-PLUS-7A93 kernel: device-mapper: uevent: version 1.0.3
Feb 09 16:52:04 MSI-X299-SLI-PLUS-7A93 kernel: device-mapper: ioctl: 4.45.0-ioctl (2021-03-22) initialised: dm-devel@redhat.com
Feb 09 16:52:04 MSI-X299-SLI-PLUS-7A93 kernel: platform eisa.0: Probing EISA bus 0
Feb 09 16:52:04 MSI-X299-SLI-PLUS-7A93 kernel: platform eisa.0: EISA: Cannot allocate resource for mainboard
Feb 09 16:52:04 MSI-X299-SLI-PLUS-7A93 kernel: platform eisa.0: Cannot allocate resource for EISA slot 1
Feb 09 16:52:04 MSI-X299-SLI-PLUS-7A93 kernel: platform eisa.0: Cannot allocate resource for EISA slot 2
Feb 09 16:52:04 MSI-X299-SLI-PLUS-7A93 kernel: platform eisa.0: Cannot allocate resource for EISA slot 3
Feb 09 16:52:04 MSI-X299-SLI-PLUS-7A93 kernel: platform eisa.0: Cannot allocate resource for EISA slot 4
Feb 09 16:52:04 MSI-X299-SLI-PLUS-7A93 kernel: platform eisa.0: Cannot allocate resource for EISA slot 5
Feb 09 16:52:04 MSI-X299-SLI-PLUS-7A93 kernel: platform eisa.0: Cannot allocate resource for EISA slot 6
Feb 09 16:52:04 MSI-X299-SLI-PLUS-7A93 kernel: platform eisa.0: Cannot allocate resource for EISA slot 7
Feb 09 16:52:04 MSI-X299-SLI-PLUS-7A93 kernel: platform eisa.0: Cannot allocate resource for EISA slot 8
Feb 09 16:52:04 MSI-X299-SLI-PLUS-7A93 kernel: platform eisa.0: EISA: Detected 0 cards
Feb 09 16:52:04 MSI-X299-SLI-PLUS-7A93 kernel: intel_pstate: HWP not enabled
Feb 09 16:52:04 MSI-X299-SLI-PLUS-7A93 kernel: intel_pstate: Intel P-state driver initializing
Feb 09 16:52:04 MSI-X299-SLI-PLUS-7A93 kernel: ledtrig-cpu: registered to indicate activity on CPUs
Feb 09 16:52:04 MSI-X299-SLI-PLUS-7A93 kernel: efifb: probing for efifb
Feb 09 16:52:04 MSI-X299-SLI-PLUS-7A93 kernel: efifb: showing boot graphics
Feb 09 16:52:04 MSI-X299-SLI-PLUS-7A93 kernel: efifb: framebuffer at 0xd1000000, using 3072k, total 3072k
Feb 09 16:52:04 MSI-X299-SLI-PLUS-7A93 kernel: efifb: mode is 1024x768x32, linelength=4096, pages=1
Feb 09 16:52:04 MSI-X299-SLI-PLUS-7A93 kernel: efifb: scrolling: redraw
Feb 09 16:52:04 MSI-X299-SLI-PLUS-7A93 kernel: efifb: Truecolor: size=8:8:8:8, shift=24:16:8:0
Feb 09 16:52:04 MSI-X299-SLI-PLUS-7A93 kernel: Console: switching to colour frame buffer device 128x48
Feb 09 16:52:04 MSI-X299-SLI-PLUS-7A93 kernel: fb0: EFI VGA frame buffer device
Feb 09 16:52:04 MSI-X299-SLI-PLUS-7A93 kernel: EFI Variables Facility v0.08 2004-May-17
Feb 09 16:52:04 MSI-X299-SLI-PLUS-7A93 kernel: drop_monitor: Initializing network drop monitor service
Feb 09 16:52:04 MSI-X299-SLI-PLUS-7A93 kernel: NET: Registered PF_INET6 protocol family
Feb 09 16:52:04 MSI-X299-SLI-PLUS-7A93 kernel: Freeing initrd memory: 68280K
Feb 09 16:52:04 MSI-X299-SLI-PLUS-7A93 kernel: Segment Routing with IPv6
Feb 09 16:52:04 MSI-X299-SLI-PLUS-7A93 kernel: In-situ OAM (IOAM) with IPv6
Feb 09 16:52:04 MSI-X299-SLI-PLUS-7A93 kernel: NET: Registered PF_PACKET protocol family
Feb 09 16:52:04 MSI-X299-SLI-PLUS-7A93 kernel: Key type dns_resolver registered
Feb 09 16:52:04 MSI-X299-SLI-PLUS-7A93 kernel: microcode: sig=0x50654, pf=0x4, revision=0x2006e05
Feb 09 16:52:04 MSI-X299-SLI-PLUS-7A93 kernel: microcode: Microcode Update Driver: v2.2.
Feb 09 16:52:04 MSI-X299-SLI-PLUS-7A93 kernel: resctrl: MB allocation detected
Feb 09 16:52:04 MSI-X299-SLI-PLUS-7A93 kernel: IPI shorthand broadcast: enabled
Feb 09 16:52:04 MSI-X299-SLI-PLUS-7A93 kernel: sched_clock: Marking stable (520267851, -3528996)->(582072839, -65333984)
Feb 09 16:52:04 MSI-X299-SLI-PLUS-7A93 kernel: registered taskstats version 1
Feb 09 16:52:04 MSI-X299-SLI-PLUS-7A93 kernel: Loading compiled-in X.509 certificates
Feb 09 16:52:04 MSI-X299-SLI-PLUS-7A93 kernel: Loaded X.509 cert 'Build time autogenerated kernel key: 52e754b11b45338343277fbd8546035bc6526e3e'
Feb 09 16:52:04 MSI-X299-SLI-PLUS-7A93 kernel: Loaded X.509 cert 'Canonical Ltd. Live Patch Signing: 14df34d1a87cf37625abec039ef2bf521249b969'
Feb 09 16:52:04 MSI-X299-SLI-PLUS-7A93 kernel: Loaded X.509 cert 'Canonical Ltd. Kernel Module Signing: 88f752e560a1e0737e31163a466ad7b70a850c19'
Feb 09 16:52:04 MSI-X299-SLI-PLUS-7A93 kernel: blacklist: Loading compiled-in revocation X.509 certificates
Feb 09 16:52:04 MSI-X299-SLI-PLUS-7A93 kernel: Loaded X.509 cert 'Canonical Ltd. Secure Boot Signing: 61482aa2830d0ab2ad5af10b7250da9033ddcef0'
Feb 09 16:52:04 MSI-X299-SLI-PLUS-7A93 kernel: Loaded X.509 cert 'Canonical Ltd. Secure Boot Signing (2017): 242ade75ac4a15e50d50c84b0d45ff3eae707a03'
Feb 09 16:52:04 MSI-X299-SLI-PLUS-7A93 kernel: Loaded X.509 cert 'Canonical Ltd. Secure Boot Signing (ESM 2018): 365188c1d374d6b07c3c8f240f8ef722433d6a8b'
Feb 09 16:52:04 MSI-X299-SLI-PLUS-7A93 kernel: Loaded X.509 cert 'Canonical Ltd. Secure Boot Signing (2019): c0746fd6c5da3ae827864651ad66ae47fe24b3e8'
Feb 09 16:52:04 MSI-X299-SLI-PLUS-7A93 kernel: Loaded X.509 cert 'Canonical Ltd. Secure Boot Signing (2021 v1): a8d54bbb3825cfb94fa13c9f8a594a195c107b8d'
Feb 09 16:52:04 MSI-X299-SLI-PLUS-7A93 kernel: Loaded X.509 cert 'Canonical Ltd. Secure Boot Signing (2021 v2): 4cf046892d6fd3c9a5b03f98d845f90851dc6a8c'
Feb 09 16:52:04 MSI-X299-SLI-PLUS-7A93 kernel: Loaded X.509 cert 'Canonical Ltd. Secure Boot Signing (2021 v3): 100437bb6de6e469b581e61cd66bce3ef4ed53af'
Feb 09 16:52:04 MSI-X299-SLI-PLUS-7A93 kernel: Loaded X.509 cert 'Canonical Ltd. Secure Boot Signing (Ubuntu Core 2019): c1d57b8f6b743f23ee41f4f7ee292f06eecadfb9'
Feb 09 16:52:04 MSI-X299-SLI-PLUS-7A93 kernel: zswap: loaded using pool lzo/zbud
Feb 09 16:52:04 MSI-X299-SLI-PLUS-7A93 kernel: Key type .fscrypt registered
Feb 09 16:52:04 MSI-X299-SLI-PLUS-7A93 kernel: Key type fscrypt-provisioning registered
Feb 09 16:52:04 MSI-X299-SLI-PLUS-7A93 kernel: Key type trusted registered
Feb 09 16:52:04 MSI-X299-SLI-PLUS-7A93 kernel: Key type encrypted registered
Feb 09 16:52:04 MSI-X299-SLI-PLUS-7A93 kernel: AppArmor: AppArmor sha1 policy hashing enabled
Feb 09 16:52:04 MSI-X299-SLI-PLUS-7A93 kernel: integrity: Loading X.509 certificate: UEFI:db
Feb 09 16:52:04 MSI-X299-SLI-PLUS-7A93 kernel: integrity: Loaded X.509 cert 'Microsoft Corporation UEFI CA 2011: 13adbf4309bd82709c8cd54f316ed522988a1bd4'
Feb 09 16:52:04 MSI-X299-SLI-PLUS-7A93 kernel: integrity: Loading X.509 certificate: UEFI:db
Feb 09 16:52:04 MSI-X299-SLI-PLUS-7A93 kernel: integrity: Loaded X.509 cert 'Microsoft Windows Production PCA 2011: a92902398e16c49778cd90f99e4f9ae17c55af53'
Feb 09 16:52:04 MSI-X299-SLI-PLUS-7A93 kernel: integrity: Loading X.509 certificate: UEFI:db
Feb 09 16:52:04 MSI-X299-SLI-PLUS-7A93 kernel: integrity: Loaded X.509 cert 'MSI SHIP OWN CA: c2608d7de57ee78642366ec645b7381c'
Feb 09 16:52:04 MSI-X299-SLI-PLUS-7A93 kernel: integrity: Loading X.509 certificate: UEFI:MokListRT (MOKvar table)
Feb 09 16:52:04 MSI-X299-SLI-PLUS-7A93 kernel: integrity: Loaded X.509 cert 'Canonical Ltd. Master Certificate Authority: ad91990bc22ab1f517048c23b6655a268e345a63'
Feb 09 16:52:04 MSI-X299-SLI-PLUS-7A93 kernel: Loading compiled-in module X.509 certificates
Feb 09 16:52:04 MSI-X299-SLI-PLUS-7A93 kernel: Loaded X.509 cert 'Build time autogenerated kernel key: 52e754b11b45338343277fbd8546035bc6526e3e'
Feb 09 16:52:04 MSI-X299-SLI-PLUS-7A93 kernel: ima: Allocated hash algorithm: sha1
Feb 09 16:52:04 MSI-X299-SLI-PLUS-7A93 kernel: ima: No architecture policies found
Feb 09 16:52:04 MSI-X299-SLI-PLUS-7A93 kernel: evm: Initialising EVM extended attributes:
Feb 09 16:52:04 MSI-X299-SLI-PLUS-7A93 kernel: evm: security.selinux
Feb 09 16:52:04 MSI-X299-SLI-PLUS-7A93 kernel: evm: security.SMACK64
Feb 09 16:52:04 MSI-X299-SLI-PLUS-7A93 kernel: evm: security.SMACK64EXEC
Feb 09 16:52:04 MSI-X299-SLI-PLUS-7A93 kernel: evm: security.SMACK64TRANSMUTE
Feb 09 16:52:04 MSI-X299-SLI-PLUS-7A93 kernel: evm: security.SMACK64MMAP
Feb 09 16:52:04 MSI-X299-SLI-PLUS-7A93 kernel: evm: security.apparmor
Feb 09 16:52:04 MSI-X299-SLI-PLUS-7A93 kernel: evm: security.ima
Feb 09 16:52:04 MSI-X299-SLI-PLUS-7A93 kernel: evm: security.capability
Feb 09 16:52:04 MSI-X299-SLI-PLUS-7A93 kernel: evm: HMAC attrs: 0x1
Feb 09 16:52:04 MSI-X299-SLI-PLUS-7A93 kernel: PM:   Magic number: 11:686:893
Feb 09 16:52:04 MSI-X299-SLI-PLUS-7A93 kernel: pci 0000:00:1f.6: hash matches
Feb 09 16:52:04 MSI-X299-SLI-PLUS-7A93 kernel: acpi device:cf: hash matches
Feb 09 16:52:04 MSI-X299-SLI-PLUS-7A93 kernel: RAS: Correctable Errors collector initialized.
Feb 09 16:52:04 MSI-X299-SLI-PLUS-7A93 kernel: Freeing unused decrypted memory: 2036K
Feb 09 16:52:04 MSI-X299-SLI-PLUS-7A93 kernel: Freeing unused kernel image (initmem) memory: 3236K
Feb 09 16:52:04 MSI-X299-SLI-PLUS-7A93 kernel: Write protecting the kernel read-only data: 30720k
Feb 09 16:52:04 MSI-X299-SLI-PLUS-7A93 kernel: Freeing unused kernel image (text/rodata gap) memory: 2036K
Feb 09 16:52:04 MSI-X299-SLI-PLUS-7A93 kernel: Freeing unused kernel image (rodata/data gap) memory: 1496K
Feb 09 16:52:04 MSI-X299-SLI-PLUS-7A93 kernel: x86/mm: Checked W+X mappings: passed, no W+X pages found.
Feb 09 16:52:04 MSI-X299-SLI-PLUS-7A93 kernel: x86/mm: Checking user space page tables
Feb 09 16:52:04 MSI-X299-SLI-PLUS-7A93 kernel: x86/mm: Checked W+X mappings: passed, no W+X pages found.
Feb 09 16:52:04 MSI-X299-SLI-PLUS-7A93 kernel: Run /init as init process
Feb 09 16:52:04 MSI-X299-SLI-PLUS-7A93 kernel:   with arguments:
Feb 09 16:52:04 MSI-X299-SLI-PLUS-7A93 kernel:     /init
Feb 09 16:52:04 MSI-X299-SLI-PLUS-7A93 kernel:     splash
Feb 09 16:52:04 MSI-X299-SLI-PLUS-7A93 kernel:   with environment:
Feb 09 16:52:04 MSI-X299-SLI-PLUS-7A93 kernel:     HOME=/
Feb 09 16:52:04 MSI-X299-SLI-PLUS-7A93 kernel:     TERM=linux
Feb 09 16:52:04 MSI-X299-SLI-PLUS-7A93 kernel:     BOOT_IMAGE=/boot/vmlinuz-5.15.0-60-generic
Feb 09 16:52:04 MSI-X299-SLI-PLUS-7A93 kernel: dca service started, version 1.12.1
Feb 09 16:52:04 MSI-X299-SLI-PLUS-7A93 kernel: xhci_hcd 0000:00:14.0: xHCI Host Controller
Feb 09 16:52:04 MSI-X299-SLI-PLUS-7A93 kernel: xhci_hcd 0000:00:14.0: new USB bus registered, assigned bus number 1
Feb 09 16:52:04 MSI-X299-SLI-PLUS-7A93 kernel: xhci_hcd 0000:00:14.0: hcc params 0x200077c1 hci version 0x100 quirks 0x0000000000009810
Feb 09 16:52:04 MSI-X299-SLI-PLUS-7A93 kernel: xhci_hcd 0000:00:14.0: xHCI Host Controller
Feb 09 16:52:04 MSI-X299-SLI-PLUS-7A93 kernel: xhci_hcd 0000:00:14.0: new USB bus registered, assigned bus number 2
Feb 09 16:52:04 MSI-X299-SLI-PLUS-7A93 kernel: xhci_hcd 0000:00:14.0: Host supports USB 3.0 SuperSpeed
Feb 09 16:52:04 MSI-X299-SLI-PLUS-7A93 kernel: ahci 0000:00:17.0: version 3.0
Feb 09 16:52:04 MSI-X299-SLI-PLUS-7A93 kernel: i801_smbus 0000:00:1f.4: SMBus using PCI interrupt
Feb 09 16:52:04 MSI-X299-SLI-PLUS-7A93 kernel: usb usb1: New USB device found, idVendor=1d6b, idProduct=0002, bcdDevice= 5.15
Feb 09 16:52:04 MSI-X299-SLI-PLUS-7A93 kernel: usb usb1: New USB device strings: Mfr=3, Product=2, SerialNumber=1
Feb 09 16:52:04 MSI-X299-SLI-PLUS-7A93 kernel: usb usb1: Product: xHCI Host Controller
Feb 09 16:52:04 MSI-X299-SLI-PLUS-7A93 kernel: usb usb1: Manufacturer: Linux 5.15.0-60-generic xhci-hcd
Feb 09 16:52:04 MSI-X299-SLI-PLUS-7A93 kernel: usb usb1: SerialNumber: 0000:00:14.0
Feb 09 16:52:04 MSI-X299-SLI-PLUS-7A93 kernel: i2c i2c-0: 2/8 memory slots populated (from DMI)
Feb 09 16:52:04 MSI-X299-SLI-PLUS-7A93 kernel: i2c i2c-0: Systems with more than 4 memory slots not supported yet, not instantiating SPD
Feb 09 16:52:04 MSI-X299-SLI-PLUS-7A93 kernel: hub 1-0:1.0: USB hub found
Feb 09 16:52:04 MSI-X299-SLI-PLUS-7A93 kernel: hub 1-0:1.0: 16 ports detected
Feb 09 16:52:04 MSI-X299-SLI-PLUS-7A93 kernel: igb: Intel(R) Gigabit Ethernet Network Driver
Feb 09 16:52:04 MSI-X299-SLI-PLUS-7A93 kernel: igb: Copyright (c) 2007-2014 Intel Corporation.
Feb 09 16:52:04 MSI-X299-SLI-PLUS-7A93 kernel: e1000e: Intel(R) PRO/1000 Network Driver
Feb 09 16:52:04 MSI-X299-SLI-PLUS-7A93 kernel: e1000e: Copyright(c) 1999 - 2015 Intel Corporation.
Feb 09 16:52:04 MSI-X299-SLI-PLUS-7A93 kernel: usb usb2: New USB device found, idVendor=1d6b, idProduct=0003, bcdDevice= 5.15
Feb 09 16:52:04 MSI-X299-SLI-PLUS-7A93 kernel: usb usb2: New USB device strings: Mfr=3, Product=2, SerialNumber=1
Feb 09 16:52:04 MSI-X299-SLI-PLUS-7A93 kernel: usb usb2: Product: xHCI Host Controller
Feb 09 16:52:04 MSI-X299-SLI-PLUS-7A93 kernel: usb usb2: Manufacturer: Linux 5.15.0-60-generic xhci-hcd
Feb 09 16:52:04 MSI-X299-SLI-PLUS-7A93 kernel: usb usb2: SerialNumber: 0000:00:14.0
Feb 09 16:52:04 MSI-X299-SLI-PLUS-7A93 kernel: hub 2-0:1.0: USB hub found
Feb 09 16:52:04 MSI-X299-SLI-PLUS-7A93 kernel: hub 2-0:1.0: 10 ports detected
Feb 09 16:52:04 MSI-X299-SLI-PLUS-7A93 kernel: usb: port power management may be unreliable
Feb 09 16:52:04 MSI-X299-SLI-PLUS-7A93 kernel: e1000e 0000:00:1f.6: Interrupt Throttling Rate (ints/sec) set to dynamic conservative mode
Feb 09 16:52:04 MSI-X299-SLI-PLUS-7A93 kernel: xhci_hcd 0000:01:00.0: xHCI Host Controller
Feb 09 16:52:04 MSI-X299-SLI-PLUS-7A93 kernel: xhci_hcd 0000:01:00.0: new USB bus registered, assigned bus number 3
Feb 09 16:52:04 MSI-X299-SLI-PLUS-7A93 kernel: ahci 0000:00:17.0: AHCI 0001.0301 32 slots 8 ports 6 Gbps 0xff impl SATA mode
Feb 09 16:52:04 MSI-X299-SLI-PLUS-7A93 kernel: ahci 0000:00:17.0: flags: 64bit ncq sntf led clo only pio slum part ems deso sadm sds apst 
Feb 09 16:52:04 MSI-X299-SLI-PLUS-7A93 kernel: xhci_hcd 0000:01:00.0: hcc params 0x0200ef80 hci version 0x110 quirks 0x0000000000800010
Feb 09 16:52:04 MSI-X299-SLI-PLUS-7A93 kernel: xhci_hcd 0000:01:00.0: xHCI Host Controller
Feb 09 16:52:04 MSI-X299-SLI-PLUS-7A93 kernel: xhci_hcd 0000:01:00.0: new USB bus registered, assigned bus number 4
Feb 09 16:52:04 MSI-X299-SLI-PLUS-7A93 kernel: xhci_hcd 0000:01:00.0: Host supports USB 3.1 Enhanced SuperSpeed
Feb 09 16:52:04 MSI-X299-SLI-PLUS-7A93 kernel: usb usb3: New USB device found, idVendor=1d6b, idProduct=0002, bcdDevice= 5.15
Feb 09 16:52:04 MSI-X299-SLI-PLUS-7A93 kernel: usb usb3: New USB device strings: Mfr=3, Product=2, SerialNumber=1
Feb 09 16:52:04 MSI-X299-SLI-PLUS-7A93 kernel: usb usb3: Product: xHCI Host Controller
Feb 09 16:52:04 MSI-X299-SLI-PLUS-7A93 kernel: usb usb3: Manufacturer: Linux 5.15.0-60-generic xhci-hcd
Feb 09 16:52:04 MSI-X299-SLI-PLUS-7A93 kernel: usb usb3: SerialNumber: 0000:01:00.0
Feb 09 16:52:04 MSI-X299-SLI-PLUS-7A93 kernel: hub 3-0:1.0: USB hub found
Feb 09 16:52:04 MSI-X299-SLI-PLUS-7A93 kernel: hub 3-0:1.0: 2 ports detected
Feb 09 16:52:04 MSI-X299-SLI-PLUS-7A93 kernel: usb usb4: We don't know the algorithms for LPM for this host, disabling LPM.
Feb 09 16:52:04 MSI-X299-SLI-PLUS-7A93 kernel: usb usb4: New USB device found, idVendor=1d6b, idProduct=0003, bcdDevice= 5.15
Feb 09 16:52:04 MSI-X299-SLI-PLUS-7A93 kernel: usb usb4: New USB device strings: Mfr=3, Product=2, SerialNumber=1
Feb 09 16:52:04 MSI-X299-SLI-PLUS-7A93 kernel: usb usb4: Product: xHCI Host Controller
Feb 09 16:52:04 MSI-X299-SLI-PLUS-7A93 kernel: usb usb4: Manufacturer: Linux 5.15.0-60-generic xhci-hcd
Feb 09 16:52:04 MSI-X299-SLI-PLUS-7A93 kernel: usb usb4: SerialNumber: 0000:01:00.0
Feb 09 16:52:04 MSI-X299-SLI-PLUS-7A93 kernel: hub 4-0:1.0: USB hub found
Feb 09 16:52:04 MSI-X299-SLI-PLUS-7A93 kernel: hub 4-0:1.0: 2 ports detected
Feb 09 16:52:04 MSI-X299-SLI-PLUS-7A93 kernel: xhci_hcd 0000:02:00.0: xHCI Host Controller
Feb 09 16:52:04 MSI-X299-SLI-PLUS-7A93 kernel: xhci_hcd 0000:02:00.0: new USB bus registered, assigned bus number 5
Feb 09 16:52:04 MSI-X299-SLI-PLUS-7A93 kernel: xhci_hcd 0000:02:00.0: hcc params 0x0200ef80 hci version 0x110 quirks 0x0000000000800010
Feb 09 16:52:04 MSI-X299-SLI-PLUS-7A93 kernel: xhci_hcd 0000:02:00.0: xHCI Host Controller
Feb 09 16:52:04 MSI-X299-SLI-PLUS-7A93 kernel: xhci_hcd 0000:02:00.0: new USB bus registered, assigned bus number 6
Feb 09 16:52:04 MSI-X299-SLI-PLUS-7A93 kernel: xhci_hcd 0000:02:00.0: Host supports USB 3.1 Enhanced SuperSpeed
Feb 09 16:52:04 MSI-X299-SLI-PLUS-7A93 kernel: usb usb5: New USB device found, idVendor=1d6b, idProduct=0002, bcdDevice= 5.15
Feb 09 16:52:04 MSI-X299-SLI-PLUS-7A93 kernel: usb usb5: New USB device strings: Mfr=3, Product=2, SerialNumber=1
Feb 09 16:52:04 MSI-X299-SLI-PLUS-7A93 kernel: usb usb5: Product: xHCI Host Controller
Feb 09 16:52:04 MSI-X299-SLI-PLUS-7A93 kernel: usb usb5: Manufacturer: Linux 5.15.0-60-generic xhci-hcd
Feb 09 16:52:04 MSI-X299-SLI-PLUS-7A93 kernel: usb usb5: SerialNumber: 0000:02:00.0
Feb 09 16:52:04 MSI-X299-SLI-PLUS-7A93 kernel: hub 5-0:1.0: USB hub found
Feb 09 16:52:04 MSI-X299-SLI-PLUS-7A93 kernel: hub 5-0:1.0: 2 ports detected
Feb 09 16:52:04 MSI-X299-SLI-PLUS-7A93 kernel: usb usb6: We don't know the algorithms for LPM for this host, disabling LPM.
Feb 09 16:52:04 MSI-X299-SLI-PLUS-7A93 kernel: usb usb6: New USB device found, idVendor=1d6b, idProduct=0003, bcdDevice= 5.15
