-- Logs begin at Wed 2022-06-08 16:12:35 BST, end at Wed 2022-06-08 20:18:41 BST. --
Jun 08 19:46:57 Dell-Precision-T7910 kernel: microcode: microcode updated early to revision 0x46, date = 2021-01-27
Jun 08 19:46:57 Dell-Precision-T7910 kernel: Linux version 5.13.0-48-generic (buildd@lcy02-amd64-040) (gcc (Ubuntu 9.4.0-1ubuntu1~20.04.1) 9.4.0, GNU ld (GNU Binutils for Ubuntu) 2.34) #54~20.04.1-Ubuntu SMP Thu Jun 2 23:37:17 UTC 2022 (Ubuntu 5.13.0-48.54~20.04.1-generic 5.13.19)
Jun 08 19:46:57 Dell-Precision-T7910 kernel: Command line: BOOT_IMAGE=/boot/vmlinuz-5.13.0-48-generic root=UUID=e5fbfc2f-b5d3-412b-97bb-1061c9616087 ro
Jun 08 19:46:57 Dell-Precision-T7910 kernel: KERNEL supported cpus:
Jun 08 19:46:57 Dell-Precision-T7910 kernel:   Intel GenuineIntel
Jun 08 19:46:57 Dell-Precision-T7910 kernel:   AMD AuthenticAMD
Jun 08 19:46:57 Dell-Precision-T7910 kernel:   Hygon HygonGenuine
Jun 08 19:46:57 Dell-Precision-T7910 kernel:   Centaur CentaurHauls
Jun 08 19:46:57 Dell-Precision-T7910 kernel:   zhaoxin   Shanghai  
Jun 08 19:46:57 Dell-Precision-T7910 kernel: x86/fpu: Supporting XSAVE feature 0x001: 'x87 floating point registers'
Jun 08 19:46:57 Dell-Precision-T7910 kernel: x86/fpu: Supporting XSAVE feature 0x002: 'SSE registers'
Jun 08 19:46:57 Dell-Precision-T7910 kernel: x86/fpu: Supporting XSAVE feature 0x004: 'AVX registers'
Jun 08 19:46:57 Dell-Precision-T7910 kernel: x86/fpu: xstate_offset[2]:  576, xstate_sizes[2]:  256
Jun 08 19:46:57 Dell-Precision-T7910 kernel: x86/fpu: Enabled xstate features 0x7, context size is 832 bytes, using 'standard' format.
Jun 08 19:46:57 Dell-Precision-T7910 kernel: BIOS-provided physical RAM map:
Jun 08 19:46:57 Dell-Precision-T7910 kernel: BIOS-e820: [mem 0x0000000000000000-0x000000000003efff] usable
Jun 08 19:46:57 Dell-Precision-T7910 kernel: BIOS-e820: [mem 0x000000000003f000-0x000000000003ffff] reserved
Jun 08 19:46:57 Dell-Precision-T7910 kernel: BIOS-e820: [mem 0x0000000000040000-0x000000000009ffff] usable
Jun 08 19:46:57 Dell-Precision-T7910 kernel: BIOS-e820: [mem 0x0000000000100000-0x00000000bf493fff] usable
Jun 08 19:46:57 Dell-Precision-T7910 kernel: BIOS-e820: [mem 0x00000000bf494000-0x00000000bf4d6fff] ACPI data
Jun 08 19:46:57 Dell-Precision-T7910 kernel: BIOS-e820: [mem 0x00000000bf4d7000-0x00000000c9340fff] usable
Jun 08 19:46:57 Dell-Precision-T7910 kernel: BIOS-e820: [mem 0x00000000c9341000-0x00000000c9ed1fff] reserved
Jun 08 19:46:57 Dell-Precision-T7910 kernel: BIOS-e820: [mem 0x00000000c9ed2000-0x00000000c9ef8fff] ACPI data
Jun 08 19:46:57 Dell-Precision-T7910 kernel: BIOS-e820: [mem 0x00000000c9ef9000-0x00000000ca51afff] usable
Jun 08 19:46:57 Dell-Precision-T7910 kernel: BIOS-e820: [mem 0x00000000ca51b000-0x00000000cac07fff] ACPI NVS
Jun 08 19:46:57 Dell-Precision-T7910 kernel: BIOS-e820: [mem 0x00000000cac08000-0x00000000cb108fff] reserved
Jun 08 19:46:57 Dell-Precision-T7910 kernel: BIOS-e820: [mem 0x00000000cb109000-0x00000000cb109fff] usable
Jun 08 19:46:57 Dell-Precision-T7910 kernel: BIOS-e820: [mem 0x00000000cb10a000-0x00000000cb117fff] reserved
Jun 08 19:46:57 Dell-Precision-T7910 kernel: BIOS-e820: [mem 0x00000000cb118000-0x00000000ccffffff] usable
Jun 08 19:46:57 Dell-Precision-T7910 kernel: BIOS-e820: [mem 0x00000000cd000000-0x00000000cdffffff] reserved
Jun 08 19:46:57 Dell-Precision-T7910 kernel: BIOS-e820: [mem 0x00000000d0000000-0x00000000dfffffff] reserved
Jun 08 19:46:57 Dell-Precision-T7910 kernel: BIOS-e820: [mem 0x00000000fed1c000-0x00000000fed1ffff] reserved
Jun 08 19:46:57 Dell-Precision-T7910 kernel: BIOS-e820: [mem 0x00000000ff000000-0x00000000ffffffff] reserved
Jun 08 19:46:57 Dell-Precision-T7910 kernel: BIOS-e820: [mem 0x0000000100000000-0x000000082fffffff] usable
Jun 08 19:46:57 Dell-Precision-T7910 kernel: NX (Execute Disable) protection: active
Jun 08 19:46:57 Dell-Precision-T7910 kernel: e820: update [mem 0xbf021018-0xbf069e57] usable ==> usable
Jun 08 19:46:57 Dell-Precision-T7910 kernel: e820: update [mem 0xbf021018-0xbf069e57] usable ==> usable
Jun 08 19:46:57 Dell-Precision-T7910 kernel: e820: update [mem 0xbeffa018-0xbf020857] usable ==> usable
Jun 08 19:46:57 Dell-Precision-T7910 kernel: e820: update [mem 0xbeffa018-0xbf020857] usable ==> usable
Jun 08 19:46:57 Dell-Precision-T7910 kernel: e820: update [mem 0xbefea018-0xbeff9c57] usable ==> usable
Jun 08 19:46:57 Dell-Precision-T7910 kernel: e820: update [mem 0xbefea018-0xbeff9c57] usable ==> usable
Jun 08 19:46:57 Dell-Precision-T7910 kernel: e820: update [mem 0xbefd9018-0xbefe9657] usable ==> usable
Jun 08 19:46:57 Dell-Precision-T7910 kernel: e820: update [mem 0xbefd9018-0xbefe9657] usable ==> usable
Jun 08 19:46:57 Dell-Precision-T7910 kernel: extended physical RAM map:
Jun 08 19:46:57 Dell-Precision-T7910 kernel: reserve setup_data: [mem 0x0000000000000000-0x000000000003efff] usable
Jun 08 19:46:57 Dell-Precision-T7910 kernel: reserve setup_data: [mem 0x000000000003f000-0x000000000003ffff] reserved
Jun 08 19:46:57 Dell-Precision-T7910 kernel: reserve setup_data: [mem 0x0000000000040000-0x000000000009ffff] usable
Jun 08 19:46:57 Dell-Precision-T7910 kernel: reserve setup_data: [mem 0x0000000000100000-0x00000000befd9017] usable
Jun 08 19:46:57 Dell-Precision-T7910 kernel: reserve setup_data: [mem 0x00000000befd9018-0x00000000befe9657] usable
Jun 08 19:46:57 Dell-Precision-T7910 kernel: reserve setup_data: [mem 0x00000000befe9658-0x00000000befea017] usable
Jun 08 19:46:57 Dell-Precision-T7910 kernel: reserve setup_data: [mem 0x00000000befea018-0x00000000beff9c57] usable
Jun 08 19:46:57 Dell-Precision-T7910 kernel: reserve setup_data: [mem 0x00000000beff9c58-0x00000000beffa017] usable
Jun 08 19:46:57 Dell-Precision-T7910 kernel: reserve setup_data: [mem 0x00000000beffa018-0x00000000bf020857] usable
Jun 08 19:46:57 Dell-Precision-T7910 kernel: reserve setup_data: [mem 0x00000000bf020858-0x00000000bf021017] usable
Jun 08 19:46:57 Dell-Precision-T7910 kernel: reserve setup_data: [mem 0x00000000bf021018-0x00000000bf069e57] usable
Jun 08 19:46:57 Dell-Precision-T7910 kernel: reserve setup_data: [mem 0x00000000bf069e58-0x00000000bf493fff] usable
Jun 08 19:46:57 Dell-Precision-T7910 kernel: reserve setup_data: [mem 0x00000000bf494000-0x00000000bf4d6fff] ACPI data
Jun 08 19:46:57 Dell-Precision-T7910 kernel: reserve setup_data: [mem 0x00000000bf4d7000-0x00000000c9340fff] usable
Jun 08 19:46:57 Dell-Precision-T7910 kernel: reserve setup_data: [mem 0x00000000c9341000-0x00000000c9ed1fff] reserved
Jun 08 19:46:57 Dell-Precision-T7910 kernel: reserve setup_data: [mem 0x00000000c9ed2000-0x00000000c9ef8fff] ACPI data
Jun 08 19:46:57 Dell-Precision-T7910 kernel: reserve setup_data: [mem 0x00000000c9ef9000-0x00000000ca51afff] usable
Jun 08 19:46:57 Dell-Precision-T7910 kernel: reserve setup_data: [mem 0x00000000ca51b000-0x00000000cac07fff] ACPI NVS
Jun 08 19:46:57 Dell-Precision-T7910 kernel: reserve setup_data: [mem 0x00000000cac08000-0x00000000cb108fff] reserved
Jun 08 19:46:57 Dell-Precision-T7910 kernel: reserve setup_data: [mem 0x00000000cb109000-0x00000000cb109fff] usable
Jun 08 19:46:57 Dell-Precision-T7910 kernel: reserve setup_data: [mem 0x00000000cb10a000-0x00000000cb117fff] reserved
Jun 08 19:46:57 Dell-Precision-T7910 kernel: reserve setup_data: [mem 0x00000000cb118000-0x00000000ccffffff] usable
Jun 08 19:46:57 Dell-Precision-T7910 kernel: reserve setup_data: [mem 0x00000000cd000000-0x00000000cdffffff] reserved
Jun 08 19:46:57 Dell-Precision-T7910 kernel: reserve setup_data: [mem 0x00000000d0000000-0x00000000dfffffff] reserved
Jun 08 19:46:57 Dell-Precision-T7910 kernel: reserve setup_data: [mem 0x00000000fed1c000-0x00000000fed1ffff] reserved
Jun 08 19:46:57 Dell-Precision-T7910 kernel: reserve setup_data: [mem 0x00000000ff000000-0x00000000ffffffff] reserved
Jun 08 19:46:57 Dell-Precision-T7910 kernel: reserve setup_data: [mem 0x0000000100000000-0x000000082fffffff] usable
Jun 08 19:46:57 Dell-Precision-T7910 kernel: efi: EFI v2.40 by American Megatrends
Jun 08 19:46:57 Dell-Precision-T7910 kernel: efi: ACPI=0xbf494000 ACPI 2.0=0xbf494000 SMBIOS=0xf0000 MOKvar=0xc6064000 
Jun 08 19:46:57 Dell-Precision-T7910 kernel: secureboot: Secure boot disabled
Jun 08 19:46:57 Dell-Precision-T7910 kernel: SMBIOS 2.8 present.
Jun 08 19:46:57 Dell-Precision-T7910 kernel: DMI: Dell Inc. Precision Tower 7910/02TPVG, BIOS A34 10/19/2020
Jun 08 19:46:57 Dell-Precision-T7910 kernel: tsc: Fast TSC calibration using PIT
Jun 08 19:46:57 Dell-Precision-T7910 kernel: tsc: Detected 2593.888 MHz processor
Jun 08 19:46:57 Dell-Precision-T7910 kernel: [Firmware Bug]: TSC ADJUST: CPU0: -3010303296 force to 0
Jun 08 19:46:57 Dell-Precision-T7910 kernel: e820: update [mem 0x00000000-0x00000fff] usable ==> reserved
Jun 08 19:46:57 Dell-Precision-T7910 kernel: e820: remove [mem 0x000a0000-0x000fffff] usable
Jun 08 19:46:57 Dell-Precision-T7910 kernel: last_pfn = 0x830000 max_arch_pfn = 0x400000000
Jun 08 19:46:57 Dell-Precision-T7910 kernel: x86/PAT: Configuration [0-7]: WB  WC  UC- UC  WB  WP  UC- WT  
Jun 08 19:46:57 Dell-Precision-T7910 kernel: last_pfn = 0xcd000 max_arch_pfn = 0x400000000
Jun 08 19:46:57 Dell-Precision-T7910 kernel: e820: update [mem 0xc6064000-0xc6064fff] usable ==> reserved
Jun 08 19:46:57 Dell-Precision-T7910 kernel: Using GB pages for direct mapping
Jun 08 19:46:57 Dell-Precision-T7910 kernel: secureboot: Secure boot disabled
Jun 08 19:46:57 Dell-Precision-T7910 kernel: RAMDISK: [mem 0x3c72c000-0x3fffdfff]
Jun 08 19:46:57 Dell-Precision-T7910 kernel: ACPI: Early table checksum verification disabled
Jun 08 19:46:57 Dell-Precision-T7910 kernel: ACPI: RSDP 0x00000000BF494000 000024 (v02 DELL  )
Jun 08 19:46:57 Dell-Precision-T7910 kernel: ACPI: XSDT 0x00000000BF4940A0 0000C4 (v01 DELL   CBX3     01072009 AMI  00010013)
Jun 08 19:46:57 Dell-Precision-T7910 kernel: ACPI: FACP 0x00000000BF4C0768 00010C (v05 DELL   CBX3     01072009 AMI  00010013)
Jun 08 19:46:57 Dell-Precision-T7910 kernel: ACPI: DSDT 0x00000000BF4941F8 02C569 (v02 DELL   CBX3     01072009 INTL 20091013)
Jun 08 19:46:57 Dell-Precision-T7910 kernel: ACPI: FACS 0x00000000CAC06F80 000040
Jun 08 19:46:57 Dell-Precision-T7910 kernel: ACPI: APIC 0x00000000BF4C0878 000138 (v03 DELL   CBX3     01072009 AMI  00010013)
Jun 08 19:46:57 Dell-Precision-T7910 kernel: ACPI: FPDT 0x00000000BF4C09B0 000044 (v01 DELL   CBX3     01072009 AMI  00010013)
Jun 08 19:46:57 Dell-Precision-T7910 kernel: ACPI: FIDT 0x00000000BF4C09F8 00009C (v01 DELL   CBX3     01072009 AMI  00010013)
Jun 08 19:46:57 Dell-Precision-T7910 kernel: ACPI: MCFG 0x00000000BF4C0A98 00003C (v01 DELL   CBX3     01072009 MSFT 00000097)
Jun 08 19:46:57 Dell-Precision-T7910 kernel: ACPI: UEFI 0x00000000BF4C0AD8 000042 (v01 INTEL  EDK2     00000002      01000013)
Jun 08 19:46:57 Dell-Precision-T7910 kernel: ACPI: HPET 0x00000000BF4C0B20 000038 (v01 DELL   CBX3     00000001 INTL 20091013)
Jun 08 19:46:57 Dell-Precision-T7910 kernel: ACPI: MSCT 0x00000000BF4C0B58 000090 (v01 DELL   CBX3     00000001 INTL 20091013)
Jun 08 19:46:57 Dell-Precision-T7910 kernel: ACPI: SLIT 0x00000000BF4C0BE8 00002D (v01 DELL   CBX3     00000001 INTL 20091013)
Jun 08 19:46:57 Dell-Precision-T7910 kernel: ACPI: SRAT 0x00000000BF4C0C18 001158 (v03 DELL   CBX3     00000001 INTL 20091013)
Jun 08 19:46:57 Dell-Precision-T7910 kernel: ACPI: SRAT 0x00000000BF4C1D70 002358 (v03 DELL   CBX3     00000002 INTL 20091013)
Jun 08 19:46:57 Dell-Precision-T7910 kernel: ACPI: WDDT 0x00000000BF4C40C8 000040 (v01 DELL   CBX3     00000000 INTL 20091013)
Jun 08 19:46:57 Dell-Precision-T7910 kernel: ACPI: SSDT 0x00000000BF4C4108 011D8C (v01 DELL   PmMgt    00000001 INTL 20120913)
Jun 08 19:46:57 Dell-Precision-T7910 kernel: ACPI: NITR 0x00000000BF4D5E98 000071 (v02 DELL   CBX3     00000001 INTL 20091013)
Jun 08 19:46:57 Dell-Precision-T7910 kernel: ACPI: SLIC 0x00000000BF4D5F10 000176 (v03 DELL   CBX3     01072009 MSFT 00010013)
Jun 08 19:46:57 Dell-Precision-T7910 kernel: ACPI: TCPA 0x00000000BF4D6088 000032 (v02 ALASKA NAPAASF  00000001 MSFT 01000013)
Jun 08 19:46:57 Dell-Precision-T7910 kernel: ACPI: MSDM 0x00000000BF4D60C0 000055 (v03 DELL   CBX3     06222004 AMI  00010013)
Jun 08 19:46:57 Dell-Precision-T7910 kernel: ACPI: BGRT 0x00000000BF4D6118 000038 (v00                 01072009 AMI  00010013)
Jun 08 19:46:57 Dell-Precision-T7910 kernel: ACPI: DMAR 0x00000000BF4D6150 0000F4 (v01 DELL   CBX3     00000001 INTL 20091013)
Jun 08 19:46:57 Dell-Precision-T7910 kernel: ACPI: ASF! 0x00000000BF4D6248 0000A0 (v32 INTEL   HCG     00000001 TFSM 000F4240)
Jun 08 19:46:57 Dell-Precision-T7910 kernel: ACPI: Reserving FACP table memory at [mem 0xbf4c0768-0xbf4c0873]
Jun 08 19:46:57 Dell-Precision-T7910 kernel: ACPI: Reserving DSDT table memory at [mem 0xbf4941f8-0xbf4c0760]
Jun 08 19:46:57 Dell-Precision-T7910 kernel: ACPI: Reserving FACS table memory at [mem 0xcac06f80-0xcac06fbf]
Jun 08 19:46:57 Dell-Precision-T7910 kernel: ACPI: Reserving APIC table memory at [mem 0xbf4c0878-0xbf4c09af]
Jun 08 19:46:57 Dell-Precision-T7910 kernel: ACPI: Reserving FPDT table memory at [mem 0xbf4c09b0-0xbf4c09f3]
Jun 08 19:46:57 Dell-Precision-T7910 kernel: ACPI: Reserving FIDT table memory at [mem 0xbf4c09f8-0xbf4c0a93]
Jun 08 19:46:57 Dell-Precision-T7910 kernel: ACPI: Reserving MCFG table memory at [mem 0xbf4c0a98-0xbf4c0ad3]
Jun 08 19:46:57 Dell-Precision-T7910 kernel: ACPI: Reserving UEFI table memory at [mem 0xbf4c0ad8-0xbf4c0b19]
Jun 08 19:46:57 Dell-Precision-T7910 kernel: ACPI: Reserving HPET table memory at [mem 0xbf4c0b20-0xbf4c0b57]
Jun 08 19:46:57 Dell-Precision-T7910 kernel: ACPI: Reserving MSCT table memory at [mem 0xbf4c0b58-0xbf4c0be7]
Jun 08 19:46:57 Dell-Precision-T7910 kernel: ACPI: Reserving SLIT table memory at [mem 0xbf4c0be8-0xbf4c0c14]
Jun 08 19:46:57 Dell-Precision-T7910 kernel: ACPI: Reserving SRAT table memory at [mem 0xbf4c0c18-0xbf4c1d6f]
Jun 08 19:46:57 Dell-Precision-T7910 kernel: ACPI: Reserving SRAT table memory at [mem 0xbf4c1d70-0xbf4c40c7]
Jun 08 19:46:57 Dell-Precision-T7910 kernel: ACPI: Reserving WDDT table memory at [mem 0xbf4c40c8-0xbf4c4107]
Jun 08 19:46:57 Dell-Precision-T7910 kernel: ACPI: Reserving SSDT table memory at [mem 0xbf4c4108-0xbf4d5e93]
Jun 08 19:46:57 Dell-Precision-T7910 kernel: ACPI: Reserving NITR table memory at [mem 0xbf4d5e98-0xbf4d5f08]
Jun 08 19:46:57 Dell-Precision-T7910 kernel: ACPI: Reserving SLIC table memory at [mem 0xbf4d5f10-0xbf4d6085]
Jun 08 19:46:57 Dell-Precision-T7910 kernel: ACPI: Reserving TCPA table memory at [mem 0xbf4d6088-0xbf4d60b9]
Jun 08 19:46:57 Dell-Precision-T7910 kernel: ACPI: Reserving MSDM table memory at [mem 0xbf4d60c0-0xbf4d6114]
Jun 08 19:46:57 Dell-Precision-T7910 kernel: ACPI: Reserving BGRT table memory at [mem 0xbf4d6118-0xbf4d614f]
Jun 08 19:46:57 Dell-Precision-T7910 kernel: ACPI: Reserving DMAR table memory at [mem 0xbf4d6150-0xbf4d6243]
Jun 08 19:46:57 Dell-Precision-T7910 kernel: ACPI: Reserving ASF! table memory at [mem 0xbf4d6248-0xbf4d62e7]
Jun 08 19:46:57 Dell-Precision-T7910 kernel: ACPI: Local APIC address 0xfee00000
Jun 08 19:46:57 Dell-Precision-T7910 kernel: SRAT: PXM 0 -> APIC 0x00 -> Node 0
Jun 08 19:46:57 Dell-Precision-T7910 kernel: SRAT: PXM 0 -> APIC 0x02 -> Node 0
Jun 08 19:46:57 Dell-Precision-T7910 kernel: SRAT: PXM 0 -> APIC 0x04 -> Node 0
Jun 08 19:46:57 Dell-Precision-T7910 kernel: SRAT: PXM 0 -> APIC 0x06 -> Node 0
Jun 08 19:46:57 Dell-Precision-T7910 kernel: SRAT: PXM 0 -> APIC 0x08 -> Node 0
Jun 08 19:46:57 Dell-Precision-T7910 kernel: SRAT: PXM 0 -> APIC 0x0a -> Node 0
Jun 08 19:46:57 Dell-Precision-T7910 kernel: SRAT: PXM 0 -> APIC 0x0c -> Node 0
Jun 08 19:46:57 Dell-Precision-T7910 kernel: SRAT: PXM 0 -> APIC 0x0e -> Node 0
Jun 08 19:46:57 Dell-Precision-T7910 kernel: SRAT: PXM 0 -> APIC 0x01 -> Node 0
Jun 08 19:46:57 Dell-Precision-T7910 kernel: SRAT: PXM 0 -> APIC 0x03 -> Node 0
Jun 08 19:46:57 Dell-Precision-T7910 kernel: SRAT: PXM 0 -> APIC 0x05 -> Node 0
Jun 08 19:46:57 Dell-Precision-T7910 kernel: SRAT: PXM 0 -> APIC 0x07 -> Node 0
Jun 08 19:46:57 Dell-Precision-T7910 kernel: SRAT: PXM 0 -> APIC 0x09 -> Node 0
Jun 08 19:46:57 Dell-Precision-T7910 kernel: SRAT: PXM 0 -> APIC 0x0b -> Node 0
Jun 08 19:46:57 Dell-Precision-T7910 kernel: SRAT: PXM 0 -> APIC 0x0d -> Node 0
Jun 08 19:46:57 Dell-Precision-T7910 kernel: SRAT: PXM 0 -> APIC 0x0f -> Node 0
Jun 08 19:46:57 Dell-Precision-T7910 kernel: ACPI: SRAT: Node 0 PXM 0 [mem 0x00000000-0xcfffffff]
Jun 08 19:46:57 Dell-Precision-T7910 kernel: ACPI: SRAT: Node 0 PXM 0 [mem 0x100000000-0x82fffffff]
Jun 08 19:46:57 Dell-Precision-T7910 kernel: NUMA: Initialized distance table, cnt=1
Jun 08 19:46:57 Dell-Precision-T7910 kernel: NUMA: Node 0 [mem 0x00000000-0xcfffffff] + [mem 0x100000000-0x82fffffff] -> [mem 0x00000000-0x82fffffff]
Jun 08 19:46:57 Dell-Precision-T7910 kernel: NODE_DATA(0) allocated [mem 0x82ffd5000-0x82fffefff]
Jun 08 19:46:57 Dell-Precision-T7910 kernel: Zone ranges:
Jun 08 19:46:57 Dell-Precision-T7910 kernel:   DMA      [mem 0x0000000000001000-0x0000000000ffffff]
Jun 08 19:46:57 Dell-Precision-T7910 kernel:   DMA32    [mem 0x0000000001000000-0x00000000ffffffff]
Jun 08 19:46:57 Dell-Precision-T7910 kernel:   Normal   [mem 0x0000000100000000-0x000000082fffffff]
Jun 08 19:46:57 Dell-Precision-T7910 kernel:   Device   empty
Jun 08 19:46:57 Dell-Precision-T7910 kernel: Movable zone start for each node
Jun 08 19:46:57 Dell-Precision-T7910 kernel: Early memory node ranges
Jun 08 19:46:57 Dell-Precision-T7910 kernel:   node   0: [mem 0x0000000000001000-0x000000000003efff]
Jun 08 19:46:57 Dell-Precision-T7910 kernel:   node   0: [mem 0x0000000000040000-0x000000000009ffff]
Jun 08 19:46:57 Dell-Precision-T7910 kernel:   node   0: [mem 0x0000000000100000-0x00000000bf493fff]
Jun 08 19:46:57 Dell-Precision-T7910 kernel:   node   0: [mem 0x00000000bf4d7000-0x00000000c9340fff]
Jun 08 19:46:57 Dell-Precision-T7910 kernel:   node   0: [mem 0x00000000c9ef9000-0x00000000ca51afff]
Jun 08 19:46:57 Dell-Precision-T7910 kernel:   node   0: [mem 0x00000000cb109000-0x00000000cb109fff]
Jun 08 19:46:57 Dell-Precision-T7910 kernel:   node   0: [mem 0x00000000cb118000-0x00000000ccffffff]
Jun 08 19:46:57 Dell-Precision-T7910 kernel:   node   0: [mem 0x0000000100000000-0x000000082fffffff]
Jun 08 19:46:57 Dell-Precision-T7910 kernel: Initmem setup node 0 [mem 0x0000000000001000-0x000000082fffffff]
Jun 08 19:46:57 Dell-Precision-T7910 kernel: On node 0 totalpages: 8370087
Jun 08 19:46:57 Dell-Precision-T7910 kernel:   DMA zone: 64 pages used for memmap
Jun 08 19:46:57 Dell-Precision-T7910 kernel:   DMA zone: 420 pages reserved
Jun 08 19:46:57 Dell-Precision-T7910 kernel:   DMA zone: 3998 pages, LIFO batch:0
Jun 08 19:46:57 Dell-Precision-T7910 kernel:   DMA32 zone: 12961 pages used for memmap
Jun 08 19:46:57 Dell-Precision-T7910 kernel:   DMA32 zone: 829449 pages, LIFO batch:63
Jun 08 19:46:57 Dell-Precision-T7910 kernel:   Normal zone: 117760 pages used for memmap
Jun 08 19:46:57 Dell-Precision-T7910 kernel:   Normal zone: 7536640 pages, LIFO batch:63
Jun 08 19:46:57 Dell-Precision-T7910 kernel: On node 0, zone DMA: 1 pages in unavailable ranges
Jun 08 19:46:57 Dell-Precision-T7910 kernel: On node 0, zone DMA: 1 pages in unavailable ranges
Jun 08 19:46:57 Dell-Precision-T7910 kernel: On node 0, zone DMA: 96 pages in unavailable ranges
Jun 08 19:46:57 Dell-Precision-T7910 kernel: On node 0, zone DMA32: 67 pages in unavailable ranges
Jun 08 19:46:57 Dell-Precision-T7910 kernel: On node 0, zone DMA32: 3000 pages in unavailable ranges
Jun 08 19:46:57 Dell-Precision-T7910 kernel: On node 0, zone DMA32: 3054 pages in unavailable ranges
Jun 08 19:46:57 Dell-Precision-T7910 kernel: On node 0, zone DMA32: 14 pages in unavailable ranges
Jun 08 19:46:57 Dell-Precision-T7910 kernel: On node 0, zone Normal: 12288 pages in unavailable ranges
Jun 08 19:46:57 Dell-Precision-T7910 kernel: ACPI: PM-Timer IO Port: 0x408
Jun 08 19:46:57 Dell-Precision-T7910 kernel: ACPI: Local APIC address 0xfee00000
Jun 08 19:46:57 Dell-Precision-T7910 kernel: ACPI: LAPIC_NMI (acpi_id[0x00] high edge lint[0x1])
Jun 08 19:46:57 Dell-Precision-T7910 kernel: ACPI: LAPIC_NMI (acpi_id[0x02] high edge lint[0x1])
Jun 08 19:46:57 Dell-Precision-T7910 kernel: ACPI: LAPIC_NMI (acpi_id[0x04] high edge lint[0x1])
Jun 08 19:46:57 Dell-Precision-T7910 kernel: ACPI: LAPIC_NMI (acpi_id[0x06] high edge lint[0x1])
Jun 08 19:46:57 Dell-Precision-T7910 kernel: ACPI: LAPIC_NMI (acpi_id[0x08] high edge lint[0x1])
Jun 08 19:46:57 Dell-Precision-T7910 kernel: ACPI: LAPIC_NMI (acpi_id[0x0a] high edge lint[0x1])
Jun 08 19:46:57 Dell-Precision-T7910 kernel: ACPI: LAPIC_NMI (acpi_id[0x0c] high edge lint[0x1])
Jun 08 19:46:57 Dell-Precision-T7910 kernel: ACPI: LAPIC_NMI (acpi_id[0x0e] high edge lint[0x1])
Jun 08 19:46:57 Dell-Precision-T7910 kernel: ACPI: LAPIC_NMI (acpi_id[0x01] high edge lint[0x1])
Jun 08 19:46:57 Dell-Precision-T7910 kernel: ACPI: LAPIC_NMI (acpi_id[0x03] high edge lint[0x1])
Jun 08 19:46:57 Dell-Precision-T7910 kernel: ACPI: LAPIC_NMI (acpi_id[0x05] high edge lint[0x1])
Jun 08 19:46:57 Dell-Precision-T7910 kernel: ACPI: LAPIC_NMI (acpi_id[0x07] high edge lint[0x1])
Jun 08 19:46:57 Dell-Precision-T7910 kernel: ACPI: LAPIC_NMI (acpi_id[0x09] high edge lint[0x1])
Jun 08 19:46:57 Dell-Precision-T7910 kernel: ACPI: LAPIC_NMI (acpi_id[0x0b] high edge lint[0x1])
Jun 08 19:46:57 Dell-Precision-T7910 kernel: ACPI: LAPIC_NMI (acpi_id[0x0d] high edge lint[0x1])
Jun 08 19:46:57 Dell-Precision-T7910 kernel: ACPI: LAPIC_NMI (acpi_id[0x0f] high edge lint[0x1])
Jun 08 19:46:57 Dell-Precision-T7910 kernel: IOAPIC[0]: apic_id 1, version 32, address 0xfec00000, GSI 0-23
Jun 08 19:46:57 Dell-Precision-T7910 kernel: IOAPIC[1]: apic_id 2, version 32, address 0xfec01000, GSI 24-47
Jun 08 19:46:57 Dell-Precision-T7910 kernel: ACPI: INT_SRC_OVR (bus 0 bus_irq 0 global_irq 2 dfl dfl)
Jun 08 19:46:57 Dell-Precision-T7910 kernel: ACPI: INT_SRC_OVR (bus 0 bus_irq 9 global_irq 9 high level)
Jun 08 19:46:57 Dell-Precision-T7910 kernel: ACPI: IRQ0 used by override.
Jun 08 19:46:57 Dell-Precision-T7910 kernel: ACPI: IRQ9 used by override.
Jun 08 19:46:57 Dell-Precision-T7910 kernel: Using ACPI (MADT) for SMP configuration information
Jun 08 19:46:57 Dell-Precision-T7910 kernel: ACPI: HPET id: 0x8086a701 base: 0xfed00000
Jun 08 19:46:57 Dell-Precision-T7910 kernel: e820: update [mem 0xc4a26000-0xc4ab0fff] usable ==> reserved
Jun 08 19:46:57 Dell-Precision-T7910 kernel: TSC deadline timer available
Jun 08 19:46:57 Dell-Precision-T7910 kernel: smpboot: Allowing 16 CPUs, 0 hotplug CPUs
Jun 08 19:46:57 Dell-Precision-T7910 kernel: PM: hibernation: Registered nosave memory: [mem 0x00000000-0x00000fff]
Jun 08 19:46:57 Dell-Precision-T7910 kernel: PM: hibernation: Registered nosave memory: [mem 0x0003f000-0x0003ffff]
Jun 08 19:46:57 Dell-Precision-T7910 kernel: PM: hibernation: Registered nosave memory: [mem 0x000a0000-0x000fffff]
Jun 08 19:46:57 Dell-Precision-T7910 kernel: PM: hibernation: Registered nosave memory: [mem 0xbefd9000-0xbefd9fff]
Jun 08 19:46:57 Dell-Precision-T7910 kernel: PM: hibernation: Registered nosave memory: [mem 0xbefe9000-0xbefe9fff]
Jun 08 19:46:57 Dell-Precision-T7910 kernel: PM: hibernation: Registered nosave memory: [mem 0xbefea000-0xbefeafff]
Jun 08 19:46:57 Dell-Precision-T7910 kernel: PM: hibernation: Registered nosave memory: [mem 0xbeff9000-0xbeff9fff]
Jun 08 19:46:57 Dell-Precision-T7910 kernel: PM: hibernation: Registered nosave memory: [mem 0xbeffa000-0xbeffafff]
Jun 08 19:46:57 Dell-Precision-T7910 kernel: PM: hibernation: Registered nosave memory: [mem 0xbf020000-0xbf020fff]
Jun 08 19:46:57 Dell-Precision-T7910 kernel: PM: hibernation: Registered nosave memory: [mem 0xbf021000-0xbf021fff]
Jun 08 19:46:57 Dell-Precision-T7910 kernel: PM: hibernation: Registered nosave memory: [mem 0xbf069000-0xbf069fff]
Jun 08 19:46:57 Dell-Precision-T7910 kernel: PM: hibernation: Registered nosave memory: [mem 0xbf494000-0xbf4d6fff]
Jun 08 19:46:57 Dell-Precision-T7910 kernel: PM: hibernation: Registered nosave memory: [mem 0xc4a26000-0xc4ab0fff]
Jun 08 19:46:57 Dell-Precision-T7910 kernel: PM: hibernation: Registered nosave memory: [mem 0xc6064000-0xc6064fff]
Jun 08 19:46:57 Dell-Precision-T7910 kernel: PM: hibernation: Registered nosave memory: [mem 0xc9341000-0xc9ed1fff]
Jun 08 19:46:57 Dell-Precision-T7910 kernel: PM: hibernation: Registered nosave memory: [mem 0xc9ed2000-0xc9ef8fff]
Jun 08 19:46:57 Dell-Precision-T7910 kernel: PM: hibernation: Registered nosave memory: [mem 0xca51b000-0xcac07fff]
Jun 08 19:46:57 Dell-Precision-T7910 kernel: PM: hibernation: Registered nosave memory: [mem 0xcac08000-0xcb108fff]
Jun 08 19:46:57 Dell-Precision-T7910 kernel: PM: hibernation: Registered nosave memory: [mem 0xcb10a000-0xcb117fff]
Jun 08 19:46:57 Dell-Precision-T7910 kernel: PM: hibernation: Registered nosave memory: [mem 0xcd000000-0xcdffffff]
Jun 08 19:46:57 Dell-Precision-T7910 kernel: PM: hibernation: Registered nosave memory: [mem 0xce000000-0xcfffffff]
Jun 08 19:46:57 Dell-Precision-T7910 kernel: PM: hibernation: Registered nosave memory: [mem 0xd0000000-0xdfffffff]
Jun 08 19:46:57 Dell-Precision-T7910 kernel: PM: hibernation: Registered nosave memory: [mem 0xe0000000-0xfed1bfff]
Jun 08 19:46:57 Dell-Precision-T7910 kernel: PM: hibernation: Registered nosave memory: [mem 0xfed1c000-0xfed1ffff]
Jun 08 19:46:57 Dell-Precision-T7910 kernel: PM: hibernation: Registered nosave memory: [mem 0xfed20000-0xfeffffff]
Jun 08 19:46:57 Dell-Precision-T7910 kernel: PM: hibernation: Registered nosave memory: [mem 0xff000000-0xffffffff]
Jun 08 19:46:57 Dell-Precision-T7910 kernel: [mem 0xe0000000-0xfed1bfff] available for PCI devices
Jun 08 19:46:57 Dell-Precision-T7910 kernel: Booting paravirtualized kernel on bare hardware
Jun 08 19:46:57 Dell-Precision-T7910 kernel: clocksource: refined-jiffies: mask: 0xffffffff max_cycles: 0xffffffff, max_idle_ns: 7645519600211568 ns
Jun 08 19:46:57 Dell-Precision-T7910 kernel: setup_percpu: NR_CPUS:8192 nr_cpumask_bits:16 nr_cpu_ids:16 nr_node_ids:1
Jun 08 19:46:57 Dell-Precision-T7910 kernel: percpu: Embedded 65 pages/cpu s229376 r8192 d28672 u524288
Jun 08 19:46:57 Dell-Precision-T7910 kernel: pcpu-alloc: s229376 r8192 d28672 u524288 alloc=1*2097152
Jun 08 19:46:57 Dell-Precision-T7910 kernel: pcpu-alloc: [0] 00 01 02 03 [0] 04 05 06 07 
Jun 08 19:46:57 Dell-Precision-T7910 kernel: pcpu-alloc: [0] 08 09 10 11 [0] 12 13 14 15 
Jun 08 19:46:57 Dell-Precision-T7910 kernel: Built 1 zonelists, mobility grouping on.  Total pages: 8238882
Jun 08 19:46:57 Dell-Precision-T7910 kernel: Policy zone: Normal
Jun 08 19:46:57 Dell-Precision-T7910 kernel: Kernel command line: BOOT_IMAGE=/boot/vmlinuz-5.13.0-48-generic root=UUID=e5fbfc2f-b5d3-412b-97bb-1061c9616087 ro
Jun 08 19:46:57 Dell-Precision-T7910 kernel: Dentry cache hash table entries: 4194304 (order: 13, 33554432 bytes, linear)
Jun 08 19:46:57 Dell-Precision-T7910 kernel: Inode-cache hash table entries: 2097152 (order: 12, 16777216 bytes, linear)
Jun 08 19:46:57 Dell-Precision-T7910 kernel: mem auto-init: stack:off, heap alloc:on, heap free:off
Jun 08 19:46:57 Dell-Precision-T7910 kernel: Memory: 32539780K/33480348K available (16393K kernel code, 3512K rwdata, 10500K rodata, 2900K init, 5728K bss, 940308K reserved, 0K cma-reserved)
Jun 08 19:46:57 Dell-Precision-T7910 kernel: random: get_random_u64 called from __kmem_cache_create+0x2d/0x440 with crng_init=0
Jun 08 19:46:57 Dell-Precision-T7910 kernel: SLUB: HWalign=64, Order=0-3, MinObjects=0, CPUs=16, Nodes=1
Jun 08 19:46:57 Dell-Precision-T7910 kernel: Kernel/User page tables isolation: enabled
Jun 08 19:46:57 Dell-Precision-T7910 kernel: ftrace: allocating 49276 entries in 193 pages
Jun 08 19:46:57 Dell-Precision-T7910 kernel: ftrace: allocated 193 pages with 3 groups
Jun 08 19:46:57 Dell-Precision-T7910 kernel: rcu: Hierarchical RCU implementation.
Jun 08 19:46:57 Dell-Precision-T7910 kernel: rcu:         RCU restricting CPUs from NR_CPUS=8192 to nr_cpu_ids=16.
Jun 08 19:46:57 Dell-Precision-T7910 kernel:         Rude variant of Tasks RCU enabled.
Jun 08 19:46:57 Dell-Precision-T7910 kernel:         Tracing variant of Tasks RCU enabled.
Jun 08 19:46:57 Dell-Precision-T7910 kernel: rcu: RCU calculated value of scheduler-enlistment delay is 25 jiffies.
Jun 08 19:46:57 Dell-Precision-T7910 kernel: rcu: Adjusting geometry for rcu_fanout_leaf=16, nr_cpu_ids=16
Jun 08 19:46:57 Dell-Precision-T7910 kernel: NR_IRQS: 524544, nr_irqs: 960, preallocated irqs: 16
Jun 08 19:46:57 Dell-Precision-T7910 kernel: random: crng done (trusting CPU's manufacturer)
Jun 08 19:46:57 Dell-Precision-T7910 kernel: Console: colour dummy device 80x25
Jun 08 19:46:57 Dell-Precision-T7910 kernel: printk: console [tty0] enabled
Jun 08 19:46:57 Dell-Precision-T7910 kernel: ACPI: Core revision 20210331
Jun 08 19:46:57 Dell-Precision-T7910 kernel: clocksource: hpet: mask: 0xffffffff max_cycles: 0xffffffff, max_idle_ns: 133484882848 ns
Jun 08 19:46:57 Dell-Precision-T7910 kernel: APIC: Switch to symmetric I/O mode setup
Jun 08 19:46:57 Dell-Precision-T7910 kernel: DMAR: Host address width 46
Jun 08 19:46:57 Dell-Precision-T7910 kernel: DMAR: DRHD base: 0x000000f7ffd000 flags: 0x0
Jun 08 19:46:57 Dell-Precision-T7910 kernel: DMAR: dmar0: reg_base_addr f7ffd000 ver 1:0 cap d2008c10ef0466 ecap f0205b
Jun 08 19:46:57 Dell-Precision-T7910 kernel: DMAR: DRHD base: 0x000000f7ffc000 flags: 0x1
Jun 08 19:46:57 Dell-Precision-T7910 kernel: DMAR: dmar1: reg_base_addr f7ffc000 ver 1:0 cap d2078c106f0466 ecap f020df
Jun 08 19:46:57 Dell-Precision-T7910 kernel: DMAR: RMRR base: 0x000000caf7d000 end: 0x000000caf8bfff
Jun 08 19:46:57 Dell-Precision-T7910 kernel: DMAR: ATSR flags: 0x0
Jun 08 19:46:57 Dell-Precision-T7910 kernel: DMAR: RHSA base: 0x000000f7ffc000 proximity domain: 0x0
Jun 08 19:46:57 Dell-Precision-T7910 kernel: DMAR-IR: IOAPIC id 1 under DRHD base  0xf7ffc000 IOMMU 1
Jun 08 19:46:57 Dell-Precision-T7910 kernel: DMAR-IR: IOAPIC id 2 under DRHD base  0xf7ffc000 IOMMU 1
Jun 08 19:46:57 Dell-Precision-T7910 kernel: DMAR-IR: HPET id 0 under DRHD base 0xf7ffc000
Jun 08 19:46:57 Dell-Precision-T7910 kernel: DMAR-IR: x2apic is disabled because BIOS sets x2apic opt out bit.
Jun 08 19:46:57 Dell-Precision-T7910 kernel: DMAR-IR: Use 'intremap=no_x2apic_optout' to override the BIOS setting.
Jun 08 19:46:57 Dell-Precision-T7910 kernel: DMAR-IR: Enabled IRQ remapping in xapic mode
Jun 08 19:46:57 Dell-Precision-T7910 kernel: x2apic: IRQ remapping doesn't support X2APIC mode
Jun 08 19:46:57 Dell-Precision-T7910 kernel: Switched APIC routing to physical flat.
Jun 08 19:46:57 Dell-Precision-T7910 kernel: ..TIMER: vector=0x30 apic1=0 pin1=2 apic2=-1 pin2=-1
Jun 08 19:46:57 Dell-Precision-T7910 kernel: clocksource: tsc-early: mask: 0xffffffffffffffff max_cycles: 0x2563ae7fcff, max_idle_ns: 440795312502 ns
Jun 08 19:46:57 Dell-Precision-T7910 kernel: Calibrating delay loop (skipped), value calculated using timer frequency.. 5187.77 BogoMIPS (lpj=10375552)
Jun 08 19:46:57 Dell-Precision-T7910 kernel: pid_max: default: 32768 minimum: 301
Jun 08 19:46:57 Dell-Precision-T7910 kernel: LSM: Security Framework initializing
Jun 08 19:46:57 Dell-Precision-T7910 kernel: Yama: becoming mindful.
Jun 08 19:46:57 Dell-Precision-T7910 kernel: AppArmor: AppArmor initialized
Jun 08 19:46:57 Dell-Precision-T7910 kernel: Mount-cache hash table entries: 65536 (order: 7, 524288 bytes, linear)
Jun 08 19:46:57 Dell-Precision-T7910 kernel: Mountpoint-cache hash table entries: 65536 (order: 7, 524288 bytes, linear)
Jun 08 19:46:57 Dell-Precision-T7910 kernel: CPU0: Thermal monitoring enabled (TM1)
Jun 08 19:46:57 Dell-Precision-T7910 kernel: process: using mwait in idle threads
Jun 08 19:46:57 Dell-Precision-T7910 kernel: Last level iTLB entries: 4KB 1024, 2MB 1024, 4MB 1024
Jun 08 19:46:57 Dell-Precision-T7910 kernel: Last level dTLB entries: 4KB 1024, 2MB 1024, 4MB 1024, 1GB 4
Jun 08 19:46:57 Dell-Precision-T7910 kernel: Spectre V1 : Mitigation: usercopy/swapgs barriers and __user pointer sanitization
Jun 08 19:46:57 Dell-Precision-T7910 kernel: Spectre V2 : Mitigation: Retpolines
Jun 08 19:46:57 Dell-Precision-T7910 kernel: Spectre V2 : Spectre v2 / SpectreRSB mitigation: Filling RSB on context switch
Jun 08 19:46:57 Dell-Precision-T7910 kernel: Spectre V2 : Enabling Restricted Speculation for firmware calls
Jun 08 19:46:57 Dell-Precision-T7910 kernel: Spectre V2 : mitigation: Enabling conditional Indirect Branch Prediction Barrier
Jun 08 19:46:57 Dell-Precision-T7910 kernel: Spectre V2 : User space: Mitigation: STIBP via seccomp and prctl
Jun 08 19:46:57 Dell-Precision-T7910 kernel: Speculative Store Bypass: Mitigation: Speculative Store Bypass disabled via prctl and seccomp
Jun 08 19:46:57 Dell-Precision-T7910 kernel: MDS: Mitigation: Clear CPU buffers
Jun 08 19:46:57 Dell-Precision-T7910 kernel: Freeing SMP alternatives memory: 40K
Jun 08 19:46:57 Dell-Precision-T7910 kernel: smpboot: Estimated ratio of average max frequency by base frequency (times 1024): 1220
Jun 08 19:46:57 Dell-Precision-T7910 kernel: smpboot: CPU0: Intel(R) Xeon(R) CPU E5-2640 v3 @ 2.60GHz (family: 0x6, model: 0x3f, stepping: 0x2)
Jun 08 19:46:57 Dell-Precision-T7910 kernel: Performance Events: PEBS fmt2+, Haswell events, 16-deep LBR, full-width counters, Intel PMU driver.
Jun 08 19:46:57 Dell-Precision-T7910 kernel: ... version:                3
Jun 08 19:46:57 Dell-Precision-T7910 kernel: ... bit width:              48
Jun 08 19:46:57 Dell-Precision-T7910 kernel: ... generic registers:      4
Jun 08 19:46:57 Dell-Precision-T7910 kernel: ... value mask:             0000ffffffffffff
Jun 08 19:46:57 Dell-Precision-T7910 kernel: ... max period:             00007fffffffffff
Jun 08 19:46:57 Dell-Precision-T7910 kernel: ... fixed-purpose events:   3
Jun 08 19:46:57 Dell-Precision-T7910 kernel: ... event mask:             000000070000000f
Jun 08 19:46:57 Dell-Precision-T7910 kernel: rcu: Hierarchical SRCU implementation.
Jun 08 19:46:57 Dell-Precision-T7910 kernel: NMI watchdog: Enabled. Permanently consumes one hw-PMU counter.
Jun 08 19:46:57 Dell-Precision-T7910 kernel: smp: Bringing up secondary CPUs ...
Jun 08 19:46:57 Dell-Precision-T7910 kernel: x86: Booting SMP configuration:
Jun 08 19:46:57 Dell-Precision-T7910 kernel: .... node  #0, CPUs:        #1
Jun 08 19:46:57 Dell-Precision-T7910 kernel: [Firmware Bug]: TSC ADJUST differs within socket(s), fixing all errors
Jun 08 19:46:57 Dell-Precision-T7910 kernel:   #2  #3  #4  #5  #6  #7  #8
Jun 08 19:46:57 Dell-Precision-T7910 kernel: MDS CPU bug present and SMT on, data leak possible. See https://www.kernel.org/doc/html/latest/admin-guide/hw-vuln/mds.html for more details.
Jun 08 19:46:57 Dell-Precision-T7910 kernel:   #9 #10 #11 #12 #13 #14 #15
Jun 08 19:46:57 Dell-Precision-T7910 kernel: smp: Brought up 1 node, 16 CPUs
Jun 08 19:46:57 Dell-Precision-T7910 kernel: smpboot: Max logical packages: 1
Jun 08 19:46:57 Dell-Precision-T7910 kernel: smpboot: Total of 16 processors activated (83004.41 BogoMIPS)
Jun 08 19:46:57 Dell-Precision-T7910 kernel: devtmpfs: initialized
Jun 08 19:46:57 Dell-Precision-T7910 kernel: x86/mm: Memory block size: 128MB
Jun 08 19:46:57 Dell-Precision-T7910 kernel: PM: Registering ACPI NVS region [mem 0xca51b000-0xcac07fff] (7262208 bytes)
Jun 08 19:46:57 Dell-Precision-T7910 kernel: clocksource: jiffies: mask: 0xffffffff max_cycles: 0xffffffff, max_idle_ns: 7645041785100000 ns
Jun 08 19:46:57 Dell-Precision-T7910 kernel: futex hash table entries: 4096 (order: 6, 262144 bytes, linear)
Jun 08 19:46:57 Dell-Precision-T7910 kernel: pinctrl core: initialized pinctrl subsystem
Jun 08 19:46:57 Dell-Precision-T7910 kernel: PM: RTC time: 18:46:45, date: 2022-06-08
Jun 08 19:46:57 Dell-Precision-T7910 kernel: NET: Registered protocol family 16
Jun 08 19:46:57 Dell-Precision-T7910 kernel: DMA: preallocated 4096 KiB GFP_KERNEL pool for atomic allocations
Jun 08 19:46:57 Dell-Precision-T7910 kernel: DMA: preallocated 4096 KiB GFP_KERNEL|GFP_DMA pool for atomic allocations
Jun 08 19:46:57 Dell-Precision-T7910 kernel: DMA: preallocated 4096 KiB GFP_KERNEL|GFP_DMA32 pool for atomic allocations
Jun 08 19:46:57 Dell-Precision-T7910 kernel: audit: initializing netlink subsys (disabled)
Jun 08 19:46:57 Dell-Precision-T7910 kernel: audit: type=2000 audit(1654714005.068:1): state=initialized audit_enabled=0 res=1
Jun 08 19:46:57 Dell-Precision-T7910 kernel: thermal_sys: Registered thermal governor 'fair_share'
Jun 08 19:46:57 Dell-Precision-T7910 kernel: thermal_sys: Registered thermal governor 'bang_bang'
Jun 08 19:46:57 Dell-Precision-T7910 kernel: thermal_sys: Registered thermal governor 'step_wise'
Jun 08 19:46:57 Dell-Precision-T7910 kernel: thermal_sys: Registered thermal governor 'user_space'
Jun 08 19:46:57 Dell-Precision-T7910 kernel: thermal_sys: Registered thermal governor 'power_allocator'
Jun 08 19:46:57 Dell-Precision-T7910 kernel: EISA bus registered
Jun 08 19:46:57 Dell-Precision-T7910 kernel: cpuidle: using governor ladder
Jun 08 19:46:57 Dell-Precision-T7910 kernel: cpuidle: using governor menu
Jun 08 19:46:57 Dell-Precision-T7910 kernel: ACPI FADT declares the system doesn't support PCIe ASPM, so disable it
Jun 08 19:46:57 Dell-Precision-T7910 kernel: ACPI: bus type PCI registered
Jun 08 19:46:57 Dell-Precision-T7910 kernel: acpiphp: ACPI Hot Plug PCI Controller Driver version: 0.5
Jun 08 19:46:57 Dell-Precision-T7910 kernel: PCI: MMCONFIG for domain 0000 [bus 00-ff] at [mem 0xd0000000-0xdfffffff] (base 0xd0000000)
Jun 08 19:46:57 Dell-Precision-T7910 kernel: PCI: MMCONFIG at [mem 0xd0000000-0xdfffffff] reserved in E820
Jun 08 19:46:57 Dell-Precision-T7910 kernel: PCI: Using configuration type 1 for base access
Jun 08 19:46:57 Dell-Precision-T7910 kernel: core: PMU erratum BJ122, BV98, HSD29 worked around, HT is on
Jun 08 19:46:57 Dell-Precision-T7910 kernel: ENERGY_PERF_BIAS: Set to 'normal', was 'performance'
Jun 08 19:46:57 Dell-Precision-T7910 kernel: Kprobes globally optimized
Jun 08 19:46:57 Dell-Precision-T7910 kernel: HugeTLB registered 1.00 GiB page size, pre-allocated 0 pages
Jun 08 19:46:57 Dell-Precision-T7910 kernel: HugeTLB registered 2.00 MiB page size, pre-allocated 0 pages
Jun 08 19:46:57 Dell-Precision-T7910 kernel: fbcon: Taking over console
Jun 08 19:46:57 Dell-Precision-T7910 kernel: ACPI: Added _OSI(Module Device)
Jun 08 19:46:57 Dell-Precision-T7910 kernel: ACPI: Added _OSI(Processor Device)
Jun 08 19:46:57 Dell-Precision-T7910 kernel: ACPI: Added _OSI(3.0 _SCP Extensions)
Jun 08 19:46:57 Dell-Precision-T7910 kernel: ACPI: Added _OSI(Processor Aggregator Device)
Jun 08 19:46:57 Dell-Precision-T7910 kernel: ACPI: Added _OSI(Linux-Dell-Video)
Jun 08 19:46:57 Dell-Precision-T7910 kernel: ACPI: Added _OSI(Linux-Lenovo-NV-HDMI-Audio)
Jun 08 19:46:57 Dell-Precision-T7910 kernel: ACPI: Added _OSI(Linux-HPI-Hybrid-Graphics)
Jun 08 19:46:57 Dell-Precision-T7910 kernel: ACPI: 2 ACPI AML tables successfully acquired and loaded
Jun 08 19:46:57 Dell-Precision-T7910 kernel: ACPI: [Firmware Bug]: BIOS _OSI(Linux) query ignored
Jun 08 19:46:57 Dell-Precision-T7910 kernel: ACPI: Interpreter enabled
Jun 08 19:46:57 Dell-Precision-T7910 kernel: ACPI: (supports S0 S3 S4 S5)
Jun 08 19:46:57 Dell-Precision-T7910 kernel: ACPI: Using IOAPIC for interrupt routing
Jun 08 19:46:57 Dell-Precision-T7910 kernel: PCI: Using host bridge windows from ACPI; if necessary, use "pci=nocrs" and report a bug
Jun 08 19:46:57 Dell-Precision-T7910 kernel: ACPI: Enabled 4 GPEs in block 00 to 3F
Jun 08 19:46:57 Dell-Precision-T7910 kernel: ACPI: PCI Root Bridge [UNC0] (domain 0000 [bus ff])
Jun 08 19:46:57 Dell-Precision-T7910 kernel: acpi PNP0A03:03: _OSC: OS supports [ExtendedConfig ASPM ClockPM Segments MSI HPX-Type3]
Jun 08 19:46:57 Dell-Precision-T7910 kernel: acpi PNP0A03:03: _OSC: platform does not support [SHPCHotplug LTR]
Jun 08 19:46:57 Dell-Precision-T7910 kernel: acpi PNP0A03:03: _OSC: OS now controls [PCIeHotplug PME AER PCIeCapability]
Jun 08 19:46:57 Dell-Precision-T7910 kernel: acpi PNP0A03:03: FADT indicates ASPM is unsupported, using BIOS configuration
Jun 08 19:46:57 Dell-Precision-T7910 kernel: PCI host bridge to bus 0000:ff
Jun 08 19:46:57 Dell-Precision-T7910 kernel: pci_bus 0000:ff: root bus resource [bus ff]
Jun 08 19:46:57 Dell-Precision-T7910 kernel: pci 0000:ff:0b.0: [8086:2f81] type 00 class 0x088000
Jun 08 19:46:57 Dell-Precision-T7910 kernel: pci 0000:ff:0b.1: [8086:2f36] type 00 class 0x110100
Jun 08 19:46:57 Dell-Precision-T7910 kernel: pci 0000:ff:0b.2: [8086:2f37] type 00 class 0x110100
Jun 08 19:46:57 Dell-Precision-T7910 kernel: pci 0000:ff:0c.0: [8086:2fe0] type 00 class 0x088000
Jun 08 19:46:57 Dell-Precision-T7910 kernel: pci 0000:ff:0c.1: [8086:2fe1] type 00 class 0x088000
Jun 08 19:46:57 Dell-Precision-T7910 kernel: pci 0000:ff:0c.2: [8086:2fe2] type 00 class 0x088000
Jun 08 19:46:57 Dell-Precision-T7910 kernel: pci 0000:ff:0c.3: [8086:2fe3] type 00 class 0x088000
Jun 08 19:46:57 Dell-Precision-T7910 kernel: pci 0000:ff:0c.4: [8086:2fe4] type 00 class 0x088000
Jun 08 19:46:57 Dell-Precision-T7910 kernel: pci 0000:ff:0c.5: [8086:2fe5] type 00 class 0x088000
Jun 08 19:46:57 Dell-Precision-T7910 kernel: pci 0000:ff:0c.6: [8086:2fe6] type 00 class 0x088000
Jun 08 19:46:57 Dell-Precision-T7910 kernel: pci 0000:ff:0c.7: [8086:2fe7] type 00 class 0x088000
Jun 08 19:46:57 Dell-Precision-T7910 kernel: pci 0000:ff:0f.0: [8086:2ff8] type 00 class 0x088000
Jun 08 19:46:57 Dell-Precision-T7910 kernel: pci 0000:ff:0f.1: [8086:2ff9] type 00 class 0x088000
Jun 08 19:46:57 Dell-Precision-T7910 kernel: pci 0000:ff:0f.4: [8086:2ffc] type 00 class 0x088000
Jun 08 19:46:57 Dell-Precision-T7910 kernel: pci 0000:ff:0f.5: [8086:2ffd] type 00 class 0x088000
Jun 08 19:46:57 Dell-Precision-T7910 kernel: pci 0000:ff:0f.6: [8086:2ffe] type 00 class 0x088000
Jun 08 19:46:57 Dell-Precision-T7910 kernel: pci 0000:ff:10.0: [8086:2f1d] type 00 class 0x088000
Jun 08 19:46:57 Dell-Precision-T7910 kernel: pci 0000:ff:10.1: [8086:2f34] type 00 class 0x110100
Jun 08 19:46:57 Dell-Precision-T7910 kernel: pci 0000:ff:10.5: [8086:2f1e] type 00 class 0x088000
Jun 08 19:46:57 Dell-Precision-T7910 kernel: pci 0000:ff:10.6: [8086:2f7d] type 00 class 0x110100
Jun 08 19:46:57 Dell-Precision-T7910 kernel: pci 0000:ff:10.7: [8086:2f1f] type 00 class 0x088000
Jun 08 19:46:57 Dell-Precision-T7910 kernel: pci 0000:ff:12.0: [8086:2fa0] type 00 class 0x088000
Jun 08 19:46:57 Dell-Precision-T7910 kernel: pci 0000:ff:12.1: [8086:2f30] type 00 class 0x110100
Jun 08 19:46:57 Dell-Precision-T7910 kernel: pci 0000:ff:13.0: [8086:2fa8] type 00 class 0x088000
Jun 08 19:46:57 Dell-Precision-T7910 kernel: pci 0000:ff:13.1: [8086:2f71] type 00 class 0x088000
Jun 08 19:46:57 Dell-Precision-T7910 kernel: pci 0000:ff:13.2: [8086:2faa] type 00 class 0x088000
Jun 08 19:46:57 Dell-Precision-T7910 kernel: pci 0000:ff:13.3: [8086:2fab] type 00 class 0x088000
Jun 08 19:46:57 Dell-Precision-T7910 kernel: pci 0000:ff:13.4: [8086:2fac] type 00 class 0x088000
Jun 08 19:46:57 Dell-Precision-T7910 kernel: pci 0000:ff:13.5: [8086:2fad] type 00 class 0x088000
Jun 08 19:46:57 Dell-Precision-T7910 kernel: pci 0000:ff:13.6: [8086:2fae] type 00 class 0x088000
Jun 08 19:46:57 Dell-Precision-T7910 kernel: pci 0000:ff:13.7: [8086:2faf] type 00 class 0x088000
Jun 08 19:46:57 Dell-Precision-T7910 kernel: pci 0000:ff:14.0: [8086:2fb0] type 00 class 0x088000
Jun 08 19:46:57 Dell-Precision-T7910 kernel: pci 0000:ff:14.1: [8086:2fb1] type 00 class 0x088000
Jun 08 19:46:57 Dell-Precision-T7910 kernel: pci 0000:ff:14.2: [8086:2fb2] type 00 class 0x088000
Jun 08 19:46:57 Dell-Precision-T7910 kernel: pci 0000:ff:14.3: [8086:2fb3] type 00 class 0x088000
Jun 08 19:46:57 Dell-Precision-T7910 kernel: pci 0000:ff:14.4: [8086:2fbc] type 00 class 0x088000
Jun 08 19:46:57 Dell-Precision-T7910 kernel: pci 0000:ff:14.5: [8086:2fbd] type 00 class 0x088000
Jun 08 19:46:57 Dell-Precision-T7910 kernel: pci 0000:ff:14.6: [8086:2fbe] type 00 class 0x088000
Jun 08 19:46:57 Dell-Precision-T7910 kernel: pci 0000:ff:14.7: [8086:2fbf] type 00 class 0x088000
Jun 08 19:46:57 Dell-Precision-T7910 kernel: pci 0000:ff:15.0: [8086:2fb4] type 00 class 0x088000
Jun 08 19:46:57 Dell-Precision-T7910 kernel: pci 0000:ff:15.1: [8086:2fb5] type 00 class 0x088000
Jun 08 19:46:57 Dell-Precision-T7910 kernel: pci 0000:ff:15.2: [8086:2fb6] type 00 class 0x088000
Jun 08 19:46:57 Dell-Precision-T7910 kernel: pci 0000:ff:15.3: [8086:2fb7] type 00 class 0x088000
Jun 08 19:46:57 Dell-Precision-T7910 kernel: pci 0000:ff:16.0: [8086:2f68] type 00 class 0x088000
Jun 08 19:46:57 Dell-Precision-T7910 kernel: pci 0000:ff:16.6: [8086:2f6e] type 00 class 0x088000
Jun 08 19:46:57 Dell-Precision-T7910 kernel: pci 0000:ff:16.7: [8086:2f6f] type 00 class 0x088000
Jun 08 19:46:57 Dell-Precision-T7910 kernel: pci 0000:ff:17.0: [8086:2fd0] type 00 class 0x088000
Jun 08 19:46:57 Dell-Precision-T7910 kernel: pci 0000:ff:17.4: [8086:2fb8] type 00 class 0x088000
Jun 08 19:46:57 Dell-Precision-T7910 kernel: pci 0000:ff:17.5: [8086:2fb9] type 00 class 0x088000
Jun 08 19:46:57 Dell-Precision-T7910 kernel: pci 0000:ff:17.6: [8086:2fba] type 00 class 0x088000
Jun 08 19:46:57 Dell-Precision-T7910 kernel: pci 0000:ff:17.7: [8086:2fbb] type 00 class 0x088000
Jun 08 19:46:57 Dell-Precision-T7910 kernel: pci 0000:ff:1e.0: [8086:2f98] type 00 class 0x088000
Jun 08 19:46:57 Dell-Precision-T7910 kernel: pci 0000:ff:1e.1: [8086:2f99] type 00 class 0x088000
Jun 08 19:46:57 Dell-Precision-T7910 kernel: pci 0000:ff:1e.2: [8086:2f9a] type 00 class 0x088000
Jun 08 19:46:57 Dell-Precision-T7910 kernel: pci 0000:ff:1e.3: [8086:2fc0] type 00 class 0x088000
Jun 08 19:46:57 Dell-Precision-T7910 kernel: pci 0000:ff:1e.4: [8086:2f9c] type 00 class 0x088000
Jun 08 19:46:57 Dell-Precision-T7910 kernel: pci 0000:ff:1f.0: [8086:2f88] type 00 class 0x088000
Jun 08 19:46:57 Dell-Precision-T7910 kernel: pci 0000:ff:1f.2: [8086:2f8a] type 00 class 0x088000
Jun 08 19:46:57 Dell-Precision-T7910 kernel: acpi LNXCPU:10: Entry not well-defined, consider updating BIOS
Jun 08 19:46:57 Dell-Precision-T7910 kernel: ACPI: PCI Root Bridge [PCI0] (domain 0000 [bus 00-fe])
Jun 08 19:46:57 Dell-Precision-T7910 kernel: acpi PNP0A08:00: _OSC: OS supports [ExtendedConfig ASPM ClockPM Segments MSI HPX-Type3]
Jun 08 19:46:57 Dell-Precision-T7910 kernel: acpi PNP0A08:00: _OSC: platform does not support [PCIeHotplug SHPCHotplug PME AER PCIeCapability LTR]
Jun 08 19:46:57 Dell-Precision-T7910 kernel: acpi PNP0A08:00: _OSC: not requesting control; platform does not support [PCIeCapability]
Jun 08 19:46:57 Dell-Precision-T7910 kernel: acpi PNP0A08:00: _OSC: OS requested [PCIeHotplug SHPCHotplug PME AER PCIeCapability LTR]
Jun 08 19:46:57 Dell-Precision-T7910 kernel: acpi PNP0A08:00: _OSC: platform willing to grant []
Jun 08 19:46:57 Dell-Precision-T7910 kernel: acpi PNP0A08:00: _OSC: platform retains control of PCIe features (AE_SUPPORT)
Jun 08 19:46:57 Dell-Precision-T7910 kernel: PCI host bridge to bus 0000:00
Jun 08 19:46:57 Dell-Precision-T7910 kernel: pci_bus 0000:00: root bus resource [bus 00-fe]
Jun 08 19:46:57 Dell-Precision-T7910 kernel: pci_bus 0000:00: root bus resource [io  0x0000-0x0cf7 window]
Jun 08 19:46:57 Dell-Precision-T7910 kernel: pci_bus 0000:00: root bus resource [io  0x1000-0xffff window]
Jun 08 19:46:57 Dell-Precision-T7910 kernel: pci_bus 0000:00: root bus resource [mem 0x000a0000-0x000bffff window]
Jun 08 19:46:57 Dell-Precision-T7910 kernel: pci_bus 0000:00: root bus resource [mem 0xe0000000-0xf7ffbfff window]
Jun 08 19:46:57 Dell-Precision-T7910 kernel: pci 0000:00:00.0: [8086:2f00] type 00 class 0x060000
Jun 08 19:46:57 Dell-Precision-T7910 kernel: pci 0000:00:01.0: [8086:2f02] type 01 class 0x060400
Jun 08 19:46:57 Dell-Precision-T7910 kernel: pci 0000:00:01.0: PME# supported from D0 D3hot D3cold
Jun 08 19:46:57 Dell-Precision-T7910 kernel: pci 0000:00:01.1: [8086:2f03] type 01 class 0x060400
Jun 08 19:46:57 Dell-Precision-T7910 kernel: pci 0000:00:01.1: PME# supported from D0 D3hot D3cold
Jun 08 19:46:57 Dell-Precision-T7910 kernel: pci 0000:00:02.0: [8086:2f04] type 01 class 0x060400
Jun 08 19:46:57 Dell-Precision-T7910 kernel: pci 0000:00:02.0: PME# supported from D0 D3hot D3cold
Jun 08 19:46:57 Dell-Precision-T7910 kernel: pci 0000:00:03.0: [8086:2f08] type 01 class 0x060400
Jun 08 19:46:57 Dell-Precision-T7910 kernel: pci 0000:00:03.0: PME# supported from D0 D3hot D3cold
Jun 08 19:46:57 Dell-Precision-T7910 kernel: pci 0000:00:03.1: [8086:2f09] type 01 class 0x060400
Jun 08 19:46:57 Dell-Precision-T7910 kernel: pci 0000:00:03.1: PME# supported from D0 D3hot D3cold
Jun 08 19:46:57 Dell-Precision-T7910 kernel: pci 0000:00:03.2: [8086:2f0a] type 01 class 0x060400
Jun 08 19:46:57 Dell-Precision-T7910 kernel: pci 0000:00:03.2: PME# supported from D0 D3hot D3cold
Jun 08 19:46:57 Dell-Precision-T7910 kernel: pci 0000:00:03.3: [8086:2f0b] type 01 class 0x060400
Jun 08 19:46:57 Dell-Precision-T7910 kernel: pci 0000:00:03.3: PME# supported from D0 D3hot D3cold
Jun 08 19:46:57 Dell-Precision-T7910 kernel: pci 0000:00:05.0: [8086:2f28] type 00 class 0x088000
Jun 08 19:46:57 Dell-Precision-T7910 kernel: pci 0000:00:05.1: [8086:2f29] type 00 class 0x088000
Jun 08 19:46:57 Dell-Precision-T7910 kernel: pci 0000:00:05.2: [8086:2f2a] type 00 class 0x088000
Jun 08 19:46:57 Dell-Precision-T7910 kernel: pci 0000:00:05.4: [8086:2f2c] type 00 class 0x080020
Jun 08 19:46:57 Dell-Precision-T7910 kernel: pci 0000:00:05.4: reg 0x10: [mem 0xf743d000-0xf743dfff]
Jun 08 19:46:57 Dell-Precision-T7910 kernel: pci 0000:00:11.0: [8086:8d7c] type 00 class 0xff0000
Jun 08 19:46:57 Dell-Precision-T7910 kernel: pci 0000:00:14.0: [8086:8d31] type 00 class 0x0c0330
Jun 08 19:46:57 Dell-Precision-T7910 kernel: pci 0000:00:14.0: reg 0x10: [mem 0xf7420000-0xf742ffff 64bit]
Jun 08 19:46:57 Dell-Precision-T7910 kernel: pci 0000:00:14.0: PME# supported from D3hot D3cold
Jun 08 19:46:57 Dell-Precision-T7910 kernel: pci 0000:00:16.0: [8086:8d3a] type 00 class 0x078000
Jun 08 19:46:57 Dell-Precision-T7910 kernel: pci 0000:00:16.0: reg 0x10: [mem 0xf743c000-0xf743c00f 64bit]
Jun 08 19:46:57 Dell-Precision-T7910 kernel: pci 0000:00:16.0: PME# supported from D0 D3hot D3cold
Jun 08 19:46:57 Dell-Precision-T7910 kernel: pci 0000:00:19.0: [8086:153a] type 00 class 0x020000
Jun 08 19:46:57 Dell-Precision-T7910 kernel: pci 0000:00:19.0: reg 0x10: [mem 0xf7400000-0xf741ffff]
Jun 08 19:46:57 Dell-Precision-T7910 kernel: pci 0000:00:19.0: reg 0x14: [mem 0xf7439000-0xf7439fff]
Jun 08 19:46:57 Dell-Precision-T7910 kernel: pci 0000:00:19.0: reg 0x18: [io  0xf020-0xf03f]
Jun 08 19:46:57 Dell-Precision-T7910 kernel: pci 0000:00:19.0: PME# supported from D0 D3hot D3cold
Jun 08 19:46:57 Dell-Precision-T7910 kernel: pci 0000:00:1a.0: [8086:8d2d] type 00 class 0x0c0320
Jun 08 19:46:57 Dell-Precision-T7910 kernel: pci 0000:00:1a.0: reg 0x10: [mem 0xf7438000-0xf74383ff]
Jun 08 19:46:57 Dell-Precision-T7910 kernel: pci 0000:00:1a.0: PME# supported from D0 D3hot D3cold
Jun 08 19:46:57 Dell-Precision-T7910 kernel: pci 0000:00:1b.0: [8086:8d20] type 00 class 0x040300
Jun 08 19:46:57 Dell-Precision-T7910 kernel: pci 0000:00:1b.0: reg 0x10: [mem 0xf7430000-0xf7433fff 64bit]
Jun 08 19:46:57 Dell-Precision-T7910 kernel: pci 0000:00:1b.0: PME# supported from D0 D3hot D3cold
Jun 08 19:46:57 Dell-Precision-T7910 kernel: pci 0000:00:1c.0: [8086:8d10] type 01 class 0x060400
Jun 08 19:46:57 Dell-Precision-T7910 kernel: pci 0000:00:1c.0: PME# supported from D0 D3hot D3cold
Jun 08 19:46:57 Dell-Precision-T7910 kernel: pci 0000:00:1c.1: [8086:8d12] type 01 class 0x060400
Jun 08 19:46:57 Dell-Precision-T7910 kernel: pci 0000:00:1c.1: PME# supported from D0 D3hot D3cold
Jun 08 19:46:57 Dell-Precision-T7910 kernel: pci 0000:00:1c.3: [8086:8d16] type 01 class 0x060400
Jun 08 19:46:57 Dell-Precision-T7910 kernel: pci 0000:00:1c.3: PME# supported from D0 D3hot D3cold
Jun 08 19:46:57 Dell-Precision-T7910 kernel: pci 0000:00:1d.0: [8086:8d26] type 00 class 0x0c0320
Jun 08 19:46:57 Dell-Precision-T7910 kernel: pci 0000:00:1d.0: reg 0x10: [mem 0xf7437000-0xf74373ff]
Jun 08 19:46:57 Dell-Precision-T7910 kernel: pci 0000:00:1d.0: PME# supported from D0 D3hot D3cold
Jun 08 19:46:57 Dell-Precision-T7910 kernel: pci 0000:00:1f.0: [8086:8d44] type 00 class 0x060100
Jun 08 19:46:57 Dell-Precision-T7910 kernel: pci 0000:00:1f.2: [8086:8d02] type 00 class 0x010601
Jun 08 19:46:57 Dell-Precision-T7910 kernel: pci 0000:00:1f.2: reg 0x10: [io  0xf070-0xf077]
Jun 08 19:46:57 Dell-Precision-T7910 kernel: pci 0000:00:1f.2: reg 0x14: [io  0xf060-0xf063]
Jun 08 19:46:57 Dell-Precision-T7910 kernel: pci 0000:00:1f.2: reg 0x18: [io  0xf050-0xf057]
Jun 08 19:46:57 Dell-Precision-T7910 kernel: pci 0000:00:1f.2: reg 0x1c: [io  0xf040-0xf043]
Jun 08 19:46:57 Dell-Precision-T7910 kernel: pci 0000:00:1f.2: reg 0x20: [io  0xf000-0xf01f]
Jun 08 19:46:57 Dell-Precision-T7910 kernel: pci 0000:00:1f.2: reg 0x24: [mem 0xf7436000-0xf74367ff]
Jun 08 19:46:57 Dell-Precision-T7910 kernel: pci 0000:00:1f.2: PME# supported from D3hot
Jun 08 19:46:57 Dell-Precision-T7910 kernel: pci 0000:00:1f.3: [8086:8d22] type 00 class 0x0c0500
Jun 08 19:46:57 Dell-Precision-T7910 kernel: pci 0000:00:1f.3: reg 0x10: [mem 0xf7435000-0xf74350ff 64bit]
Jun 08 19:46:57 Dell-Precision-T7910 kernel: pci 0000:00:1f.3: reg 0x20: [io  0x0580-0x059f]
Jun 08 19:46:57 Dell-Precision-T7910 kernel: pci 0000:01:00.0: [1000:0097] type 00 class 0x010700
Jun 08 19:46:57 Dell-Precision-T7910 kernel: pci 0000:01:00.0: reg 0x10: [io  0xe000-0xe0ff]
Jun 08 19:46:57 Dell-Precision-T7910 kernel: pci 0000:01:00.0: reg 0x14: [mem 0xf7200000-0xf720ffff 64bit]
Jun 08 19:46:57 Dell-Precision-T7910 kernel: pci 0000:01:00.0: reg 0x30: [mem 0xf7100000-0xf71fffff pref]
Jun 08 19:46:57 Dell-Precision-T7910 kernel: pci 0000:01:00.0: enabling Extended Tags
Jun 08 19:46:57 Dell-Precision-T7910 kernel: pci 0000:01:00.0: supports D1 D2
Jun 08 19:46:57 Dell-Precision-T7910 kernel: pci 0000:01:00.0: reg 0x174: [mem 0x00000000-0x0000ffff 64bit]
Jun 08 19:46:57 Dell-Precision-T7910 kernel: pci 0000:01:00.0: VF(n) BAR0 space: [mem 0x00000000-0x000fffff 64bit] (contains BAR0 for 16 VFs)
Jun 08 19:46:57 Dell-Precision-T7910 kernel: pci 0000:01:00.0: 31.504 Gb/s available PCIe bandwidth, limited by 8.0 GT/s PCIe x4 link at 0000:00:01.0 (capable of 63.008 Gb/s with 8.0 GT/s PCIe x8 link)
Jun 08 19:46:57 Dell-Precision-T7910 kernel: pci 0000:00:01.0: PCI bridge to [bus 01]
Jun 08 19:46:57 Dell-Precision-T7910 kernel: pci 0000:00:01.0:   bridge window [io  0xe000-0xefff]
Jun 08 19:46:57 Dell-Precision-T7910 kernel: pci 0000:00:01.0:   bridge window [mem 0xf7100000-0xf72fffff]
Jun 08 19:46:57 Dell-Precision-T7910 kernel: pci 0000:00:01.1: PCI bridge to [bus 02]
Jun 08 19:46:57 Dell-Precision-T7910 kernel: pci 0000:03:00.0: [10de:2231] type 00 class 0x030000
Jun 08 19:46:57 Dell-Precision-T7910 kernel: pci 0000:03:00.0: reg 0x10: [mem 0xf6000000-0xf6ffffff]
Jun 08 19:46:57 Dell-Precision-T7910 kernel: pci 0000:03:00.0: reg 0x14: [mem 0xe0000000-0xefffffff 64bit pref]
Jun 08 19:46:57 Dell-Precision-T7910 kernel: pci 0000:03:00.0: reg 0x1c: [mem 0xf0000000-0xf1ffffff 64bit pref]
Jun 08 19:46:57 Dell-Precision-T7910 kernel: pci 0000:03:00.0: reg 0x24: [io  0xd000-0xd07f]
Jun 08 19:46:57 Dell-Precision-T7910 kernel: pci 0000:03:00.0: reg 0x30: [mem 0xf7000000-0xf707ffff pref]
Jun 08 19:46:57 Dell-Precision-T7910 kernel: pci 0000:03:00.0: enabling Extended Tags
Jun 08 19:46:57 Dell-Precision-T7910 kernel: pci 0000:03:00.0: BAR 1: assigned to efifb
Jun 08 19:46:57 Dell-Precision-T7910 kernel: pci 0000:03:00.0: PME# supported from D0 D3hot
Jun 08 19:46:57 Dell-Precision-T7910 kernel: pci 0000:03:00.0: 126.016 Gb/s available PCIe bandwidth, limited by 8.0 GT/s PCIe x16 link at 0000:00:02.0 (capable of 252.048 Gb/s with 16.0 GT/s PCIe x16 link)
Jun 08 19:46:57 Dell-Precision-T7910 kernel: pci 0000:03:00.1: [10de:1aef] type 00 class 0x040300
Jun 08 19:46:57 Dell-Precision-T7910 kernel: pci 0000:03:00.1: reg 0x10: [mem 0xf7080000-0xf7083fff]
Jun 08 19:46:57 Dell-Precision-T7910 kernel: pci 0000:03:00.1: enabling Extended Tags
Jun 08 19:46:57 Dell-Precision-T7910 kernel: pci 0000:00:02.0: PCI bridge to [bus 03]
Jun 08 19:46:57 Dell-Precision-T7910 kernel: pci 0000:00:02.0:   bridge window [io  0xd000-0xdfff]
Jun 08 19:46:57 Dell-Precision-T7910 kernel: pci 0000:00:02.0:   bridge window [mem 0xf6000000-0xf70fffff]
Jun 08 19:46:57 Dell-Precision-T7910 kernel: pci 0000:00:02.0:   bridge window [mem 0xe0000000-0xf1ffffff 64bit pref]
Jun 08 19:46:57 Dell-Precision-T7910 kernel: pci 0000:00:03.0: PCI bridge to [bus 04]
Jun 08 19:46:57 Dell-Precision-T7910 kernel: pci 0000:00:03.1: PCI bridge to [bus 05]
Jun 08 19:46:57 Dell-Precision-T7910 kernel: pci 0000:00:03.2: PCI bridge to [bus 06]
Jun 08 19:46:57 Dell-Precision-T7910 kernel: pci 0000:00:03.3: PCI bridge to [bus 07]
Jun 08 19:46:57 Dell-Precision-T7910 kernel: pci 0000:00:1c.0: PCI bridge to [bus 08]
Jun 08 19:46:57 Dell-Precision-T7910 kernel: pci 0000:09:00.0: [8086:1533] type 00 class 0x020000
Jun 08 19:46:57 Dell-Precision-T7910 kernel: pci 0000:09:00.0: reg 0x10: [mem 0xf7300000-0xf737ffff]
Jun 08 19:46:57 Dell-Precision-T7910 kernel: pci 0000:09:00.0: reg 0x18: [io  0xc000-0xc01f]
Jun 08 19:46:57 Dell-Precision-T7910 kernel: pci 0000:09:00.0: reg 0x1c: [mem 0xf7380000-0xf7383fff]
Jun 08 19:46:57 Dell-Precision-T7910 kernel: pci 0000:09:00.0: PME# supported from D0 D3hot D3cold
Jun 08 19:46:57 Dell-Precision-T7910 kernel: pci 0000:00:1c.1: PCI bridge to [bus 09]
Jun 08 19:46:57 Dell-Precision-T7910 kernel: pci 0000:00:1c.1:   bridge window [io  0xc000-0xcfff]
Jun 08 19:46:57 Dell-Precision-T7910 kernel: pci 0000:00:1c.1:   bridge window [mem 0xf7300000-0xf73fffff]
Jun 08 19:46:57 Dell-Precision-T7910 kernel: pci 0000:0a:00.0: [104c:8240] type 01 class 0x060400
Jun 08 19:46:57 Dell-Precision-T7910 kernel: pci 0000:0a:00.0: supports D1 D2
Jun 08 19:46:57 Dell-Precision-T7910 kernel: pci 0000:00:1c.3: PCI bridge to [bus 0a-0b]
Jun 08 19:46:57 Dell-Precision-T7910 kernel: pci_bus 0000:0b: extended config space not accessible
Jun 08 19:46:57 Dell-Precision-T7910 kernel: pci 0000:0a:00.0: PCI bridge to [bus 0b]
Jun 08 19:46:57 Dell-Precision-T7910 kernel: pci_bus 0000:00: on NUMA node 0
Jun 08 19:46:57 Dell-Precision-T7910 kernel: ACPI: PCI: Interrupt link LNKA configured for IRQ 0
Jun 08 19:46:57 Dell-Precision-T7910 kernel: ACPI: PCI: Interrupt link LNKA disabled
Jun 08 19:46:57 Dell-Precision-T7910 kernel: ACPI: PCI: Interrupt link LNKB configured for IRQ 0
Jun 08 19:46:57 Dell-Precision-T7910 kernel: ACPI: PCI: Interrupt link LNKB disabled
Jun 08 19:46:57 Dell-Precision-T7910 kernel: ACPI: PCI: Interrupt link LNKC configured for IRQ 0
Jun 08 19:46:57 Dell-Precision-T7910 kernel: ACPI: PCI: Interrupt link LNKC disabled
Jun 08 19:46:57 Dell-Precision-T7910 kernel: ACPI: PCI: Interrupt link LNKD configured for IRQ 0
Jun 08 19:46:57 Dell-Precision-T7910 kernel: ACPI: PCI: Interrupt link LNKD disabled
Jun 08 19:46:57 Dell-Precision-T7910 kernel: ACPI: PCI: Interrupt link LNKE configured for IRQ 0
Jun 08 19:46:57 Dell-Precision-T7910 kernel: ACPI: PCI: Interrupt link LNKE disabled
Jun 08 19:46:57 Dell-Precision-T7910 kernel: ACPI: PCI: Interrupt link LNKF configured for IRQ 0
Jun 08 19:46:57 Dell-Precision-T7910 kernel: ACPI: PCI: Interrupt link LNKF disabled
Jun 08 19:46:57 Dell-Precision-T7910 kernel: ACPI: PCI: Interrupt link LNKG configured for IRQ 0
Jun 08 19:46:57 Dell-Precision-T7910 kernel: ACPI: PCI: Interrupt link LNKG disabled
Jun 08 19:46:57 Dell-Precision-T7910 kernel: ACPI: PCI: Interrupt link LNKH configured for IRQ 0
Jun 08 19:46:57 Dell-Precision-T7910 kernel: ACPI: PCI: Interrupt link LNKH disabled
Jun 08 19:46:57 Dell-Precision-T7910 kernel: iommu: Default domain type: Translated 
Jun 08 19:46:57 Dell-Precision-T7910 kernel: SCSI subsystem initialized
Jun 08 19:46:57 Dell-Precision-T7910 kernel: libata version 3.00 loaded.
Jun 08 19:46:57 Dell-Precision-T7910 kernel: pci 0000:03:00.0: vgaarb: VGA device added: decodes=io+mem,owns=none,locks=none
Jun 08 19:46:57 Dell-Precision-T7910 kernel: pci 0000:03:00.0: vgaarb: bridge control possible
Jun 08 19:46:57 Dell-Precision-T7910 kernel: pci 0000:03:00.0: vgaarb: setting as boot device
Jun 08 19:46:57 Dell-Precision-T7910 kernel: vgaarb: loaded
Jun 08 19:46:57 Dell-Precision-T7910 kernel: ACPI: bus type USB registered
Jun 08 19:46:57 Dell-Precision-T7910 kernel: usbcore: registered new interface driver usbfs
Jun 08 19:46:57 Dell-Precision-T7910 kernel: usbcore: registered new interface driver hub
Jun 08 19:46:57 Dell-Precision-T7910 kernel: usbcore: registered new device driver usb
Jun 08 19:46:57 Dell-Precision-T7910 kernel: pps_core: LinuxPPS API ver. 1 registered
Jun 08 19:46:57 Dell-Precision-T7910 kernel: pps_core: Software ver. 5.3.6 - Copyright 2005-2007 Rodolfo Giometti <giometti@linux.it>
Jun 08 19:46:57 Dell-Precision-T7910 kernel: PTP clock support registered
Jun 08 19:46:57 Dell-Precision-T7910 kernel: EDAC MC: Ver: 3.0.0
Jun 08 19:46:57 Dell-Precision-T7910 kernel: Registered efivars operations
Jun 08 19:46:57 Dell-Precision-T7910 kernel: NetLabel: Initializing
Jun 08 19:46:57 Dell-Precision-T7910 kernel: NetLabel:  domain hash size = 128
Jun 08 19:46:57 Dell-Precision-T7910 kernel: NetLabel:  protocols = UNLABELED CIPSOv4 CALIPSO
Jun 08 19:46:57 Dell-Precision-T7910 kernel: NetLabel:  unlabeled traffic allowed by default
Jun 08 19:46:57 Dell-Precision-T7910 kernel: PCI: Using ACPI for IRQ routing
Jun 08 19:46:57 Dell-Precision-T7910 kernel: PCI: pci_cache_line_size set to 64 bytes
Jun 08 19:46:57 Dell-Precision-T7910 kernel: e820: reserve RAM buffer [mem 0x0003f000-0x0003ffff]
Jun 08 19:46:57 Dell-Precision-T7910 kernel: e820: reserve RAM buffer [mem 0xbefd9018-0xbfffffff]
Jun 08 19:46:57 Dell-Precision-T7910 kernel: e820: reserve RAM buffer [mem 0xbefea018-0xbfffffff]
Jun 08 19:46:57 Dell-Precision-T7910 kernel: e820: reserve RAM buffer [mem 0xbeffa018-0xbfffffff]
Jun 08 19:46:57 Dell-Precision-T7910 kernel: e820: reserve RAM buffer [mem 0xbf021018-0xbfffffff]
Jun 08 19:46:57 Dell-Precision-T7910 kernel: e820: reserve RAM buffer [mem 0xbf494000-0xbfffffff]
Jun 08 19:46:57 Dell-Precision-T7910 kernel: e820: reserve RAM buffer [mem 0xc4a26000-0xc7ffffff]
Jun 08 19:46:57 Dell-Precision-T7910 kernel: e820: reserve RAM buffer [mem 0xc6064000-0xc7ffffff]
Jun 08 19:46:57 Dell-Precision-T7910 kernel: e820: reserve RAM buffer [mem 0xc9341000-0xcbffffff]
Jun 08 19:46:57 Dell-Precision-T7910 kernel: e820: reserve RAM buffer [mem 0xca51b000-0xcbffffff]
Jun 08 19:46:57 Dell-Precision-T7910 kernel: e820: reserve RAM buffer [mem 0xcb10a000-0xcbffffff]
Jun 08 19:46:57 Dell-Precision-T7910 kernel: e820: reserve RAM buffer [mem 0xcd000000-0xcfffffff]
Jun 08 19:46:57 Dell-Precision-T7910 kernel: hpet0: at MMIO 0xfed00000, IRQs 2, 8, 0, 0, 0, 0, 0, 0
Jun 08 19:46:57 Dell-Precision-T7910 kernel: hpet0: 8 comparators, 64-bit 14.318180 MHz counter
Jun 08 19:46:57 Dell-Precision-T7910 kernel: clocksource: Switched to clocksource tsc-early
Jun 08 19:46:57 Dell-Precision-T7910 kernel: VFS: Disk quotas dquot_6.6.0
Jun 08 19:46:57 Dell-Precision-T7910 kernel: VFS: Dquot-cache hash table entries: 512 (order 0, 4096 bytes)
Jun 08 19:46:57 Dell-Precision-T7910 kernel: AppArmor: AppArmor Filesystem Enabled
Jun 08 19:46:57 Dell-Precision-T7910 kernel: pnp: PnP ACPI init
Jun 08 19:46:57 Dell-Precision-T7910 kernel: pnp 00:00: Plug and Play ACPI device, IDs PNP0b00 (active)
Jun 08 19:46:57 Dell-Precision-T7910 kernel: system 00:01: [io  0x0500-0x057f] has been reserved
Jun 08 19:46:57 Dell-Precision-T7910 kernel: system 00:01: [io  0x0400-0x047f] has been reserved
Jun 08 19:46:57 Dell-Precision-T7910 kernel: system 00:01: [io  0x0580-0x059f] has been reserved
Jun 08 19:46:57 Dell-Precision-T7910 kernel: system 00:01: [io  0x0600-0x061f] has been reserved
Jun 08 19:46:57 Dell-Precision-T7910 kernel: system 00:01: [io  0x0880-0x0883] has been reserved
Jun 08 19:46:57 Dell-Precision-T7910 kernel: system 00:01: [io  0x0800-0x081f] has been reserved
Jun 08 19:46:57 Dell-Precision-T7910 kernel: system 00:01: [mem 0xfed1c000-0xfed3ffff] could not be reserved
Jun 08 19:46:57 Dell-Precision-T7910 kernel: system 00:01: [mem 0xfed45000-0xfed8bfff] has been reserved
Jun 08 19:46:57 Dell-Precision-T7910 kernel: system 00:01: [mem 0xff000000-0xffffffff] has been reserved
Jun 08 19:46:57 Dell-Precision-T7910 kernel: system 00:01: [mem 0xfee00000-0xfeefffff] has been reserved
Jun 08 19:46:57 Dell-Precision-T7910 kernel: system 00:01: [mem 0xfed12000-0xfed1200f] has been reserved
Jun 08 19:46:57 Dell-Precision-T7910 kernel: system 00:01: [mem 0xfed12010-0xfed1201f] has been reserved
Jun 08 19:46:57 Dell-Precision-T7910 kernel: system 00:01: [mem 0xfed1b000-0xfed1bfff] has been reserved
Jun 08 19:46:57 Dell-Precision-T7910 kernel: system 00:01: Plug and Play ACPI device, IDs PNP0c02 (active)
Jun 08 19:46:57 Dell-Precision-T7910 kernel: system 00:02: [io  0x0a00-0x0a3f] has been reserved
Jun 08 19:46:57 Dell-Precision-T7910 kernel: system 00:02: Plug and Play ACPI device, IDs PNP0c02 (active)
Jun 08 19:46:57 Dell-Precision-T7910 kernel: pnp 00:03: [dma 0 disabled]
Jun 08 19:46:57 Dell-Precision-T7910 kernel: pnp 00:03: Plug and Play ACPI device, IDs PNP0501 (active)
Jun 08 19:46:57 Dell-Precision-T7910 kernel: pnp 00:04: Plug and Play ACPI device, IDs PNP0c31 (active)
Jun 08 19:46:57 Dell-Precision-T7910 kernel: pnp: PnP ACPI: found 5 devices
Jun 08 19:46:57 Dell-Precision-T7910 kernel: clocksource: acpi_pm: mask: 0xffffff max_cycles: 0xffffff, max_idle_ns: 2085701024 ns
Jun 08 19:46:57 Dell-Precision-T7910 kernel: NET: Registered protocol family 2
Jun 08 19:46:57 Dell-Precision-T7910 kernel: IP idents hash table entries: 262144 (order: 9, 2097152 bytes, linear)
Jun 08 19:46:57 Dell-Precision-T7910 kernel: tcp_listen_portaddr_hash hash table entries: 16384 (order: 6, 262144 bytes, linear)
Jun 08 19:46:57 Dell-Precision-T7910 kernel: TCP established hash table entries: 262144 (order: 9, 2097152 bytes, linear)
Jun 08 19:46:57 Dell-Precision-T7910 kernel: TCP bind hash table entries: 65536 (order: 8, 1048576 bytes, linear)
Jun 08 19:46:57 Dell-Precision-T7910 kernel: TCP: Hash tables configured (established 262144 bind 65536)
Jun 08 19:46:57 Dell-Precision-T7910 kernel: MPTCP token hash table entries: 32768 (order: 7, 786432 bytes, linear)
Jun 08 19:46:57 Dell-Precision-T7910 kernel: UDP hash table entries: 16384 (order: 7, 524288 bytes, linear)
Jun 08 19:46:57 Dell-Precision-T7910 kernel: UDP-Lite hash table entries: 16384 (order: 7, 524288 bytes, linear)
Jun 08 19:46:57 Dell-Precision-T7910 kernel: NET: Registered protocol family 1
Jun 08 19:46:57 Dell-Precision-T7910 kernel: NET: Registered protocol family 44
Jun 08 19:46:57 Dell-Precision-T7910 kernel: pci_bus 0000:00: max bus depth: 2 pci_try_num: 3
Jun 08 19:46:57 Dell-Precision-T7910 kernel: pci 0000:01:00.0: BAR 7: no space for [mem size 0x00100000 64bit]
Jun 08 19:46:57 Dell-Precision-T7910 kernel: pci 0000:01:00.0: BAR 7: failed to assign [mem size 0x00100000 64bit]
Jun 08 19:46:57 Dell-Precision-T7910 kernel: pci 0000:00:01.0: PCI bridge to [bus 01]
Jun 08 19:46:57 Dell-Precision-T7910 kernel: pci 0000:00:01.0:   bridge window [io  0xe000-0xefff]
Jun 08 19:46:57 Dell-Precision-T7910 kernel: pci 0000:00:01.0:   bridge window [mem 0xf7100000-0xf72fffff]
Jun 08 19:46:57 Dell-Precision-T7910 kernel: pci 0000:00:01.1: PCI bridge to [bus 02]
Jun 08 19:46:57 Dell-Precision-T7910 kernel: pci 0000:00:02.0: PCI bridge to [bus 03]
Jun 08 19:46:57 Dell-Precision-T7910 kernel: pci 0000:00:02.0:   bridge window [io  0xd000-0xdfff]
Jun 08 19:46:57 Dell-Precision-T7910 kernel: pci 0000:00:02.0:   bridge window [mem 0xf6000000-0xf70fffff]
Jun 08 19:46:57 Dell-Precision-T7910 kernel: pci 0000:00:02.0:   bridge window [mem 0xe0000000-0xf1ffffff 64bit pref]
Jun 08 19:46:57 Dell-Precision-T7910 kernel: pci 0000:00:03.0: PCI bridge to [bus 04]
Jun 08 19:46:57 Dell-Precision-T7910 kernel: pci 0000:00:03.1: PCI bridge to [bus 05]
Jun 08 19:46:57 Dell-Precision-T7910 kernel: pci 0000:00:03.2: PCI bridge to [bus 06]
Jun 08 19:46:57 Dell-Precision-T7910 kernel: pci 0000:00:03.3: PCI bridge to [bus 07]
Jun 08 19:46:57 Dell-Precision-T7910 kernel: pci 0000:00:1c.0: PCI bridge to [bus 08]
Jun 08 19:46:57 Dell-Precision-T7910 kernel: pci 0000:00:1c.1: PCI bridge to [bus 09]
Jun 08 19:46:57 Dell-Precision-T7910 kernel: pci 0000:00:1c.1:   bridge window [io  0xc000-0xcfff]
Jun 08 19:46:57 Dell-Precision-T7910 kernel: pci 0000:00:1c.1:   bridge window [mem 0xf7300000-0xf73fffff]
Jun 08 19:46:57 Dell-Precision-T7910 kernel: pci 0000:0a:00.0: PCI bridge to [bus 0b]
Jun 08 19:46:57 Dell-Precision-T7910 kernel: pci 0000:00:1c.3: PCI bridge to [bus 0a-0b]
Jun 08 19:46:57 Dell-Precision-T7910 kernel: pci_bus 0000:00: No. 2 try to assign unassigned res
Jun 08 19:46:57 Dell-Precision-T7910 kernel: release child resource [mem 0xf7100000-0xf71fffff pref]
Jun 08 19:46:57 Dell-Precision-T7910 kernel: release child resource [mem 0xf7200000-0xf720ffff 64bit]
Jun 08 19:46:57 Dell-Precision-T7910 kernel: pci 0000:00:01.0: resource 14 [mem 0xf7100000-0xf72fffff] released
Jun 08 19:46:57 Dell-Precision-T7910 kernel: pci 0000:00:01.0: PCI bridge to [bus 01]
Jun 08 19:46:57 Dell-Precision-T7910 kernel: pci 0000:00:01.0: BAR 14: assigned [mem 0xf2000000-0xf22fffff]
Jun 08 19:46:57 Dell-Precision-T7910 kernel: pci 0000:01:00.0: BAR 6: assigned [mem 0xf2000000-0xf20fffff pref]
Jun 08 19:46:57 Dell-Precision-T7910 kernel: pci 0000:01:00.0: BAR 1: assigned [mem 0xf2100000-0xf210ffff 64bit]
Jun 08 19:46:57 Dell-Precision-T7910 kernel: pci 0000:01:00.0: BAR 7: assigned [mem 0xf2110000-0xf220ffff 64bit]
Jun 08 19:46:57 Dell-Precision-T7910 kernel: pci 0000:00:01.0: PCI bridge to [bus 01]
Jun 08 19:46:57 Dell-Precision-T7910 kernel: pci 0000:00:01.0:   bridge window [io  0xe000-0xefff]
Jun 08 19:46:57 Dell-Precision-T7910 kernel: pci 0000:00:01.0:   bridge window [mem 0xf2000000-0xf22fffff]
Jun 08 19:46:57 Dell-Precision-T7910 kernel: pci 0000:00:01.1: PCI bridge to [bus 02]
Jun 08 19:46:57 Dell-Precision-T7910 kernel: pci 0000:00:02.0: PCI bridge to [bus 03]
Jun 08 19:46:57 Dell-Precision-T7910 kernel: pci 0000:00:02.0:   bridge window [io  0xd000-0xdfff]
Jun 08 19:46:57 Dell-Precision-T7910 kernel: pci 0000:00:02.0:   bridge window [mem 0xf6000000-0xf70fffff]
Jun 08 19:46:57 Dell-Precision-T7910 kernel: pci 0000:00:02.0:   bridge window [mem 0xe0000000-0xf1ffffff 64bit pref]
Jun 08 19:46:57 Dell-Precision-T7910 kernel: pci 0000:00:03.0: PCI bridge to [bus 04]
Jun 08 19:46:57 Dell-Precision-T7910 kernel: pci 0000:00:03.1: PCI bridge to [bus 05]
Jun 08 19:46:57 Dell-Precision-T7910 kernel: pci 0000:00:03.2: PCI bridge to [bus 06]
Jun 08 19:46:57 Dell-Precision-T7910 kernel: pci 0000:00:03.3: PCI bridge to [bus 07]
Jun 08 19:46:57 Dell-Precision-T7910 kernel: pci 0000:00:1c.0: PCI bridge to [bus 08]
Jun 08 19:46:57 Dell-Precision-T7910 kernel: pci 0000:00:1c.1: PCI bridge to [bus 09]
Jun 08 19:46:57 Dell-Precision-T7910 kernel: pci 0000:00:1c.1:   bridge window [io  0xc000-0xcfff]
Jun 08 19:46:57 Dell-Precision-T7910 kernel: pci 0000:00:1c.1:   bridge window [mem 0xf7300000-0xf73fffff]
Jun 08 19:46:57 Dell-Precision-T7910 kernel: pci 0000:0a:00.0: PCI bridge to [bus 0b]
Jun 08 19:46:57 Dell-Precision-T7910 kernel: pci 0000:00:1c.3: PCI bridge to [bus 0a-0b]
Jun 08 19:46:57 Dell-Precision-T7910 kernel: pci_bus 0000:00: resource 4 [io  0x0000-0x0cf7 window]
Jun 08 19:46:57 Dell-Precision-T7910 kernel: pci_bus 0000:00: resource 5 [io  0x1000-0xffff window]
Jun 08 19:46:57 Dell-Precision-T7910 kernel: pci_bus 0000:00: resource 6 [mem 0x000a0000-0x000bffff window]
Jun 08 19:46:57 Dell-Precision-T7910 kernel: pci_bus 0000:00: resource 7 [mem 0xe0000000-0xf7ffbfff window]
Jun 08 19:46:57 Dell-Precision-T7910 kernel: pci_bus 0000:01: resource 0 [io  0xe000-0xefff]
Jun 08 19:46:57 Dell-Precision-T7910 kernel: pci_bus 0000:01: resource 1 [mem 0xf2000000-0xf22fffff]
Jun 08 19:46:57 Dell-Precision-T7910 kernel: pci_bus 0000:03: resource 0 [io  0xd000-0xdfff]
Jun 08 19:46:57 Dell-Precision-T7910 kernel: pci_bus 0000:03: resource 1 [mem 0xf6000000-0xf70fffff]
Jun 08 19:46:57 Dell-Precision-T7910 kernel: pci_bus 0000:03: resource 2 [mem 0xe0000000-0xf1ffffff 64bit pref]
Jun 08 19:46:57 Dell-Precision-T7910 kernel: pci_bus 0000:09: resource 0 [io  0xc000-0xcfff]
Jun 08 19:46:57 Dell-Precision-T7910 kernel: pci_bus 0000:09: resource 1 [mem 0xf7300000-0xf73fffff]
Jun 08 19:46:57 Dell-Precision-T7910 kernel: pci 0000:00:05.0: disabled boot interrupts on device [8086:2f28]
Jun 08 19:46:57 Dell-Precision-T7910 kernel: pci 0000:00:1a.0: quirk_usb_early_handoff+0x0/0x640 took 21854 usecs
Jun 08 19:46:57 Dell-Precision-T7910 kernel: pci 0000:00:1d.0: quirk_usb_early_handoff+0x0/0x640 took 23423 usecs
Jun 08 19:46:57 Dell-Precision-T7910 kernel: pci 0000:01:00.0: CLS mismatch (64 != 32), using 64 bytes
Jun 08 19:46:57 Dell-Precision-T7910 kernel: pci 0000:03:00.1: D0 power state depends on 0000:03:00.0
Jun 08 19:46:57 Dell-Precision-T7910 kernel: PCI-DMA: Using software bounce buffering for IO (SWIOTLB)
Jun 08 19:46:57 Dell-Precision-T7910 kernel: Trying to unpack rootfs image as initramfs...
Jun 08 19:46:57 Dell-Precision-T7910 kernel: software IO TLB: mapped [mem 0x00000000bafd6000-0x00000000befd6000] (64MB)
Jun 08 19:46:57 Dell-Precision-T7910 kernel: Initialise system trusted keyrings
Jun 08 19:46:57 Dell-Precision-T7910 kernel: Key type blacklist registered
Jun 08 19:46:57 Dell-Precision-T7910 kernel: workingset: timestamp_bits=36 max_order=23 bucket_order=0
Jun 08 19:46:57 Dell-Precision-T7910 kernel: zbud: loaded
Jun 08 19:46:57 Dell-Precision-T7910 kernel: squashfs: version 4.0 (2009/01/31) Phillip Lougher
Jun 08 19:46:57 Dell-Precision-T7910 kernel: fuse: init (API version 7.34)
Jun 08 19:46:57 Dell-Precision-T7910 kernel: integrity: Platform Keyring initialized
Jun 08 19:46:57 Dell-Precision-T7910 kernel: Key type asymmetric registered
Jun 08 19:46:57 Dell-Precision-T7910 kernel: Asymmetric key parser 'x509' registered
Jun 08 19:46:57 Dell-Precision-T7910 kernel: Block layer SCSI generic (bsg) driver version 0.4 loaded (major 243)
Jun 08 19:46:57 Dell-Precision-T7910 kernel: io scheduler mq-deadline registered
Jun 08 19:46:57 Dell-Precision-T7910 kernel: shpchp: Standard Hot Plug PCI Controller Driver version: 0.4
Jun 08 19:46:57 Dell-Precision-T7910 kernel: efifb: probing for efifb
Jun 08 19:46:57 Dell-Precision-T7910 kernel: pmd_set_huge: Cannot satisfy [mem 0xe0000000-0xe0200000] with a huge-page mapping due to MTRR override.
Jun 08 19:46:57 Dell-Precision-T7910 kernel: efifb: framebuffer at 0xe0000000, using 8640k, total 8640k
Jun 08 19:46:57 Dell-Precision-T7910 kernel: efifb: mode is 1920x1080x32, linelength=8192, pages=1
Jun 08 19:46:57 Dell-Precision-T7910 kernel: efifb: scrolling: redraw
Jun 08 19:46:57 Dell-Precision-T7910 kernel: efifb: Truecolor: size=8:8:8:8, shift=24:16:8:0
Jun 08 19:46:57 Dell-Precision-T7910 kernel: Console: switching to colour frame buffer device 240x67
Jun 08 19:46:57 Dell-Precision-T7910 kernel: fb0: EFI VGA frame buffer device
Jun 08 19:46:57 Dell-Precision-T7910 kernel: Monitor-Mwait will be used to enter C-1 state
Jun 08 19:46:57 Dell-Precision-T7910 kernel: Monitor-Mwait will be used to enter C-2 state
Jun 08 19:46:57 Dell-Precision-T7910 kernel: ACPI: \_SB_.SCK0.CP00: Found 2 idle states
Jun 08 19:46:57 Dell-Precision-T7910 kernel: input: Power Button as /devices/LNXSYSTM:00/LNXSYBUS:00/PNP0C0C:00/input/input0
Jun 08 19:46:57 Dell-Precision-T7910 kernel: ACPI: button: Power Button [PWRB]
Jun 08 19:46:57 Dell-Precision-T7910 kernel: input: Power Button as /devices/LNXSYSTM:00/LNXPWRBN:00/input/input1
Jun 08 19:46:57 Dell-Precision-T7910 kernel: ACPI: button: Power Button [PWRF]
Jun 08 19:46:57 Dell-Precision-T7910 kernel: Serial: 8250/16550 driver, 32 ports, IRQ sharing enabled
Jun 08 19:46:57 Dell-Precision-T7910 kernel: 00:03: ttyS0 at I/O 0x3f8 (irq = 4, base_baud = 115200) is a 16550A
Jun 08 19:46:57 Dell-Precision-T7910 kernel: Linux agpgart interface v0.103
Jun 08 19:46:57 Dell-Precision-T7910 kernel: tpm_tis 00:04: 1.2 TPM (device-id 0xFE, rev-id 2)
Jun 08 19:46:57 Dell-Precision-T7910 kernel: Freeing initrd memory: 58184K
Jun 08 19:46:57 Dell-Precision-T7910 kernel: loop: module loaded
Jun 08 19:46:57 Dell-Precision-T7910 kernel: tun: Universal TUN/TAP device driver, 1.6
Jun 08 19:46:57 Dell-Precision-T7910 kernel: PPP generic driver version 2.4.2
Jun 08 19:46:57 Dell-Precision-T7910 kernel: VFIO - User Level meta-driver version: 0.3
Jun 08 19:46:57 Dell-Precision-T7910 kernel: ehci_hcd: USB 2.0 'Enhanced' Host Controller (EHCI) Driver
Jun 08 19:46:57 Dell-Precision-T7910 kernel: ehci-pci: EHCI PCI platform driver
Jun 08 19:46:57 Dell-Precision-T7910 kernel: ehci-pci 0000:00:1a.0: EHCI Host Controller
Jun 08 19:46:57 Dell-Precision-T7910 kernel: ehci-pci 0000:00:1a.0: new USB bus registered, assigned bus number 1
Jun 08 19:46:57 Dell-Precision-T7910 kernel: ehci-pci 0000:00:1a.0: debug port 2
Jun 08 19:46:57 Dell-Precision-T7910 kernel: ehci-pci 0000:00:1a.0: irq 18, io mem 0xf7438000
Jun 08 19:46:57 Dell-Precision-T7910 kernel: ehci-pci 0000:00:1a.0: USB 2.0 started, EHCI 1.00
Jun 08 19:46:57 Dell-Precision-T7910 kernel: usb usb1: New USB device found, idVendor=1d6b, idProduct=0002, bcdDevice= 5.13
Jun 08 19:46:57 Dell-Precision-T7910 kernel: usb usb1: New USB device strings: Mfr=3, Product=2, SerialNumber=1
Jun 08 19:46:57 Dell-Precision-T7910 kernel: usb usb1: Product: EHCI Host Controller
Jun 08 19:46:57 Dell-Precision-T7910 kernel: usb usb1: Manufacturer: Linux 5.13.0-48-generic ehci_hcd
Jun 08 19:46:57 Dell-Precision-T7910 kernel: usb usb1: SerialNumber: 0000:00:1a.0
Jun 08 19:46:57 Dell-Precision-T7910 kernel: hub 1-0:1.0: USB hub found
Jun 08 19:46:57 Dell-Precision-T7910 kernel: hub 1-0:1.0: 2 ports detected
Jun 08 19:46:57 Dell-Precision-T7910 kernel: ehci-pci 0000:00:1d.0: EHCI Host Controller
Jun 08 19:46:57 Dell-Precision-T7910 kernel: ehci-pci 0000:00:1d.0: new USB bus registered, assigned bus number 2
Jun 08 19:46:57 Dell-Precision-T7910 kernel: ehci-pci 0000:00:1d.0: debug port 2
Jun 08 19:46:57 Dell-Precision-T7910 kernel: ehci-pci 0000:00:1d.0: irq 18, io mem 0xf7437000
Jun 08 19:46:57 Dell-Precision-T7910 kernel: ehci-pci 0000:00:1d.0: USB 2.0 started, EHCI 1.00
Jun 08 19:46:57 Dell-Precision-T7910 kernel: usb usb2: New USB device found, idVendor=1d6b, idProduct=0002, bcdDevice= 5.13
Jun 08 19:46:57 Dell-Precision-T7910 kernel: usb usb2: New USB device strings: Mfr=3, Product=2, SerialNumber=1
Jun 08 19:46:57 Dell-Precision-T7910 kernel: usb usb2: Product: EHCI Host Controller
Jun 08 19:46:57 Dell-Precision-T7910 kernel: usb usb2: Manufacturer: Linux 5.13.0-48-generic ehci_hcd
Jun 08 19:46:57 Dell-Precision-T7910 kernel: usb usb2: SerialNumber: 0000:00:1d.0
Jun 08 19:46:57 Dell-Precision-T7910 kernel: hub 2-0:1.0: USB hub found
Jun 08 19:46:57 Dell-Precision-T7910 kernel: hub 2-0:1.0: 2 ports detected
Jun 08 19:46:57 Dell-Precision-T7910 kernel: ehci-platform: EHCI generic platform driver
Jun 08 19:46:57 Dell-Precision-T7910 kernel: ohci_hcd: USB 1.1 'Open' Host Controller (OHCI) Driver
Jun 08 19:46:57 Dell-Precision-T7910 kernel: ohci-pci: OHCI PCI platform driver
Jun 08 19:46:57 Dell-Precision-T7910 kernel: ohci-platform: OHCI generic platform driver
Jun 08 19:46:57 Dell-Precision-T7910 kernel: uhci_hcd: USB Universal Host Controller Interface driver
Jun 08 19:46:57 Dell-Precision-T7910 kernel: i8042: PNP: No PS/2 controller found.
Jun 08 19:46:57 Dell-Precision-T7910 kernel: mousedev: PS/2 mouse device common for all mice
Jun 08 19:46:57 Dell-Precision-T7910 kernel: rtc_cmos 00:00: RTC can wake from S4
Jun 08 19:46:57 Dell-Precision-T7910 kernel: rtc_cmos 00:00: registered as rtc0
Jun 08 19:46:57 Dell-Precision-T7910 kernel: rtc_cmos 00:00: setting system clock to 2022-06-08T18:46:46 UTC (1654714006)
Jun 08 19:46:57 Dell-Precision-T7910 kernel: rtc_cmos 00:00: alarms up to one month, y3k, 114 bytes nvram, hpet irqs
Jun 08 19:46:57 Dell-Precision-T7910 kernel: i2c /dev entries driver
Jun 08 19:46:57 Dell-Precision-T7910 kernel: device-mapper: uevent: version 1.0.3
Jun 08 19:46:57 Dell-Precision-T7910 kernel: device-mapper: ioctl: 4.45.0-ioctl (2021-03-22) initialised: dm-devel@redhat.com
Jun 08 19:46:57 Dell-Precision-T7910 kernel: platform eisa.0: Probing EISA bus 0
Jun 08 19:46:57 Dell-Precision-T7910 kernel: platform eisa.0: EISA: Cannot allocate resource for mainboard
Jun 08 19:46:57 Dell-Precision-T7910 kernel: platform eisa.0: Cannot allocate resource for EISA slot 1
Jun 08 19:46:57 Dell-Precision-T7910 kernel: platform eisa.0: Cannot allocate resource for EISA slot 2
Jun 08 19:46:57 Dell-Precision-T7910 kernel: platform eisa.0: Cannot allocate resource for EISA slot 3
Jun 08 19:46:57 Dell-Precision-T7910 kernel: platform eisa.0: Cannot allocate resource for EISA slot 4
Jun 08 19:46:57 Dell-Precision-T7910 kernel: platform eisa.0: Cannot allocate resource for EISA slot 5
Jun 08 19:46:57 Dell-Precision-T7910 kernel: platform eisa.0: Cannot allocate resource for EISA slot 6
Jun 08 19:46:57 Dell-Precision-T7910 kernel: platform eisa.0: Cannot allocate resource for EISA slot 7
Jun 08 19:46:57 Dell-Precision-T7910 kernel: platform eisa.0: Cannot allocate resource for EISA slot 8
Jun 08 19:46:57 Dell-Precision-T7910 kernel: platform eisa.0: EISA: Detected 0 cards
Jun 08 19:46:57 Dell-Precision-T7910 kernel: intel_pstate: Intel P-state driver initializing
Jun 08 19:46:57 Dell-Precision-T7910 kernel: ledtrig-cpu: registered to indicate activity on CPUs
Jun 08 19:46:57 Dell-Precision-T7910 kernel: EFI Variables Facility v0.08 2004-May-17
Jun 08 19:46:57 Dell-Precision-T7910 kernel: drop_monitor: Initializing network drop monitor service
Jun 08 19:46:57 Dell-Precision-T7910 kernel: NET: Registered protocol family 10
Jun 08 19:46:57 Dell-Precision-T7910 kernel: Segment Routing with IPv6
Jun 08 19:46:57 Dell-Precision-T7910 kernel: NET: Registered protocol family 17
Jun 08 19:46:57 Dell-Precision-T7910 kernel: Key type dns_resolver registered
Jun 08 19:46:57 Dell-Precision-T7910 kernel: microcode: sig=0x306f2, pf=0x1, revision=0x46
Jun 08 19:46:57 Dell-Precision-T7910 kernel: microcode: Microcode Update Driver: v2.2.
Jun 08 19:46:57 Dell-Precision-T7910 kernel: resctrl: L3 monitoring detected
Jun 08 19:46:57 Dell-Precision-T7910 kernel: IPI shorthand broadcast: enabled
Jun 08 19:46:57 Dell-Precision-T7910 kernel: sched_clock: Marking stable (756824848, 699689)->(762384204, -4859667)
Jun 08 19:46:57 Dell-Precision-T7910 kernel: registered taskstats version 1
Jun 08 19:46:57 Dell-Precision-T7910 kernel: Loading compiled-in X.509 certificates
Jun 08 19:46:57 Dell-Precision-T7910 kernel: Loaded X.509 cert 'Build time autogenerated kernel key: eacc35b2e80f3dd8451ab47685c1ca5befdbe0e2'
Jun 08 19:46:57 Dell-Precision-T7910 kernel: Loaded X.509 cert 'Canonical Ltd. Live Patch Signing: 14df34d1a87cf37625abec039ef2bf521249b969'
Jun 08 19:46:57 Dell-Precision-T7910 kernel: Loaded X.509 cert 'Canonical Ltd. Kernel Module Signing: 88f752e560a1e0737e31163a466ad7b70a850c19'
Jun 08 19:46:57 Dell-Precision-T7910 kernel: blacklist: Loading compiled-in revocation X.509 certificates
Jun 08 19:46:57 Dell-Precision-T7910 kernel: Loaded X.509 cert 'Canonical Ltd. Secure Boot Signing: 61482aa2830d0ab2ad5af10b7250da9033ddcef0'
Jun 08 19:46:57 Dell-Precision-T7910 kernel: zswap: loaded using pool lzo/zbud
Jun 08 19:46:57 Dell-Precision-T7910 kernel: Key type ._fscrypt registered
Jun 08 19:46:57 Dell-Precision-T7910 kernel: Key type .fscrypt registered
Jun 08 19:46:57 Dell-Precision-T7910 kernel: Key type fscrypt-provisioning registered
Jun 08 19:46:57 Dell-Precision-T7910 kernel: Key type trusted registered
Jun 08 19:46:57 Dell-Precision-T7910 kernel: Key type encrypted registered
Jun 08 19:46:57 Dell-Precision-T7910 kernel: AppArmor: AppArmor sha1 policy hashing enabled
Jun 08 19:46:57 Dell-Precision-T7910 kernel: integrity: Loading X.509 certificate: UEFI:db
Jun 08 19:46:57 Dell-Precision-T7910 kernel: integrity: Loaded X.509 cert 'Microsoft Windows Production PCA 2011: a92902398e16c49778cd90f99e4f9ae17c55af53'
Jun 08 19:46:57 Dell-Precision-T7910 kernel: integrity: Loading X.509 certificate: UEFI:db
Jun 08 19:46:57 Dell-Precision-T7910 kernel: integrity: Loaded X.509 cert 'Microsoft Corporation UEFI CA 2011: 13adbf4309bd82709c8cd54f316ed522988a1bd4'
Jun 08 19:46:57 Dell-Precision-T7910 kernel: integrity: Revoking X.509 certificate: UEFI:dbx
Jun 08 19:46:57 Dell-Precision-T7910 kernel: blacklist: Revoked X.509 cert 'Microsoft Windows PCA 2010: d14fa98a0708cef4241898e500fff3d6791d37bc'
Jun 08 19:46:57 Dell-Precision-T7910 kernel: integrity: Loading X.509 certificate: UEFI:MokListRT (MOKvar table)
Jun 08 19:46:57 Dell-Precision-T7910 kernel: integrity: Loaded X.509 cert 'Canonical Ltd. Master Certificate Authority: ad91990bc22ab1f517048c23b6655a268e345a63'
Jun 08 19:46:57 Dell-Precision-T7910 kernel: Loading compiled-in module X.509 certificates
Jun 08 19:46:57 Dell-Precision-T7910 kernel: Loaded X.509 cert 'Build time autogenerated kernel key: eacc35b2e80f3dd8451ab47685c1ca5befdbe0e2'
Jun 08 19:46:57 Dell-Precision-T7910 kernel: ima: Allocated hash algorithm: sha1
Jun 08 19:46:57 Dell-Precision-T7910 kernel: ima: No architecture policies found
Jun 08 19:46:57 Dell-Precision-T7910 kernel: evm: Initialising EVM extended attributes:
Jun 08 19:46:57 Dell-Precision-T7910 kernel: evm: security.selinux
Jun 08 19:46:57 Dell-Precision-T7910 kernel: evm: security.SMACK64
Jun 08 19:46:57 Dell-Precision-T7910 kernel: evm: security.SMACK64EXEC
Jun 08 19:46:57 Dell-Precision-T7910 kernel: evm: security.SMACK64TRANSMUTE
Jun 08 19:46:57 Dell-Precision-T7910 kernel: evm: security.SMACK64MMAP
Jun 08 19:46:57 Dell-Precision-T7910 kernel: evm: security.apparmor
Jun 08 19:46:57 Dell-Precision-T7910 kernel: evm: security.ima
Jun 08 19:46:57 Dell-Precision-T7910 kernel: evm: security.capability
Jun 08 19:46:57 Dell-Precision-T7910 kernel: evm: HMAC attrs: 0x1
Jun 08 19:46:57 Dell-Precision-T7910 kernel: PM:   Magic number: 10:745:796
Jun 08 19:46:57 Dell-Precision-T7910 kernel: acpi LNXCPU:7c: hash matches
Jun 08 19:46:57 Dell-Precision-T7910 kernel: RAS: Correctable Errors collector initialized.
Jun 08 19:46:57 Dell-Precision-T7910 kernel: Freeing unused decrypted memory: 2036K
Jun 08 19:46:57 Dell-Precision-T7910 kernel: Freeing unused kernel image (initmem) memory: 2900K
Jun 08 19:46:57 Dell-Precision-T7910 kernel: Write protecting the kernel read-only data: 30720k
Jun 08 19:46:57 Dell-Precision-T7910 kernel: Freeing unused kernel image (text/rodata gap) memory: 2036K
Jun 08 19:46:57 Dell-Precision-T7910 kernel: Freeing unused kernel image (rodata/data gap) memory: 1788K
Jun 08 19:46:57 Dell-Precision-T7910 kernel: x86/mm: Checked W+X mappings: passed, no W+X pages found.
Jun 08 19:46:57 Dell-Precision-T7910 kernel: x86/mm: Checking user space page tables
Jun 08 19:46:57 Dell-Precision-T7910 kernel: x86/mm: Checked W+X mappings: passed, no W+X pages found.
Jun 08 19:46:57 Dell-Precision-T7910 kernel: Run /init as init process
Jun 08 19:46:57 Dell-Precision-T7910 kernel:   with arguments:
Jun 08 19:46:57 Dell-Precision-T7910 kernel:     /init
Jun 08 19:46:57 Dell-Precision-T7910 kernel:   with environment:
Jun 08 19:46:57 Dell-Precision-T7910 kernel:     HOME=/
Jun 08 19:46:57 Dell-Precision-T7910 kernel:     TERM=linux
Jun 08 19:46:57 Dell-Precision-T7910 kernel:     BOOT_IMAGE=/boot/vmlinuz-5.13.0-48-generic
Jun 08 19:46:57 Dell-Precision-T7910 kernel: usb 1-1: new high-speed USB device number 2 using ehci-pci
Jun 08 19:46:57 Dell-Precision-T7910 kernel: usb 2-1: new high-speed USB device number 2 using ehci-pci
Jun 08 19:46:57 Dell-Precision-T7910 kernel: dca service started, version 1.12.1
Jun 08 19:46:57 Dell-Precision-T7910 kernel: xhci_hcd 0000:00:14.0: xHCI Host Controller
Jun 08 19:46:57 Dell-Precision-T7910 kernel: xhci_hcd 0000:00:14.0: new USB bus registered, assigned bus number 3
Jun 08 19:46:57 Dell-Precision-T7910 kernel: xhci_hcd 0000:00:14.0: hcc params 0x200077c1 hci version 0x100 quirks 0x0000000000009810
Jun 08 19:46:57 Dell-Precision-T7910 kernel: e1000e: Intel(R) PRO/1000 Network Driver
Jun 08 19:46:57 Dell-Precision-T7910 kernel: xhci_hcd 0000:00:14.0: xHCI Host Controller
Jun 08 19:46:57 Dell-Precision-T7910 kernel: mpt3sas version 38.100.00.00 loaded
Jun 08 19:46:57 Dell-Precision-T7910 kernel: e1000e: Copyright(c) 1999 - 2015 Intel Corporation.
Jun 08 19:46:57 Dell-Precision-T7910 kernel: xhci_hcd 0000:00:14.0: new USB bus registered, assigned bus number 4
Jun 08 19:46:57 Dell-Precision-T7910 kernel: xhci_hcd 0000:00:14.0: Host supports USB 3.0 SuperSpeed
Jun 08 19:46:57 Dell-Precision-T7910 kernel: usb usb3: New USB device found, idVendor=1d6b, idProduct=0002, bcdDevice= 5.13
Jun 08 19:46:57 Dell-Precision-T7910 kernel: usb 1-1: New USB device found, idVendor=8087, idProduct=800a, bcdDevice= 0.05
Jun 08 19:46:57 Dell-Precision-T7910 kernel: usb usb3: New USB device strings: Mfr=3, Product=2, SerialNumber=1
Jun 08 19:46:57 Dell-Precision-T7910 kernel: usb 1-1: New USB device strings: Mfr=0, Product=0, SerialNumber=0
Jun 08 19:46:57 Dell-Precision-T7910 kernel: usb usb3: Product: xHCI Host Controller
Jun 08 19:46:57 Dell-Precision-T7910 kernel: usb usb3: Manufacturer: Linux 5.13.0-48-generic xhci-hcd
Jun 08 19:46:57 Dell-Precision-T7910 kernel: hub 1-1:1.0: USB hub found
Jun 08 19:46:57 Dell-Precision-T7910 kernel: usb usb3: SerialNumber: 0000:00:14.0
Jun 08 19:46:57 Dell-Precision-T7910 kernel: i801_smbus 0000:00:1f.3: enabling device (0000 -> 0003)
Jun 08 19:46:57 Dell-Precision-T7910 kernel: hub 1-1:1.0: 6 ports detected
Jun 08 19:46:57 Dell-Precision-T7910 kernel: i801_smbus 0000:00:1f.3: SMBus using PCI interrupt
Jun 08 19:46:57 Dell-Precision-T7910 kernel: igb: Intel(R) Gigabit Ethernet Network Driver
Jun 08 19:46:57 Dell-Precision-T7910 kernel: igb: Copyright (c) 2007-2014 Intel Corporation.
Jun 08 19:46:57 Dell-Precision-T7910 kernel: usb 2-1: New USB device found, idVendor=8087, idProduct=8002, bcdDevice= 0.05
Jun 08 19:46:57 Dell-Precision-T7910 kernel: ahci 0000:00:1f.2: version 3.0
Jun 08 19:46:57 Dell-Precision-T7910 kernel: usb 2-1: New USB device strings: Mfr=0, Product=0, SerialNumber=0
Jun 08 19:46:57 Dell-Precision-T7910 kernel: ahci 0000:00:1f.2: AHCI 0001.0300 32 slots 6 ports 6 Gbps 0x1 impl SATA mode
Jun 08 19:46:57 Dell-Precision-T7910 kernel: hub 2-1:1.0: USB hub found
Jun 08 19:46:57 Dell-Precision-T7910 kernel: ahci 0000:00:1f.2: flags: 64bit ncq pm led clo pio slum part ems apst 
Jun 08 19:46:57 Dell-Precision-T7910 kernel: hub 2-1:1.0: 8 ports detected
Jun 08 19:46:57 Dell-Precision-T7910 kernel: i2c i2c-0: 4/16 memory slots populated (from DMI)
Jun 08 19:46:57 Dell-Precision-T7910 kernel: i2c i2c-0: Systems with more than 4 memory slots not supported yet, not instantiating SPD
Jun 08 19:46:57 Dell-Precision-T7910 kernel: hub 3-0:1.0: USB hub found
Jun 08 19:46:57 Dell-Precision-T7910 kernel: hub 3-0:1.0: 15 ports detected
Jun 08 19:46:57 Dell-Precision-T7910 kernel: scsi host0: ahci
Jun 08 19:46:57 Dell-Precision-T7910 kernel: scsi host1: ahci
Jun 08 19:46:57 Dell-Precision-T7910 kernel: usb usb4: New USB device found, idVendor=1d6b, idProduct=0003, bcdDevice= 5.13
Jun 08 19:46:57 Dell-Precision-T7910 kernel: usb usb4: New USB device strings: Mfr=3, Product=2, SerialNumber=1
Jun 08 19:46:57 Dell-Precision-T7910 kernel: usb usb4: Product: xHCI Host Controller
Jun 08 19:46:57 Dell-Precision-T7910 kernel: usb usb4: Manufacturer: Linux 5.13.0-48-generic xhci-hcd
Jun 08 19:46:57 Dell-Precision-T7910 kernel: usb usb4: SerialNumber: 0000:00:14.0
Jun 08 19:46:57 Dell-Precision-T7910 kernel: e1000e 0000:00:19.0: Interrupt Throttling Rate (ints/sec) set to dynamic conservative mode
Jun 08 19:46:57 Dell-Precision-T7910 kernel: scsi host2: ahci
Jun 08 19:46:57 Dell-Precision-T7910 kernel: hub 4-0:1.0: USB hub found
Jun 08 19:46:57 Dell-Precision-T7910 kernel: mpt3sas_cm0: 63 BIT PCI BUS DMA ADDRESSING SUPPORTED, total mem (32800144 kB)
Jun 08 19:46:57 Dell-Precision-T7910 kernel: scsi host4: ahci
Jun 08 19:46:57 Dell-Precision-T7910 kernel: hub 4-0:1.0: 6 ports detected
Jun 08 19:46:57 Dell-Precision-T7910 kernel: scsi host5: ahci
Jun 08 19:46:57 Dell-Precision-T7910 kernel: scsi host6: ahci
Jun 08 19:46:57 Dell-Precision-T7910 kernel: ata1: SATA max UDMA/133 abar m2048@0xf7436000 port 0xf7436100 irq 37
Jun 08 19:46:57 Dell-Precision-T7910 kernel: ata2: DUMMY
Jun 08 19:46:57 Dell-Precision-T7910 kernel: ata3: DUMMY
Jun 08 19:46:57 Dell-Precision-T7910 kernel: ata4: DUMMY
Jun 08 19:46:57 Dell-Precision-T7910 kernel: ata5: DUMMY
Jun 08 19:46:57 Dell-Precision-T7910 kernel: ata6: DUMMY
Jun 08 19:46:57 Dell-Precision-T7910 kernel: pps pps0: new PPS source ptp0
Jun 08 19:46:57 Dell-Precision-T7910 kernel: igb 0000:09:00.0: added PHC on eth0
Jun 08 19:46:57 Dell-Precision-T7910 kernel: igb 0000:09:00.0: Intel(R) Gigabit Ethernet Network Connection
Jun 08 19:46:57 Dell-Precision-T7910 kernel: igb 0000:09:00.0: eth0: (PCIe:2.5Gb/s:Width x1) 34:17:eb:ce:6f:a4
Jun 08 19:46:57 Dell-Precision-T7910 kernel: igb 0000:09:00.0: eth0: PBA No: 000300-000
Jun 08 19:46:57 Dell-Precision-T7910 kernel: igb 0000:09:00.0: Using MSI-X interrupts. 4 rx queue(s), 4 tx queue(s)
Jun 08 19:46:57 Dell-Precision-T7910 kernel: e1000e 0000:00:19.0 0000:00:19.0 (uninitialized): registered PHC clock
Jun 08 19:46:57 Dell-Precision-T7910 kernel: mpt3sas_cm0: CurrentHostPageSize is 0: Setting default host page size to 4k
Jun 08 19:46:57 Dell-Precision-T7910 kernel: mpt3sas_cm0: MSI-X vectors supported: 96
Jun 08 19:46:57 Dell-Precision-T7910 kernel:          no of cores: 16, max_msix_vectors: -1
Jun 08 19:46:57 Dell-Precision-T7910 kernel: mpt3sas_cm0:  0 16
Jun 08 19:46:57 Dell-Precision-T7910 kernel: mpt3sas_cm0: High IOPs queues : disabled
Jun 08 19:46:57 Dell-Precision-T7910 kernel: mpt3sas0-msix0: PCI-MSI-X enabled: IRQ 45
Jun 08 19:46:57 Dell-Precision-T7910 kernel: mpt3sas0-msix1: PCI-MSI-X enabled: IRQ 46
Jun 08 19:46:57 Dell-Precision-T7910 kernel: mpt3sas0-msix2: PCI-MSI-X enabled: IRQ 47
Jun 08 19:46:57 Dell-Precision-T7910 kernel: mpt3sas0-msix3: PCI-MSI-X enabled: IRQ 50
Jun 08 19:46:57 Dell-Precision-T7910 kernel: mpt3sas0-msix4: PCI-MSI-X enabled: IRQ 51
Jun 08 19:46:57 Dell-Precision-T7910 kernel: mpt3sas0-msix5: PCI-MSI-X enabled: IRQ 52
Jun 08 19:46:57 Dell-Precision-T7910 kernel: mpt3sas0-msix6: PCI-MSI-X enabled: IRQ 53
Jun 08 19:46:57 Dell-Precision-T7910 kernel: mpt3sas0-msix7: PCI-MSI-X enabled: IRQ 54
Jun 08 19:46:57 Dell-Precision-T7910 kernel: mpt3sas0-msix8: PCI-MSI-X enabled: IRQ 55
Jun 08 19:46:57 Dell-Precision-T7910 kernel: mpt3sas0-msix9: PCI-MSI-X enabled: IRQ 56
Jun 08 19:46:57 Dell-Precision-T7910 kernel: mpt3sas0-msix10: PCI-MSI-X enabled: IRQ 57
Jun 08 19:46:57 Dell-Precision-T7910 kernel: mpt3sas0-msix11: PCI-MSI-X enabled: IRQ 58
Jun 08 19:46:57 Dell-Precision-T7910 kernel: mpt3sas0-msix12: PCI-MSI-X enabled: IRQ 59
Jun 08 19:46:57 Dell-Precision-T7910 kernel: mpt3sas0-msix13: PCI-MSI-X enabled: IRQ 60
Jun 08 19:46:57 Dell-Precision-T7910 kernel: mpt3sas0-msix14: PCI-MSI-X enabled: IRQ 61
Jun 08 19:46:57 Dell-Precision-T7910 kernel: mpt3sas0-msix15: PCI-MSI-X enabled: IRQ 62
Jun 08 19:46:57 Dell-Precision-T7910 kernel: mpt3sas_cm0: iomem(0x00000000f2100000), mapped(0x000000009361eb61), size(65536)
Jun 08 19:46:57 Dell-Precision-T7910 kernel: mpt3sas_cm0: ioport(0x000000000000e000), size(256)
Jun 08 19:46:57 Dell-Precision-T7910 kernel: e1000e 0000:00:19.0 eth1: (PCI Express:2.5GT/s:Width x1) 34:17:eb:ce:6f:a3
Jun 08 19:46:57 Dell-Precision-T7910 kernel: e1000e 0000:00:19.0 eth1: Intel(R) PRO/1000 Network Connection
Jun 08 19:46:57 Dell-Precision-T7910 kernel: e1000e 0000:00:19.0 eth1: MAC: 11, PHY: 12, PBA No: FFFFFF-0FF
Jun 08 19:46:57 Dell-Precision-T7910 kernel: mpt3sas_cm0: CurrentHostPageSize is 0: Setting default host page size to 4k
Jun 08 19:46:57 Dell-Precision-T7910 kernel: mpt3sas_cm0: sending diag reset !!
Jun 08 19:46:57 Dell-Precision-T7910 kernel: tsc: Refined TSC clocksource calibration: 2593.992 MHz
Jun 08 19:46:57 Dell-Precision-T7910 kernel: clocksource: tsc: mask: 0xffffffffffffffff max_cycles: 0x25641074d3b, max_idle_ns: 440795244898 ns
Jun 08 19:46:57 Dell-Precision-T7910 kernel: clocksource: Switched to clocksource tsc
Jun 08 19:46:57 Dell-Precision-T7910 kernel: usb 3-6: new low-speed USB device number 2 using xhci_hcd
Jun 08 19:46:57 Dell-Precision-T7910 kernel: ata1: SATA link up 1.5 Gbps (SStatus 113 SControl 300)
Jun 08 19:46:57 Dell-Precision-T7910 kernel: ata1.00: ATAPI: PLDS DVD+/-RW DS-8ABSH, AD11, max UDMA/100
Jun 08 19:46:57 Dell-Precision-T7910 kernel: ata1.00: configured for UDMA/100
Jun 08 19:46:57 Dell-Precision-T7910 kernel: scsi 0:0:0:0: CD-ROM            PLDS     DVD+-RW DS-8ABSH AD11 PQ: 0 ANSI: 5
Jun 08 19:46:57 Dell-Precision-T7910 kernel: sr 0:0:0:0: [sr0] scsi3-mmc drive: 24x/24x writer dvd-ram cd/rw xa/form2 cdda tray
Jun 08 19:46:57 Dell-Precision-T7910 kernel: cdrom: Uniform CD-ROM driver Revision: 3.20
Jun 08 19:46:57 Dell-Precision-T7910 kernel: usb 3-6: New USB device found, idVendor=045e, idProduct=07f8, bcdDevice= 3.00
Jun 08 19:46:57 Dell-Precision-T7910 kernel: usb 3-6: New USB device strings: Mfr=1, Product=2, SerialNumber=0
Jun 08 19:46:57 Dell-Precision-T7910 kernel: usb 3-6: Product: Wired Keyboard 600
Jun 08 19:46:57 Dell-Precision-T7910 kernel: usb 3-6: Manufacturer: Microsoft
Jun 08 19:46:57 Dell-Precision-T7910 kernel: sr 0:0:0:0: Attached scsi CD-ROM sr0
Jun 08 19:46:57 Dell-Precision-T7910 kernel: sr 0:0:0:0: Attached scsi generic sg0 type 5
Jun 08 19:46:57 Dell-Precision-T7910 kernel: e1000e 0000:00:19.0 enp0s25: renamed from eth1
Jun 08 19:46:57 Dell-Precision-T7910 kernel: igb 0000:09:00.0 enp9s0: renamed from eth0
Jun 08 19:46:57 Dell-Precision-T7910 kernel: usb 3-7: new low-speed USB device number 3 using xhci_hcd
Jun 08 19:46:57 Dell-Precision-T7910 kernel: usb 3-7: New USB device found, idVendor=30fa, idProduct=0400, bcdDevice= 1.00
Jun 08 19:46:57 Dell-Precision-T7910 kernel: usb 3-7: New USB device strings: Mfr=0, Product=1, SerialNumber=0
Jun 08 19:46:57 Dell-Precision-T7910 kernel: usb 3-7: Product: USB OPTICAL MOUSE 
Jun 08 19:46:57 Dell-Precision-T7910 kernel: usb 3-10: new high-speed USB device number 4 using xhci_hcd
Jun 08 19:46:57 Dell-Precision-T7910 kernel: usb 3-10: New USB device found, idVendor=0bda, idProduct=0184, bcdDevice=84.13
Jun 08 19:46:57 Dell-Precision-T7910 kernel: usb 3-10: New USB device strings: Mfr=1, Product=2, SerialNumber=3
Jun 08 19:46:57 Dell-Precision-T7910 kernel: usb 3-10: Product: USB2.0-CRW
Jun 08 19:46:57 Dell-Precision-T7910 kernel: usb 3-10: Manufacturer: Generic
Jun 08 19:46:57 Dell-Precision-T7910 kernel: usb 3-10: SerialNumber: 20100818841300000
Jun 08 19:46:57 Dell-Precision-T7910 kernel: hid: raw HID events driver (C) Jiri Kosina
Jun 08 19:46:57 Dell-Precision-T7910 kernel: usbcore: registered new interface driver usb-storage
Jun 08 19:46:57 Dell-Precision-T7910 kernel: usbcore: registered new interface driver usbhid
Jun 08 19:46:57 Dell-Precision-T7910 kernel: usbhid: USB HID core driver
Jun 08 19:46:57 Dell-Precision-T7910 kernel: input: Microsoft Wired Keyboard 600 as /devices/pci0000:00/0000:00:14.0/usb3/3-6/3-6:1.0/0003:045E:07F8.0001/input/input2
Jun 08 19:46:57 Dell-Precision-T7910 kernel: usbcore: registered new interface driver uas
Jun 08 19:46:57 Dell-Precision-T7910 kernel: ums-realtek 3-10:1.0: USB Mass Storage device detected
Jun 08 19:46:57 Dell-Precision-T7910 kernel: scsi host7: usb-storage 3-10:1.0
Jun 08 19:46:57 Dell-Precision-T7910 kernel: usbcore: registered new interface driver ums-realtek
Jun 08 19:46:57 Dell-Precision-T7910 kernel: hid-generic 0003:045E:07F8.0001: input,hidraw0: USB HID v1.11 Keyboard [Microsoft Wired Keyboard 600] on usb-0000:00:14.0-6/input0
